// Jest Snapshot v1, https://goo.gl/fbAQLP

exports[`snapshot test: all alarms for ElasticsearchCfnDomain 1`] = `
Object {
  "Parameters": Object {
    "BootstrapVersion": Object {
      "Default": "/cdk-bootstrap/hnb659fds/version",
      "Description": "Version of the CDK Bootstrap resources in this environment, automatically retrieved from SSM Parameter Store. [cdk:skip]",
      "Type": "AWS::SSM::Parameter::Value<String>",
    },
  },
  "Resources": Object {
    "ElasticsearchCfnDomain": Object {
      "Properties": Object {
        "DomainName": "es-cfn-domain",
      },
      "Type": "AWS::Elasticsearch::Domain",
    },
    "ElasticsearchDomain54566C07": Object {
      "DeletionPolicy": "Retain",
      "Properties": Object {
        "CognitoOptions": Object {
          "Enabled": false,
        },
        "DomainEndpointOptions": Object {
          "EnforceHTTPS": false,
          "TLSSecurityPolicy": "Policy-Min-TLS-1-0-2019-07",
        },
        "DomainName": "es-domain",
        "EBSOptions": Object {
          "EBSEnabled": true,
          "VolumeSize": 10,
          "VolumeType": "gp2",
        },
        "ElasticsearchClusterConfig": Object {
          "DedicatedMasterEnabled": false,
          "InstanceCount": 1,
          "InstanceType": "r5.large.elasticsearch",
          "ZoneAwarenessEnabled": false,
        },
        "ElasticsearchVersion": "7.7",
        "EncryptionAtRestOptions": Object {
          "Enabled": false,
        },
        "LogPublishingOptions": Object {},
        "NodeToNodeEncryptionOptions": Object {
          "Enabled": false,
        },
      },
      "Type": "AWS::Elasticsearch::Domain",
      "UpdateReplacePolicy": "Retain",
    },
    "OpenSearchCfnDomain": Object {
      "Properties": Object {
        "DomainName": "os-cfn-domain",
      },
      "Type": "AWS::OpenSearchService::Domain",
    },
    "OpenSearchDomain85D65221": Object {
      "DeletionPolicy": "Retain",
      "Properties": Object {
        "ClusterConfig": Object {
          "DedicatedMasterEnabled": false,
          "InstanceCount": 1,
          "InstanceType": "r5.large.search",
          "ZoneAwarenessEnabled": false,
        },
        "DomainEndpointOptions": Object {
          "EnforceHTTPS": false,
          "TLSSecurityPolicy": "Policy-Min-TLS-1-0-2019-07",
        },
        "DomainName": "os-domain",
        "EBSOptions": Object {
          "EBSEnabled": true,
          "VolumeSize": 10,
          "VolumeType": "gp2",
        },
        "EncryptionAtRestOptions": Object {
          "Enabled": false,
        },
        "EngineVersion": "OpenSearch_1.0",
        "LogPublishingOptions": Object {},
        "NodeToNodeEncryptionOptions": Object {
          "Enabled": false,
        },
      },
      "Type": "AWS::OpenSearchService::Domain",
      "UpdateReplacePolicy": "Retain",
    },
  },
  "Rules": Object {
    "CheckBootstrapVersion": Object {
      "Assertions": Array [
        Object {
          "Assert": Object {
            "Fn::Not": Array [
              Object {
                "Fn::Contains": Array [
                  Array [
                    "1",
                    "2",
                    "3",
                    "4",
                    "5",
                  ],
                  Object {
                    "Ref": "BootstrapVersion",
                  },
                ],
              },
            ],
          },
          "AssertDescription": "CDK bootstrap stack version 6 required. Please run 'cdk bootstrap' with a recent version of the CDK CLI.",
        },
      ],
    },
  },
}
`;

exports[`snapshot test: all alarms for ElasticsearchDomain 1`] = `
Object {
  "Parameters": Object {
    "BootstrapVersion": Object {
      "Default": "/cdk-bootstrap/hnb659fds/version",
      "Description": "Version of the CDK Bootstrap resources in this environment, automatically retrieved from SSM Parameter Store. [cdk:skip]",
      "Type": "AWS::SSM::Parameter::Value<String>",
    },
  },
  "Resources": Object {
    "ElasticsearchCfnDomain": Object {
      "Properties": Object {
        "DomainName": "es-cfn-domain",
      },
      "Type": "AWS::Elasticsearch::Domain",
    },
    "ElasticsearchDomain54566C07": Object {
      "DeletionPolicy": "Retain",
      "Properties": Object {
        "CognitoOptions": Object {
          "Enabled": false,
        },
        "DomainEndpointOptions": Object {
          "EnforceHTTPS": false,
          "TLSSecurityPolicy": "Policy-Min-TLS-1-0-2019-07",
        },
        "DomainName": "es-domain",
        "EBSOptions": Object {
          "EBSEnabled": true,
          "VolumeSize": 10,
          "VolumeType": "gp2",
        },
        "ElasticsearchClusterConfig": Object {
          "DedicatedMasterEnabled": false,
          "InstanceCount": 1,
          "InstanceType": "r5.large.elasticsearch",
          "ZoneAwarenessEnabled": false,
        },
        "ElasticsearchVersion": "7.7",
        "EncryptionAtRestOptions": Object {
          "Enabled": false,
        },
        "LogPublishingOptions": Object {},
        "NodeToNodeEncryptionOptions": Object {
          "Enabled": false,
        },
      },
      "Type": "AWS::Elasticsearch::Domain",
      "UpdateReplacePolicy": "Retain",
    },
    "OpenSearchCfnDomain": Object {
      "Properties": Object {
        "DomainName": "os-cfn-domain",
      },
      "Type": "AWS::OpenSearchService::Domain",
    },
    "OpenSearchDomain85D65221": Object {
      "DeletionPolicy": "Retain",
      "Properties": Object {
        "ClusterConfig": Object {
          "DedicatedMasterEnabled": false,
          "InstanceCount": 1,
          "InstanceType": "r5.large.search",
          "ZoneAwarenessEnabled": false,
        },
        "DomainEndpointOptions": Object {
          "EnforceHTTPS": false,
          "TLSSecurityPolicy": "Policy-Min-TLS-1-0-2019-07",
        },
        "DomainName": "os-domain",
        "EBSOptions": Object {
          "EBSEnabled": true,
          "VolumeSize": 10,
          "VolumeType": "gp2",
        },
        "EncryptionAtRestOptions": Object {
          "Enabled": false,
        },
        "EngineVersion": "OpenSearch_1.0",
        "LogPublishingOptions": Object {},
        "NodeToNodeEncryptionOptions": Object {
          "Enabled": false,
        },
      },
      "Type": "AWS::OpenSearchService::Domain",
      "UpdateReplacePolicy": "Retain",
    },
  },
  "Rules": Object {
    "CheckBootstrapVersion": Object {
      "Assertions": Array [
        Object {
          "Assert": Object {
            "Fn::Not": Array [
              Object {
                "Fn::Contains": Array [
                  Array [
                    "1",
                    "2",
                    "3",
                    "4",
                    "5",
                  ],
                  Object {
                    "Ref": "BootstrapVersion",
                  },
                ],
              },
            ],
          },
          "AssertDescription": "CDK bootstrap stack version 6 required. Please run 'cdk bootstrap' with a recent version of the CDK CLI.",
        },
      ],
    },
  },
}
`;

exports[`snapshot test: all alarms for OpenSearchCfnDomain 1`] = `
Object {
  "Parameters": Object {
    "BootstrapVersion": Object {
      "Default": "/cdk-bootstrap/hnb659fds/version",
      "Description": "Version of the CDK Bootstrap resources in this environment, automatically retrieved from SSM Parameter Store. [cdk:skip]",
      "Type": "AWS::SSM::Parameter::Value<String>",
    },
  },
  "Resources": Object {
    "ElasticsearchCfnDomain": Object {
      "Properties": Object {
        "DomainName": "es-cfn-domain",
      },
      "Type": "AWS::Elasticsearch::Domain",
    },
    "ElasticsearchDomain54566C07": Object {
      "DeletionPolicy": "Retain",
      "Properties": Object {
        "CognitoOptions": Object {
          "Enabled": false,
        },
        "DomainEndpointOptions": Object {
          "EnforceHTTPS": false,
          "TLSSecurityPolicy": "Policy-Min-TLS-1-0-2019-07",
        },
        "DomainName": "es-domain",
        "EBSOptions": Object {
          "EBSEnabled": true,
          "VolumeSize": 10,
          "VolumeType": "gp2",
        },
        "ElasticsearchClusterConfig": Object {
          "DedicatedMasterEnabled": false,
          "InstanceCount": 1,
          "InstanceType": "r5.large.elasticsearch",
          "ZoneAwarenessEnabled": false,
        },
        "ElasticsearchVersion": "7.7",
        "EncryptionAtRestOptions": Object {
          "Enabled": false,
        },
        "LogPublishingOptions": Object {},
        "NodeToNodeEncryptionOptions": Object {
          "Enabled": false,
        },
      },
      "Type": "AWS::Elasticsearch::Domain",
      "UpdateReplacePolicy": "Retain",
    },
    "OpenSearchCfnDomain": Object {
      "Properties": Object {
        "DomainName": "os-cfn-domain",
      },
      "Type": "AWS::OpenSearchService::Domain",
    },
    "OpenSearchDomain85D65221": Object {
      "DeletionPolicy": "Retain",
      "Properties": Object {
        "ClusterConfig": Object {
          "DedicatedMasterEnabled": false,
          "InstanceCount": 1,
          "InstanceType": "r5.large.search",
          "ZoneAwarenessEnabled": false,
        },
        "DomainEndpointOptions": Object {
          "EnforceHTTPS": false,
          "TLSSecurityPolicy": "Policy-Min-TLS-1-0-2019-07",
        },
        "DomainName": "os-domain",
        "EBSOptions": Object {
          "EBSEnabled": true,
          "VolumeSize": 10,
          "VolumeType": "gp2",
        },
        "EncryptionAtRestOptions": Object {
          "Enabled": false,
        },
        "EngineVersion": "OpenSearch_1.0",
        "LogPublishingOptions": Object {},
        "NodeToNodeEncryptionOptions": Object {
          "Enabled": false,
        },
      },
      "Type": "AWS::OpenSearchService::Domain",
      "UpdateReplacePolicy": "Retain",
    },
  },
  "Rules": Object {
    "CheckBootstrapVersion": Object {
      "Assertions": Array [
        Object {
          "Assert": Object {
            "Fn::Not": Array [
              Object {
                "Fn::Contains": Array [
                  Array [
                    "1",
                    "2",
                    "3",
                    "4",
                    "5",
                  ],
                  Object {
                    "Ref": "BootstrapVersion",
                  },
                ],
              },
            ],
          },
          "AssertDescription": "CDK bootstrap stack version 6 required. Please run 'cdk bootstrap' with a recent version of the CDK CLI.",
        },
      ],
    },
  },
}
`;

exports[`snapshot test: all alarms for OpenSearchDomain 1`] = `
Object {
  "Parameters": Object {
    "BootstrapVersion": Object {
      "Default": "/cdk-bootstrap/hnb659fds/version",
      "Description": "Version of the CDK Bootstrap resources in this environment, automatically retrieved from SSM Parameter Store. [cdk:skip]",
      "Type": "AWS::SSM::Parameter::Value<String>",
    },
  },
  "Resources": Object {
    "ElasticsearchCfnDomain": Object {
      "Properties": Object {
        "DomainName": "es-cfn-domain",
      },
      "Type": "AWS::Elasticsearch::Domain",
    },
    "ElasticsearchDomain54566C07": Object {
      "DeletionPolicy": "Retain",
      "Properties": Object {
        "CognitoOptions": Object {
          "Enabled": false,
        },
        "DomainEndpointOptions": Object {
          "EnforceHTTPS": false,
          "TLSSecurityPolicy": "Policy-Min-TLS-1-0-2019-07",
        },
        "DomainName": "es-domain",
        "EBSOptions": Object {
          "EBSEnabled": true,
          "VolumeSize": 10,
          "VolumeType": "gp2",
        },
        "ElasticsearchClusterConfig": Object {
          "DedicatedMasterEnabled": false,
          "InstanceCount": 1,
          "InstanceType": "r5.large.elasticsearch",
          "ZoneAwarenessEnabled": false,
        },
        "ElasticsearchVersion": "7.7",
        "EncryptionAtRestOptions": Object {
          "Enabled": false,
        },
        "LogPublishingOptions": Object {},
        "NodeToNodeEncryptionOptions": Object {
          "Enabled": false,
        },
      },
      "Type": "AWS::Elasticsearch::Domain",
      "UpdateReplacePolicy": "Retain",
    },
    "OpenSearchCfnDomain": Object {
      "Properties": Object {
        "DomainName": "os-cfn-domain",
      },
      "Type": "AWS::OpenSearchService::Domain",
    },
    "OpenSearchDomain85D65221": Object {
      "DeletionPolicy": "Retain",
      "Properties": Object {
        "ClusterConfig": Object {
          "DedicatedMasterEnabled": false,
          "InstanceCount": 1,
          "InstanceType": "r5.large.search",
          "ZoneAwarenessEnabled": false,
        },
        "DomainEndpointOptions": Object {
          "EnforceHTTPS": false,
          "TLSSecurityPolicy": "Policy-Min-TLS-1-0-2019-07",
        },
        "DomainName": "os-domain",
        "EBSOptions": Object {
          "EBSEnabled": true,
          "VolumeSize": 10,
          "VolumeType": "gp2",
        },
        "EncryptionAtRestOptions": Object {
          "Enabled": false,
        },
        "EngineVersion": "OpenSearch_1.0",
        "LogPublishingOptions": Object {},
        "NodeToNodeEncryptionOptions": Object {
          "Enabled": false,
        },
      },
      "Type": "AWS::OpenSearchService::Domain",
      "UpdateReplacePolicy": "Retain",
    },
  },
  "Rules": Object {
    "CheckBootstrapVersion": Object {
      "Assertions": Array [
        Object {
          "Assert": Object {
            "Fn::Not": Array [
              Object {
                "Fn::Contains": Array [
                  Array [
                    "1",
                    "2",
                    "3",
                    "4",
                    "5",
                  ],
                  Object {
                    "Ref": "BootstrapVersion",
                  },
                ],
              },
            ],
          },
          "AssertDescription": "CDK bootstrap stack version 6 required. Please run 'cdk bootstrap' with a recent version of the CDK CLI.",
        },
      ],
    },
  },
}
`;

exports[`snapshot test: no alarms for ElasticsearchCfnDomain 1`] = `
Object {
  "Parameters": Object {
    "BootstrapVersion": Object {
      "Default": "/cdk-bootstrap/hnb659fds/version",
      "Description": "Version of the CDK Bootstrap resources in this environment, automatically retrieved from SSM Parameter Store. [cdk:skip]",
      "Type": "AWS::SSM::Parameter::Value<String>",
    },
  },
  "Resources": Object {
    "ElasticsearchCfnDomain": Object {
      "Properties": Object {
        "DomainName": "es-cfn-domain",
      },
      "Type": "AWS::Elasticsearch::Domain",
    },
    "ElasticsearchDomain54566C07": Object {
      "DeletionPolicy": "Retain",
      "Properties": Object {
        "CognitoOptions": Object {
          "Enabled": false,
        },
        "DomainEndpointOptions": Object {
          "EnforceHTTPS": false,
          "TLSSecurityPolicy": "Policy-Min-TLS-1-0-2019-07",
        },
        "DomainName": "es-domain",
        "EBSOptions": Object {
          "EBSEnabled": true,
          "VolumeSize": 10,
          "VolumeType": "gp2",
        },
        "ElasticsearchClusterConfig": Object {
          "DedicatedMasterEnabled": false,
          "InstanceCount": 1,
          "InstanceType": "r5.large.elasticsearch",
          "ZoneAwarenessEnabled": false,
        },
        "ElasticsearchVersion": "7.7",
        "EncryptionAtRestOptions": Object {
          "Enabled": false,
        },
        "LogPublishingOptions": Object {},
        "NodeToNodeEncryptionOptions": Object {
          "Enabled": false,
        },
      },
      "Type": "AWS::Elasticsearch::Domain",
      "UpdateReplacePolicy": "Retain",
    },
    "OpenSearchCfnDomain": Object {
      "Properties": Object {
        "DomainName": "os-cfn-domain",
      },
      "Type": "AWS::OpenSearchService::Domain",
    },
    "OpenSearchDomain85D65221": Object {
      "DeletionPolicy": "Retain",
      "Properties": Object {
        "ClusterConfig": Object {
          "DedicatedMasterEnabled": false,
          "InstanceCount": 1,
          "InstanceType": "r5.large.search",
          "ZoneAwarenessEnabled": false,
        },
        "DomainEndpointOptions": Object {
          "EnforceHTTPS": false,
          "TLSSecurityPolicy": "Policy-Min-TLS-1-0-2019-07",
        },
        "DomainName": "os-domain",
        "EBSOptions": Object {
          "EBSEnabled": true,
          "VolumeSize": 10,
          "VolumeType": "gp2",
        },
        "EncryptionAtRestOptions": Object {
          "Enabled": false,
        },
        "EngineVersion": "OpenSearch_1.0",
        "LogPublishingOptions": Object {},
        "NodeToNodeEncryptionOptions": Object {
          "Enabled": false,
        },
      },
      "Type": "AWS::OpenSearchService::Domain",
      "UpdateReplacePolicy": "Retain",
    },
  },
  "Rules": Object {
    "CheckBootstrapVersion": Object {
      "Assertions": Array [
        Object {
          "Assert": Object {
            "Fn::Not": Array [
              Object {
                "Fn::Contains": Array [
                  Array [
                    "1",
                    "2",
                    "3",
                    "4",
                    "5",
                  ],
                  Object {
                    "Ref": "BootstrapVersion",
                  },
                ],
              },
            ],
          },
          "AssertDescription": "CDK bootstrap stack version 6 required. Please run 'cdk bootstrap' with a recent version of the CDK CLI.",
        },
      ],
    },
  },
}
`;

exports[`snapshot test: no alarms for ElasticsearchDomain 1`] = `
Object {
  "Parameters": Object {
    "BootstrapVersion": Object {
      "Default": "/cdk-bootstrap/hnb659fds/version",
      "Description": "Version of the CDK Bootstrap resources in this environment, automatically retrieved from SSM Parameter Store. [cdk:skip]",
      "Type": "AWS::SSM::Parameter::Value<String>",
    },
  },
  "Resources": Object {
    "ElasticsearchCfnDomain": Object {
      "Properties": Object {
        "DomainName": "es-cfn-domain",
      },
      "Type": "AWS::Elasticsearch::Domain",
    },
    "ElasticsearchDomain54566C07": Object {
      "DeletionPolicy": "Retain",
      "Properties": Object {
        "CognitoOptions": Object {
          "Enabled": false,
        },
        "DomainEndpointOptions": Object {
          "EnforceHTTPS": false,
          "TLSSecurityPolicy": "Policy-Min-TLS-1-0-2019-07",
        },
        "DomainName": "es-domain",
        "EBSOptions": Object {
          "EBSEnabled": true,
          "VolumeSize": 10,
          "VolumeType": "gp2",
        },
        "ElasticsearchClusterConfig": Object {
          "DedicatedMasterEnabled": false,
          "InstanceCount": 1,
          "InstanceType": "r5.large.elasticsearch",
          "ZoneAwarenessEnabled": false,
        },
        "ElasticsearchVersion": "7.7",
        "EncryptionAtRestOptions": Object {
          "Enabled": false,
        },
        "LogPublishingOptions": Object {},
        "NodeToNodeEncryptionOptions": Object {
          "Enabled": false,
        },
      },
      "Type": "AWS::Elasticsearch::Domain",
      "UpdateReplacePolicy": "Retain",
    },
    "OpenSearchCfnDomain": Object {
      "Properties": Object {
        "DomainName": "os-cfn-domain",
      },
      "Type": "AWS::OpenSearchService::Domain",
    },
    "OpenSearchDomain85D65221": Object {
      "DeletionPolicy": "Retain",
      "Properties": Object {
        "ClusterConfig": Object {
          "DedicatedMasterEnabled": false,
          "InstanceCount": 1,
          "InstanceType": "r5.large.search",
          "ZoneAwarenessEnabled": false,
        },
        "DomainEndpointOptions": Object {
          "EnforceHTTPS": false,
          "TLSSecurityPolicy": "Policy-Min-TLS-1-0-2019-07",
        },
        "DomainName": "os-domain",
        "EBSOptions": Object {
          "EBSEnabled": true,
          "VolumeSize": 10,
          "VolumeType": "gp2",
        },
        "EncryptionAtRestOptions": Object {
          "Enabled": false,
        },
        "EngineVersion": "OpenSearch_1.0",
        "LogPublishingOptions": Object {},
        "NodeToNodeEncryptionOptions": Object {
          "Enabled": false,
        },
      },
      "Type": "AWS::OpenSearchService::Domain",
      "UpdateReplacePolicy": "Retain",
    },
  },
  "Rules": Object {
    "CheckBootstrapVersion": Object {
      "Assertions": Array [
        Object {
          "Assert": Object {
            "Fn::Not": Array [
              Object {
                "Fn::Contains": Array [
                  Array [
                    "1",
                    "2",
                    "3",
                    "4",
                    "5",
                  ],
                  Object {
                    "Ref": "BootstrapVersion",
                  },
                ],
              },
            ],
          },
          "AssertDescription": "CDK bootstrap stack version 6 required. Please run 'cdk bootstrap' with a recent version of the CDK CLI.",
        },
      ],
    },
  },
}
`;

exports[`snapshot test: no alarms for OpenSearchCfnDomain 1`] = `
Object {
  "Parameters": Object {
    "BootstrapVersion": Object {
      "Default": "/cdk-bootstrap/hnb659fds/version",
      "Description": "Version of the CDK Bootstrap resources in this environment, automatically retrieved from SSM Parameter Store. [cdk:skip]",
      "Type": "AWS::SSM::Parameter::Value<String>",
    },
  },
  "Resources": Object {
    "ElasticsearchCfnDomain": Object {
      "Properties": Object {
        "DomainName": "es-cfn-domain",
      },
      "Type": "AWS::Elasticsearch::Domain",
    },
    "ElasticsearchDomain54566C07": Object {
      "DeletionPolicy": "Retain",
      "Properties": Object {
        "CognitoOptions": Object {
          "Enabled": false,
        },
        "DomainEndpointOptions": Object {
          "EnforceHTTPS": false,
          "TLSSecurityPolicy": "Policy-Min-TLS-1-0-2019-07",
        },
        "DomainName": "es-domain",
        "EBSOptions": Object {
          "EBSEnabled": true,
          "VolumeSize": 10,
          "VolumeType": "gp2",
        },
        "ElasticsearchClusterConfig": Object {
          "DedicatedMasterEnabled": false,
          "InstanceCount": 1,
          "InstanceType": "r5.large.elasticsearch",
          "ZoneAwarenessEnabled": false,
        },
        "ElasticsearchVersion": "7.7",
        "EncryptionAtRestOptions": Object {
          "Enabled": false,
        },
        "LogPublishingOptions": Object {},
        "NodeToNodeEncryptionOptions": Object {
          "Enabled": false,
        },
      },
      "Type": "AWS::Elasticsearch::Domain",
      "UpdateReplacePolicy": "Retain",
    },
    "OpenSearchCfnDomain": Object {
      "Properties": Object {
        "DomainName": "os-cfn-domain",
      },
      "Type": "AWS::OpenSearchService::Domain",
    },
    "OpenSearchDomain85D65221": Object {
      "DeletionPolicy": "Retain",
      "Properties": Object {
        "ClusterConfig": Object {
          "DedicatedMasterEnabled": false,
          "InstanceCount": 1,
          "InstanceType": "r5.large.search",
          "ZoneAwarenessEnabled": false,
        },
        "DomainEndpointOptions": Object {
          "EnforceHTTPS": false,
          "TLSSecurityPolicy": "Policy-Min-TLS-1-0-2019-07",
        },
        "DomainName": "os-domain",
        "EBSOptions": Object {
          "EBSEnabled": true,
          "VolumeSize": 10,
          "VolumeType": "gp2",
        },
        "EncryptionAtRestOptions": Object {
          "Enabled": false,
        },
        "EngineVersion": "OpenSearch_1.0",
        "LogPublishingOptions": Object {},
        "NodeToNodeEncryptionOptions": Object {
          "Enabled": false,
        },
      },
      "Type": "AWS::OpenSearchService::Domain",
      "UpdateReplacePolicy": "Retain",
    },
  },
  "Rules": Object {
    "CheckBootstrapVersion": Object {
      "Assertions": Array [
        Object {
          "Assert": Object {
            "Fn::Not": Array [
              Object {
                "Fn::Contains": Array [
                  Array [
                    "1",
                    "2",
                    "3",
                    "4",
                    "5",
                  ],
                  Object {
                    "Ref": "BootstrapVersion",
                  },
                ],
              },
            ],
          },
          "AssertDescription": "CDK bootstrap stack version 6 required. Please run 'cdk bootstrap' with a recent version of the CDK CLI.",
        },
      ],
    },
  },
}
`;

exports[`snapshot test: no alarms for OpenSearchDomain 1`] = `
Object {
  "Parameters": Object {
    "BootstrapVersion": Object {
      "Default": "/cdk-bootstrap/hnb659fds/version",
      "Description": "Version of the CDK Bootstrap resources in this environment, automatically retrieved from SSM Parameter Store. [cdk:skip]",
      "Type": "AWS::SSM::Parameter::Value<String>",
    },
  },
  "Resources": Object {
    "ElasticsearchCfnDomain": Object {
      "Properties": Object {
        "DomainName": "es-cfn-domain",
      },
      "Type": "AWS::Elasticsearch::Domain",
    },
    "ElasticsearchDomain54566C07": Object {
      "DeletionPolicy": "Retain",
      "Properties": Object {
        "CognitoOptions": Object {
          "Enabled": false,
        },
        "DomainEndpointOptions": Object {
          "EnforceHTTPS": false,
          "TLSSecurityPolicy": "Policy-Min-TLS-1-0-2019-07",
        },
        "DomainName": "es-domain",
        "EBSOptions": Object {
          "EBSEnabled": true,
          "VolumeSize": 10,
          "VolumeType": "gp2",
        },
        "ElasticsearchClusterConfig": Object {
          "DedicatedMasterEnabled": false,
          "InstanceCount": 1,
          "InstanceType": "r5.large.elasticsearch",
          "ZoneAwarenessEnabled": false,
        },
        "ElasticsearchVersion": "7.7",
        "EncryptionAtRestOptions": Object {
          "Enabled": false,
        },
        "LogPublishingOptions": Object {},
        "NodeToNodeEncryptionOptions": Object {
          "Enabled": false,
        },
      },
      "Type": "AWS::Elasticsearch::Domain",
      "UpdateReplacePolicy": "Retain",
    },
    "OpenSearchCfnDomain": Object {
      "Properties": Object {
        "DomainName": "os-cfn-domain",
      },
      "Type": "AWS::OpenSearchService::Domain",
    },
    "OpenSearchDomain85D65221": Object {
      "DeletionPolicy": "Retain",
      "Properties": Object {
        "ClusterConfig": Object {
          "DedicatedMasterEnabled": false,
          "InstanceCount": 1,
          "InstanceType": "r5.large.search",
          "ZoneAwarenessEnabled": false,
        },
        "DomainEndpointOptions": Object {
          "EnforceHTTPS": false,
          "TLSSecurityPolicy": "Policy-Min-TLS-1-0-2019-07",
        },
        "DomainName": "os-domain",
        "EBSOptions": Object {
          "EBSEnabled": true,
          "VolumeSize": 10,
          "VolumeType": "gp2",
        },
        "EncryptionAtRestOptions": Object {
          "Enabled": false,
        },
        "EngineVersion": "OpenSearch_1.0",
        "LogPublishingOptions": Object {},
        "NodeToNodeEncryptionOptions": Object {
          "Enabled": false,
        },
      },
      "Type": "AWS::OpenSearchService::Domain",
      "UpdateReplacePolicy": "Retain",
    },
  },
  "Rules": Object {
    "CheckBootstrapVersion": Object {
      "Assertions": Array [
        Object {
          "Assert": Object {
            "Fn::Not": Array [
              Object {
                "Fn::Contains": Array [
                  Array [
                    "1",
                    "2",
                    "3",
                    "4",
                    "5",
                  ],
                  Object {
                    "Ref": "BootstrapVersion",
                  },
                ],
              },
            ],
          },
          "AssertDescription": "CDK bootstrap stack version 6 required. Please run 'cdk bootstrap' with a recent version of the CDK CLI.",
        },
      ],
    },
  },
}
`;
