// Jest Snapshot v1, https://goo.gl/fbAQLP

exports[`snapshot test 1`] = `
Object {
  "Parameters": Object {
    "BootstrapVersion": Object {
      "Default": "/cdk-bootstrap/hnb659fds/version",
      "Description": "Version of the CDK Bootstrap resources in this environment, automatically retrieved from SSM Parameter Store. [cdk:skip]",
      "Type": "AWS::SSM::Parameter::Value<String>",
    },
  },
  "Resources": Object {
    "Alarm7103F465": Object {
      "Properties": Object {
        "DashboardBody": "{\\"widgets\\":[]}",
      },
      "Type": "AWS::CloudWatch::Dashboard",
    },
    "Resource": Object {
      "Properties": Object {
        "DashboardBody": Object {
          "Fn::Join": Array [
            "",
            Array [
              "{\\"widgets\\":[{\\"type\\":\\"text\\",\\"width\\":24,\\"height\\":1,\\"x\\":0,\\"y\\":0,\\"properties\\":{\\"markdown\\":\\"### Log Group **[DummyLogGroup](https://eu-west-1.console.aws.amazon.com/cloudwatch/home?region=eu-west-1#logsV2:log-groups/log-group/DummyLogGroup)**\\"}},{\\"type\\":\\"log\\",\\"width\\":18,\\"height\\":10,\\"x\\":0,\\"y\\":1,\\"properties\\":{\\"view\\":\\"table\\",\\"title\\":\\"DummyTitle\\",\\"region\\":\\"",
              Object {
                "Ref": "AWS::Region",
              },
              "\\",\\"query\\":\\"SOURCE 'DummyLogGroup' | fields @timestamp, @logStream, @message\\\\n| filter @message like /DummyPattern/\\\\n| sort @timestamp desc\\\\n| limit 10\\"}},{\\"type\\":\\"metric\\",\\"width\\":6,\\"height\\":10,\\"x\\":18,\\"y\\":1,\\"properties\\":{\\"view\\":\\"timeSeries\\",\\"title\\":\\"Incoming logs\\",\\"region\\":\\"",
              Object {
                "Ref": "AWS::Region",
              },
              "\\",\\"metrics\\":[[\\"AWS/Logs\\",\\"IncomingLogEvents\\",\\"LogGroupName\\",\\"DummyLogGroup\\",{\\"label\\":\\"Logs\\",\\"stat\\":\\"SampleCount\\"}]],\\"yAxis\\":{\\"left\\":{\\"min\\":0,\\"label\\":\\"Count\\",\\"showUnits\\":false}}}}]}",
            ],
          ],
        },
      },
      "Type": "AWS::CloudWatch::Dashboard",
    },
    "Summary68521F81": Object {
      "Properties": Object {
        "DashboardBody": Object {
          "Fn::Join": Array [
            "",
            Array [
              "{\\"widgets\\":[{\\"type\\":\\"text\\",\\"width\\":24,\\"height\\":1,\\"x\\":0,\\"y\\":0,\\"properties\\":{\\"markdown\\":\\"### Log Group **[DummyLogGroup](https://eu-west-1.console.aws.amazon.com/cloudwatch/home?region=eu-west-1#logsV2:log-groups/log-group/DummyLogGroup)**\\"}},{\\"type\\":\\"metric\\",\\"width\\":24,\\"height\\":6,\\"x\\":0,\\"y\\":1,\\"properties\\":{\\"view\\":\\"timeSeries\\",\\"title\\":\\"Incoming logs\\",\\"region\\":\\"",
              Object {
                "Ref": "AWS::Region",
              },
              "\\",\\"metrics\\":[[\\"AWS/Logs\\",\\"IncomingLogEvents\\",\\"LogGroupName\\",\\"DummyLogGroup\\",{\\"label\\":\\"Logs\\",\\"stat\\":\\"SampleCount\\"}]],\\"yAxis\\":{\\"left\\":{\\"min\\":0,\\"label\\":\\"Count\\",\\"showUnits\\":false}}}}]}",
            ],
          ],
        },
      },
      "Type": "AWS::CloudWatch::Dashboard",
    },
  },
  "Rules": Object {
    "CheckBootstrapVersion": Object {
      "Assertions": Array [
        Object {
          "Assert": Object {
            "Fn::Not": Array [
              Object {
                "Fn::Contains": Array [
                  Array [
                    "1",
                    "2",
                    "3",
                    "4",
                    "5",
                  ],
                  Object {
                    "Ref": "BootstrapVersion",
                  },
                ],
              },
            ],
          },
          "AssertDescription": "CDK bootstrap stack version 6 required. Please run 'cdk bootstrap' with a recent version of the CDK CLI.",
        },
      ],
    },
  },
}
`;

exports[`snapshot test: custom limit 1`] = `
Object {
  "Parameters": Object {
    "BootstrapVersion": Object {
      "Default": "/cdk-bootstrap/hnb659fds/version",
      "Description": "Version of the CDK Bootstrap resources in this environment, automatically retrieved from SSM Parameter Store. [cdk:skip]",
      "Type": "AWS::SSM::Parameter::Value<String>",
    },
  },
  "Resources": Object {
    "Alarm7103F465": Object {
      "Properties": Object {
        "DashboardBody": "{\\"widgets\\":[]}",
      },
      "Type": "AWS::CloudWatch::Dashboard",
    },
    "Resource": Object {
      "Properties": Object {
        "DashboardBody": Object {
          "Fn::Join": Array [
            "",
            Array [
              "{\\"widgets\\":[{\\"type\\":\\"text\\",\\"width\\":24,\\"height\\":1,\\"x\\":0,\\"y\\":0,\\"properties\\":{\\"markdown\\":\\"### Log Group **[DummyLogGroup](https://eu-west-1.console.aws.amazon.com/cloudwatch/home?region=eu-west-1#logsV2:log-groups/log-group/DummyLogGroup)**\\"}},{\\"type\\":\\"log\\",\\"width\\":18,\\"height\\":500,\\"x\\":0,\\"y\\":1,\\"properties\\":{\\"view\\":\\"table\\",\\"title\\":\\"Find DummyPattern (limit = 500)\\",\\"region\\":\\"",
              Object {
                "Ref": "AWS::Region",
              },
              "\\",\\"query\\":\\"SOURCE 'DummyLogGroup' | fields @timestamp, @logStream, @message\\\\n| filter @message like /DummyPattern/\\\\n| sort @timestamp desc\\\\n| limit 500\\"}},{\\"type\\":\\"metric\\",\\"width\\":6,\\"height\\":500,\\"x\\":18,\\"y\\":1,\\"properties\\":{\\"view\\":\\"timeSeries\\",\\"title\\":\\"Incoming logs\\",\\"region\\":\\"",
              Object {
                "Ref": "AWS::Region",
              },
              "\\",\\"metrics\\":[[\\"AWS/Logs\\",\\"IncomingLogEvents\\",\\"LogGroupName\\",\\"DummyLogGroup\\",{\\"label\\":\\"Logs\\",\\"stat\\":\\"SampleCount\\"}]],\\"yAxis\\":{\\"left\\":{\\"min\\":0,\\"label\\":\\"Count\\",\\"showUnits\\":false}}}}]}",
            ],
          ],
        },
      },
      "Type": "AWS::CloudWatch::Dashboard",
    },
    "Summary68521F81": Object {
      "Properties": Object {
        "DashboardBody": Object {
          "Fn::Join": Array [
            "",
            Array [
              "{\\"widgets\\":[{\\"type\\":\\"text\\",\\"width\\":24,\\"height\\":1,\\"x\\":0,\\"y\\":0,\\"properties\\":{\\"markdown\\":\\"### Log Group **[DummyLogGroup](https://eu-west-1.console.aws.amazon.com/cloudwatch/home?region=eu-west-1#logsV2:log-groups/log-group/DummyLogGroup)**\\"}},{\\"type\\":\\"metric\\",\\"width\\":24,\\"height\\":6,\\"x\\":0,\\"y\\":1,\\"properties\\":{\\"view\\":\\"timeSeries\\",\\"title\\":\\"Incoming logs\\",\\"region\\":\\"",
              Object {
                "Ref": "AWS::Region",
              },
              "\\",\\"metrics\\":[[\\"AWS/Logs\\",\\"IncomingLogEvents\\",\\"LogGroupName\\",\\"DummyLogGroup\\",{\\"label\\":\\"Logs\\",\\"stat\\":\\"SampleCount\\"}]],\\"yAxis\\":{\\"left\\":{\\"min\\":0,\\"label\\":\\"Count\\",\\"showUnits\\":false}}}}]}",
            ],
          ],
        },
      },
      "Type": "AWS::CloudWatch::Dashboard",
    },
  },
  "Rules": Object {
    "CheckBootstrapVersion": Object {
      "Assertions": Array [
        Object {
          "Assert": Object {
            "Fn::Not": Array [
              Object {
                "Fn::Contains": Array [
                  Array [
                    "1",
                    "2",
                    "3",
                    "4",
                    "5",
                  ],
                  Object {
                    "Ref": "BootstrapVersion",
                  },
                ],
              },
            ],
          },
          "AssertDescription": "CDK bootstrap stack version 6 required. Please run 'cdk bootstrap' with a recent version of the CDK CLI.",
        },
      ],
    },
  },
}
`;

exports[`snapshot test: no pattern 1`] = `
Object {
  "Parameters": Object {
    "BootstrapVersion": Object {
      "Default": "/cdk-bootstrap/hnb659fds/version",
      "Description": "Version of the CDK Bootstrap resources in this environment, automatically retrieved from SSM Parameter Store. [cdk:skip]",
      "Type": "AWS::SSM::Parameter::Value<String>",
    },
  },
  "Resources": Object {
    "Alarm7103F465": Object {
      "Properties": Object {
        "DashboardBody": "{\\"widgets\\":[]}",
      },
      "Type": "AWS::CloudWatch::Dashboard",
    },
    "Resource": Object {
      "Properties": Object {
        "DashboardBody": Object {
          "Fn::Join": Array [
            "",
            Array [
              "{\\"widgets\\":[{\\"type\\":\\"text\\",\\"width\\":24,\\"height\\":1,\\"x\\":0,\\"y\\":0,\\"properties\\":{\\"markdown\\":\\"### Log Group **[DummyLogGroup](https://eu-west-1.console.aws.amazon.com/cloudwatch/home?region=eu-west-1#logsV2:log-groups/log-group/DummyLogGroup)**\\"}},{\\"type\\":\\"metric\\",\\"width\\":24,\\"height\\":5,\\"x\\":0,\\"y\\":1,\\"properties\\":{\\"view\\":\\"timeSeries\\",\\"title\\":\\"Incoming logs\\",\\"region\\":\\"",
              Object {
                "Ref": "AWS::Region",
              },
              "\\",\\"metrics\\":[[\\"AWS/Logs\\",\\"IncomingLogEvents\\",\\"LogGroupName\\",\\"DummyLogGroup\\",{\\"label\\":\\"Logs\\",\\"stat\\":\\"SampleCount\\"}]],\\"yAxis\\":{\\"left\\":{\\"min\\":0,\\"label\\":\\"Count\\",\\"showUnits\\":false}}}}]}",
            ],
          ],
        },
      },
      "Type": "AWS::CloudWatch::Dashboard",
    },
    "Summary68521F81": Object {
      "Properties": Object {
        "DashboardBody": Object {
          "Fn::Join": Array [
            "",
            Array [
              "{\\"widgets\\":[{\\"type\\":\\"text\\",\\"width\\":24,\\"height\\":1,\\"x\\":0,\\"y\\":0,\\"properties\\":{\\"markdown\\":\\"### Log Group **[DummyLogGroup](https://eu-west-1.console.aws.amazon.com/cloudwatch/home?region=eu-west-1#logsV2:log-groups/log-group/DummyLogGroup)**\\"}},{\\"type\\":\\"metric\\",\\"width\\":24,\\"height\\":6,\\"x\\":0,\\"y\\":1,\\"properties\\":{\\"view\\":\\"timeSeries\\",\\"title\\":\\"Incoming logs\\",\\"region\\":\\"",
              Object {
                "Ref": "AWS::Region",
              },
              "\\",\\"metrics\\":[[\\"AWS/Logs\\",\\"IncomingLogEvents\\",\\"LogGroupName\\",\\"DummyLogGroup\\",{\\"label\\":\\"Logs\\",\\"stat\\":\\"SampleCount\\"}]],\\"yAxis\\":{\\"left\\":{\\"min\\":0,\\"label\\":\\"Count\\",\\"showUnits\\":false}}}}]}",
            ],
          ],
        },
      },
      "Type": "AWS::CloudWatch::Dashboard",
    },
  },
  "Rules": Object {
    "CheckBootstrapVersion": Object {
      "Assertions": Array [
        Object {
          "Assert": Object {
            "Fn::Not": Array [
              Object {
                "Fn::Contains": Array [
                  Array [
                    "1",
                    "2",
                    "3",
                    "4",
                    "5",
                  ],
                  Object {
                    "Ref": "BootstrapVersion",
                  },
                ],
              },
            ],
          },
          "AssertDescription": "CDK bootstrap stack version 6 required. Please run 'cdk bootstrap' with a recent version of the CDK CLI.",
        },
      ],
    },
  },
}
`;

exports[`snapshot test: with alarms 1`] = `
Object {
  "Parameters": Object {
    "BootstrapVersion": Object {
      "Default": "/cdk-bootstrap/hnb659fds/version",
      "Description": "Version of the CDK Bootstrap resources in this environment, automatically retrieved from SSM Parameter Store. [cdk:skip]",
      "Type": "AWS::SSM::Parameter::Value<String>",
    },
  },
  "Resources": Object {
    "Alarm7103F465": Object {
      "Properties": Object {
        "DashboardBody": Object {
          "Fn::Join": Array [
            "",
            Array [
              "{\\"widgets\\":[{\\"type\\":\\"metric\\",\\"width\\":6,\\"height\\":4,\\"x\\":0,\\"y\\":0,\\"properties\\":{\\"view\\":\\"timeSeries\\",\\"region\\":\\"",
              Object {
                "Ref": "AWS::Region",
              },
              "\\",\\"annotations\\":{\\"alarms\\":[\\"",
              Object {
                "Fn::GetAtt": Array [
                  "ScopeTestDummyLogGroupUsageCountWarningAE5FF03C",
                  "Arn",
                ],
              },
              "\\"]},\\"yAxis\\":{}}}]}",
            ],
          ],
        },
      },
      "Type": "AWS::CloudWatch::Dashboard",
    },
    "Resource": Object {
      "Properties": Object {
        "DashboardBody": Object {
          "Fn::Join": Array [
            "",
            Array [
              "{\\"widgets\\":[{\\"type\\":\\"text\\",\\"width\\":24,\\"height\\":1,\\"x\\":0,\\"y\\":0,\\"properties\\":{\\"markdown\\":\\"### Log Group **[DummyLogGroup](https://eu-west-1.console.aws.amazon.com/cloudwatch/home?region=eu-west-1#logsV2:log-groups/log-group/DummyLogGroup)**\\"}},{\\"type\\":\\"log\\",\\"width\\":18,\\"height\\":10,\\"x\\":0,\\"y\\":1,\\"properties\\":{\\"view\\":\\"table\\",\\"title\\":\\"Find DummyPattern (limit = 10)\\",\\"region\\":\\"",
              Object {
                "Ref": "AWS::Region",
              },
              "\\",\\"query\\":\\"SOURCE 'DummyLogGroup' | fields @timestamp, @logStream, @message\\\\n| filter @message like /DummyPattern/\\\\n| sort @timestamp desc\\\\n| limit 10\\"}},{\\"type\\":\\"metric\\",\\"width\\":6,\\"height\\":10,\\"x\\":18,\\"y\\":1,\\"properties\\":{\\"view\\":\\"timeSeries\\",\\"title\\":\\"Incoming logs\\",\\"region\\":\\"",
              Object {
                "Ref": "AWS::Region",
              },
              "\\",\\"metrics\\":[[\\"AWS/Logs\\",\\"IncomingLogEvents\\",\\"LogGroupName\\",\\"DummyLogGroup\\",{\\"label\\":\\"Logs\\",\\"stat\\":\\"SampleCount\\"}]],\\"annotations\\":{\\"horizontal\\":[{\\"label\\":\\"Logs < 20 for 3 datapoints within 15 minutes\\",\\"value\\":20,\\"yAxis\\":\\"left\\"}]},\\"yAxis\\":{\\"left\\":{\\"min\\":0,\\"label\\":\\"Count\\",\\"showUnits\\":false}}}}]}",
            ],
          ],
        },
      },
      "Type": "AWS::CloudWatch::Dashboard",
    },
    "ScopeTestDummyLogGroupUsageCountWarningAE5FF03C": Object {
      "Properties": Object {
        "ActionsEnabled": true,
        "AlarmDescription": "The count is too low.",
        "AlarmName": "Test-DummyLogGroup-Usage-Count-Warning",
        "ComparisonOperator": "LessThanThreshold",
        "DatapointsToAlarm": 3,
        "EvaluationPeriods": 3,
        "Metrics": Array [
          Object {
            "Id": "m1",
            "Label": "Logs",
            "MetricStat": Object {
              "Metric": Object {
                "Dimensions": Array [
                  Object {
                    "Name": "LogGroupName",
                    "Value": "DummyLogGroup",
                  },
                ],
                "MetricName": "IncomingLogEvents",
                "Namespace": "AWS/Logs",
              },
              "Period": 300,
              "Stat": "SampleCount",
            },
            "ReturnData": true,
          },
        ],
        "Threshold": 20,
        "TreatMissingData": "breaching",
      },
      "Type": "AWS::CloudWatch::Alarm",
    },
    "Summary68521F81": Object {
      "Properties": Object {
        "DashboardBody": Object {
          "Fn::Join": Array [
            "",
            Array [
              "{\\"widgets\\":[{\\"type\\":\\"text\\",\\"width\\":24,\\"height\\":1,\\"x\\":0,\\"y\\":0,\\"properties\\":{\\"markdown\\":\\"### Log Group **[DummyLogGroup](https://eu-west-1.console.aws.amazon.com/cloudwatch/home?region=eu-west-1#logsV2:log-groups/log-group/DummyLogGroup)**\\"}},{\\"type\\":\\"metric\\",\\"width\\":24,\\"height\\":6,\\"x\\":0,\\"y\\":1,\\"properties\\":{\\"view\\":\\"timeSeries\\",\\"title\\":\\"Incoming logs\\",\\"region\\":\\"",
              Object {
                "Ref": "AWS::Region",
              },
              "\\",\\"metrics\\":[[\\"AWS/Logs\\",\\"IncomingLogEvents\\",\\"LogGroupName\\",\\"DummyLogGroup\\",{\\"label\\":\\"Logs\\",\\"stat\\":\\"SampleCount\\"}]],\\"annotations\\":{\\"horizontal\\":[{\\"label\\":\\"Logs < 20 for 3 datapoints within 15 minutes\\",\\"value\\":20,\\"yAxis\\":\\"left\\"}]},\\"yAxis\\":{\\"left\\":{\\"min\\":0,\\"label\\":\\"Count\\",\\"showUnits\\":false}}}}]}",
            ],
          ],
        },
      },
      "Type": "AWS::CloudWatch::Dashboard",
    },
  },
  "Rules": Object {
    "CheckBootstrapVersion": Object {
      "Assertions": Array [
        Object {
          "Assert": Object {
            "Fn::Not": Array [
              Object {
                "Fn::Contains": Array [
                  Array [
                    "1",
                    "2",
                    "3",
                    "4",
                    "5",
                  ],
                  Object {
                    "Ref": "BootstrapVersion",
                  },
                ],
              },
            ],
          },
          "AssertDescription": "CDK bootstrap stack version 6 required. Please run 'cdk bootstrap' with a recent version of the CDK CLI.",
        },
      ],
    },
  },
}
`;
