// Jest Snapshot v1, https://goo.gl/fbAQLP

exports[`snapshot test: all alarms 1`] = `
Object {
  "Parameters": Object {
    "BootstrapVersion": Object {
      "Default": "/cdk-bootstrap/hnb659fds/version",
      "Description": "Version of the CDK Bootstrap resources in this environment, automatically retrieved from SSM Parameter Store. [cdk:skip]",
      "Type": "AWS::SSM::Parameter::Value<String>",
    },
  },
  "Resources": Object {
    "Alarm7103F465": Object {
      "Properties": Object {
        "DashboardBody": Object {
          "Fn::Join": Array [
            "",
            Array [
              "{\\"widgets\\":[{\\"type\\":\\"metric\\",\\"width\\":6,\\"height\\":4,\\"x\\":0,\\"y\\":0,\\"properties\\":{\\"view\\":\\"timeSeries\\",\\"region\\":\\"",
              Object {
                "Ref": "AWS::Region",
              },
              "\\",\\"annotations\\":{\\"alarms\\":[\\"",
              Object {
                "Fn::GetAtt": Array [
                  "ScopeTestCanaryLatencyAverageWarning318006A9",
                  "Arn",
                ],
              },
              "\\"]},\\"yAxis\\":{}}},{\\"type\\":\\"metric\\",\\"width\\":6,\\"height\\":4,\\"x\\":6,\\"y\\":0,\\"properties\\":{\\"view\\":\\"timeSeries\\",\\"region\\":\\"",
              Object {
                "Ref": "AWS::Region",
              },
              "\\",\\"annotations\\":{\\"alarms\\":[\\"",
              Object {
                "Fn::GetAtt": Array [
                  "ScopeTestCanaryErrorCountWarningE11B5E8D",
                  "Arn",
                ],
              },
              "\\"]},\\"yAxis\\":{}}},{\\"type\\":\\"metric\\",\\"width\\":6,\\"height\\":4,\\"x\\":12,\\"y\\":0,\\"properties\\":{\\"view\\":\\"timeSeries\\",\\"region\\":\\"",
              Object {
                "Ref": "AWS::Region",
              },
              "\\",\\"annotations\\":{\\"alarms\\":[\\"",
              Object {
                "Fn::GetAtt": Array [
                  "ScopeTestCanaryErrorRateWarning879600BF",
                  "Arn",
                ],
              },
              "\\"]},\\"yAxis\\":{}}},{\\"type\\":\\"metric\\",\\"width\\":6,\\"height\\":4,\\"x\\":18,\\"y\\":0,\\"properties\\":{\\"view\\":\\"timeSeries\\",\\"region\\":\\"",
              Object {
                "Ref": "AWS::Region",
              },
              "\\",\\"annotations\\":{\\"alarms\\":[\\"",
              Object {
                "Fn::GetAtt": Array [
                  "ScopeTestCanaryFaultCountWarningBE79A4B2",
                  "Arn",
                ],
              },
              "\\"]},\\"yAxis\\":{}}},{\\"type\\":\\"metric\\",\\"width\\":6,\\"height\\":4,\\"x\\":0,\\"y\\":4,\\"properties\\":{\\"view\\":\\"timeSeries\\",\\"region\\":\\"",
              Object {
                "Ref": "AWS::Region",
              },
              "\\",\\"annotations\\":{\\"alarms\\":[\\"",
              Object {
                "Fn::GetAtt": Array [
                  "ScopeTestCanaryFaultRateWarning65C6A70B",
                  "Arn",
                ],
              },
              "\\"]},\\"yAxis\\":{}}}]}",
            ],
          ],
        },
      },
      "Type": "AWS::CloudWatch::Dashboard",
    },
    "Canary11957FE2": Object {
      "Properties": Object {
        "ArtifactS3Location": Object {
          "Fn::Join": Array [
            "",
            Array [
              "s3://",
              Object {
                "Ref": "CanaryArtifactsBucket4A60D32B",
              },
            ],
          ],
        },
        "Code": Object {
          "Handler": "index.handler",
          "Script": "/* nothing */",
        },
        "ExecutionRoleArn": Object {
          "Fn::GetAtt": Array [
            "CanaryServiceRoleD132250E",
            "Arn",
          ],
        },
        "Name": "canary",
        "RuntimeVersion": "syn-nodejs-puppeteer-5.1",
        "Schedule": Object {
          "DurationInSeconds": "0",
          "Expression": "rate(5 minutes)",
        },
        "StartCanaryAfterCreation": true,
      },
      "Type": "AWS::Synthetics::Canary",
    },
    "CanaryArtifactsBucket4A60D32B": Object {
      "DeletionPolicy": "Retain",
      "Properties": Object {
        "BucketEncryption": Object {
          "ServerSideEncryptionConfiguration": Array [
            Object {
              "ServerSideEncryptionByDefault": Object {
                "SSEAlgorithm": "aws:kms",
              },
            },
          ],
        },
      },
      "Type": "AWS::S3::Bucket",
      "UpdateReplacePolicy": "Retain",
    },
    "CanaryArtifactsBucketPolicy63096C41": Object {
      "Properties": Object {
        "Bucket": Object {
          "Ref": "CanaryArtifactsBucket4A60D32B",
        },
        "PolicyDocument": Object {
          "Statement": Array [
            Object {
              "Action": "s3:*",
              "Condition": Object {
                "Bool": Object {
                  "aws:SecureTransport": "false",
                },
              },
              "Effect": "Deny",
              "Principal": Object {
                "AWS": "*",
              },
              "Resource": Array [
                Object {
                  "Fn::GetAtt": Array [
                    "CanaryArtifactsBucket4A60D32B",
                    "Arn",
                  ],
                },
                Object {
                  "Fn::Join": Array [
                    "",
                    Array [
                      Object {
                        "Fn::GetAtt": Array [
                          "CanaryArtifactsBucket4A60D32B",
                          "Arn",
                        ],
                      },
                      "/*",
                    ],
                  ],
                },
              ],
            },
          ],
          "Version": "2012-10-17",
        },
      },
      "Type": "AWS::S3::BucketPolicy",
    },
    "CanaryServiceRoleD132250E": Object {
      "Properties": Object {
        "AssumeRolePolicyDocument": Object {
          "Statement": Array [
            Object {
              "Action": "sts:AssumeRole",
              "Effect": "Allow",
              "Principal": Object {
                "Service": "lambda.amazonaws.com",
              },
            },
          ],
          "Version": "2012-10-17",
        },
        "Policies": Array [
          Object {
            "PolicyDocument": Object {
              "Statement": Array [
                Object {
                  "Action": "s3:ListAllMyBuckets",
                  "Effect": "Allow",
                  "Resource": "*",
                },
                Object {
                  "Action": "s3:GetBucketLocation",
                  "Effect": "Allow",
                  "Resource": Object {
                    "Fn::GetAtt": Array [
                      "CanaryArtifactsBucket4A60D32B",
                      "Arn",
                    ],
                  },
                },
                Object {
                  "Action": "s3:PutObject",
                  "Effect": "Allow",
                  "Resource": Object {
                    "Fn::Join": Array [
                      "",
                      Array [
                        Object {
                          "Fn::GetAtt": Array [
                            "CanaryArtifactsBucket4A60D32B",
                            "Arn",
                          ],
                        },
                        "/*",
                      ],
                    ],
                  },
                },
                Object {
                  "Action": "cloudwatch:PutMetricData",
                  "Condition": Object {
                    "StringEquals": Object {
                      "cloudwatch:namespace": "CloudWatchSynthetics",
                    },
                  },
                  "Effect": "Allow",
                  "Resource": "*",
                },
                Object {
                  "Action": Array [
                    "logs:CreateLogStream",
                    "logs:CreateLogGroup",
                    "logs:PutLogEvents",
                  ],
                  "Effect": "Allow",
                  "Resource": Object {
                    "Fn::Join": Array [
                      "",
                      Array [
                        "arn:",
                        Object {
                          "Ref": "AWS::Partition",
                        },
                        ":logs:",
                        Object {
                          "Ref": "AWS::Region",
                        },
                        ":",
                        Object {
                          "Ref": "AWS::AccountId",
                        },
                        ":log-group:/aws/lambda/cwsyn-*",
                      ],
                    ],
                  },
                },
              ],
              "Version": "2012-10-17",
            },
            "PolicyName": "canaryPolicy",
          },
        ],
      },
      "Type": "AWS::IAM::Role",
    },
    "Resource": Object {
      "Properties": Object {
        "DashboardBody": Object {
          "Fn::Join": Array [
            "",
            Array [
              "{\\"widgets\\":[{\\"type\\":\\"text\\",\\"width\\":24,\\"height\\":1,\\"x\\":0,\\"y\\":0,\\"properties\\":{\\"markdown\\":\\"### Synthetics Canary **Canary**\\"}},{\\"type\\":\\"metric\\",\\"width\\":8,\\"height\\":5,\\"x\\":0,\\"y\\":1,\\"properties\\":{\\"view\\":\\"timeSeries\\",\\"title\\":\\"Latency\\",\\"region\\":\\"",
              Object {
                "Ref": "AWS::Region",
              },
              "\\",\\"metrics\\":[[\\"CloudWatchSynthetics\\",\\"Duration\\",\\"CanaryName\\",\\"",
              Object {
                "Ref": "Canary11957FE2",
              },
              "\\",{\\"label\\":\\"Average\\"}]],\\"annotations\\":{\\"horizontal\\":[{\\"label\\":\\"Average > 10000 for 3 datapoints within 15 minutes\\",\\"value\\":10000,\\"yAxis\\":\\"left\\"}]},\\"yAxis\\":{\\"left\\":{\\"min\\":0,\\"label\\":\\"ms\\",\\"showUnits\\":false}}}},{\\"type\\":\\"metric\\",\\"width\\":8,\\"height\\":5,\\"x\\":8,\\"y\\":1,\\"properties\\":{\\"view\\":\\"timeSeries\\",\\"title\\":\\"Errors\\",\\"region\\":\\"",
              Object {
                "Ref": "AWS::Region",
              },
              "\\",\\"metrics\\":[[\\"CloudWatchSynthetics\\",\\"4xx\\",\\"CanaryName\\",\\"",
              Object {
                "Ref": "Canary11957FE2",
              },
              "\\",{\\"label\\":\\"4xx\\",\\"stat\\":\\"Sum\\"}],[\\"CloudWatchSynthetics\\",\\"5xx\\",\\"CanaryName\\",\\"",
              Object {
                "Ref": "Canary11957FE2",
              },
              "\\",{\\"label\\":\\"5xx\\",\\"stat\\":\\"Sum\\"}]],\\"annotations\\":{\\"horizontal\\":[{\\"label\\":\\"4xx > 1 for 3 datapoints within 15 minutes\\",\\"value\\":1,\\"yAxis\\":\\"left\\"},{\\"label\\":\\"5xx > 2 for 3 datapoints within 15 minutes\\",\\"value\\":2,\\"yAxis\\":\\"left\\"}]},\\"yAxis\\":{\\"left\\":{\\"min\\":0,\\"label\\":\\"Count\\",\\"showUnits\\":false}}}},{\\"type\\":\\"metric\\",\\"width\\":8,\\"height\\":5,\\"x\\":16,\\"y\\":1,\\"properties\\":{\\"view\\":\\"timeSeries\\",\\"title\\":\\"Errors (rate)\\",\\"region\\":\\"",
              Object {
                "Ref": "AWS::Region",
              },
              "\\",\\"metrics\\":[[\\"CloudWatchSynthetics\\",\\"4xx\\",\\"CanaryName\\",\\"",
              Object {
                "Ref": "Canary11957FE2",
              },
              "\\",{\\"label\\":\\"4xx (avg)\\"}],[\\"CloudWatchSynthetics\\",\\"5xx\\",\\"CanaryName\\",\\"",
              Object {
                "Ref": "Canary11957FE2",
              },
              "\\",{\\"label\\":\\"5xx (avg)\\"}]],\\"annotations\\":{\\"horizontal\\":[{\\"label\\":\\"4xx (avg) > 0.5 for 3 datapoints within 15 minutes\\",\\"value\\":0.5,\\"yAxis\\":\\"left\\"},{\\"label\\":\\"5xx (avg) > 0.8 for 3 datapoints within 15 minutes\\",\\"value\\":0.8,\\"yAxis\\":\\"left\\"}]},\\"yAxis\\":{\\"left\\":{\\"min\\":0,\\"label\\":\\"Rate\\",\\"showUnits\\":false}}}}]}",
            ],
          ],
        },
      },
      "Type": "AWS::CloudWatch::Dashboard",
    },
    "ScopeTestCanaryErrorCountWarningE11B5E8D": Object {
      "Properties": Object {
        "ActionsEnabled": true,
        "AlarmDescription": "Error count is too high.",
        "AlarmName": "Test-Canary-Error-Count-Warning",
        "ComparisonOperator": "GreaterThanThreshold",
        "DatapointsToAlarm": 3,
        "EvaluationPeriods": 3,
        "Metrics": Array [
          Object {
            "Id": "m1",
            "Label": "4xx",
            "MetricStat": Object {
              "Metric": Object {
                "Dimensions": Array [
                  Object {
                    "Name": "CanaryName",
                    "Value": Object {
                      "Ref": "Canary11957FE2",
                    },
                  },
                ],
                "MetricName": "4xx",
                "Namespace": "CloudWatchSynthetics",
              },
              "Period": 300,
              "Stat": "Sum",
            },
            "ReturnData": true,
          },
        ],
        "Threshold": 1,
        "TreatMissingData": "notBreaching",
      },
      "Type": "AWS::CloudWatch::Alarm",
    },
    "ScopeTestCanaryErrorRateWarning879600BF": Object {
      "Properties": Object {
        "ActionsEnabled": true,
        "AlarmDescription": "Error rate is too high.",
        "AlarmName": "Test-Canary-Error-Rate-Warning",
        "ComparisonOperator": "GreaterThanThreshold",
        "DatapointsToAlarm": 3,
        "EvaluationPeriods": 3,
        "Metrics": Array [
          Object {
            "Id": "m1",
            "Label": "4xx (avg)",
            "MetricStat": Object {
              "Metric": Object {
                "Dimensions": Array [
                  Object {
                    "Name": "CanaryName",
                    "Value": Object {
                      "Ref": "Canary11957FE2",
                    },
                  },
                ],
                "MetricName": "4xx",
                "Namespace": "CloudWatchSynthetics",
              },
              "Period": 300,
              "Stat": "Average",
            },
            "ReturnData": true,
          },
        ],
        "Threshold": 0.5,
        "TreatMissingData": "notBreaching",
      },
      "Type": "AWS::CloudWatch::Alarm",
    },
    "ScopeTestCanaryFaultCountWarningBE79A4B2": Object {
      "Properties": Object {
        "ActionsEnabled": true,
        "AlarmDescription": "Fault count is too high.",
        "AlarmName": "Test-Canary-Fault-Count-Warning",
        "ComparisonOperator": "GreaterThanThreshold",
        "DatapointsToAlarm": 3,
        "EvaluationPeriods": 3,
        "Metrics": Array [
          Object {
            "Id": "m1",
            "Label": "5xx",
            "MetricStat": Object {
              "Metric": Object {
                "Dimensions": Array [
                  Object {
                    "Name": "CanaryName",
                    "Value": Object {
                      "Ref": "Canary11957FE2",
                    },
                  },
                ],
                "MetricName": "5xx",
                "Namespace": "CloudWatchSynthetics",
              },
              "Period": 300,
              "Stat": "Sum",
            },
            "ReturnData": true,
          },
        ],
        "Threshold": 2,
        "TreatMissingData": "notBreaching",
      },
      "Type": "AWS::CloudWatch::Alarm",
    },
    "ScopeTestCanaryFaultRateWarning65C6A70B": Object {
      "Properties": Object {
        "ActionsEnabled": true,
        "AlarmDescription": "Fault rate is too high.",
        "AlarmName": "Test-Canary-Fault-Rate-Warning",
        "ComparisonOperator": "GreaterThanThreshold",
        "DatapointsToAlarm": 3,
        "EvaluationPeriods": 3,
        "Metrics": Array [
          Object {
            "Id": "m1",
            "Label": "5xx (avg)",
            "MetricStat": Object {
              "Metric": Object {
                "Dimensions": Array [
                  Object {
                    "Name": "CanaryName",
                    "Value": Object {
                      "Ref": "Canary11957FE2",
                    },
                  },
                ],
                "MetricName": "5xx",
                "Namespace": "CloudWatchSynthetics",
              },
              "Period": 300,
              "Stat": "Average",
            },
            "ReturnData": true,
          },
        ],
        "Threshold": 0.8,
        "TreatMissingData": "notBreaching",
      },
      "Type": "AWS::CloudWatch::Alarm",
    },
    "ScopeTestCanaryLatencyAverageWarning318006A9": Object {
      "Properties": Object {
        "ActionsEnabled": true,
        "AlarmDescription": "Average latency is too high.",
        "AlarmName": "Test-Canary-Latency-Average-Warning",
        "ComparisonOperator": "GreaterThanThreshold",
        "DatapointsToAlarm": 3,
        "EvaluationPeriods": 3,
        "Metrics": Array [
          Object {
            "Id": "m1",
            "Label": "Average",
            "MetricStat": Object {
              "Metric": Object {
                "Dimensions": Array [
                  Object {
                    "Name": "CanaryName",
                    "Value": Object {
                      "Ref": "Canary11957FE2",
                    },
                  },
                ],
                "MetricName": "Duration",
                "Namespace": "CloudWatchSynthetics",
              },
              "Period": 300,
              "Stat": "Average",
            },
            "ReturnData": true,
          },
        ],
        "Threshold": 10000,
        "TreatMissingData": "notBreaching",
      },
      "Type": "AWS::CloudWatch::Alarm",
    },
    "Summary68521F81": Object {
      "Properties": Object {
        "DashboardBody": Object {
          "Fn::Join": Array [
            "",
            Array [
              "{\\"widgets\\":[{\\"type\\":\\"text\\",\\"width\\":24,\\"height\\":1,\\"x\\":0,\\"y\\":0,\\"properties\\":{\\"markdown\\":\\"### Synthetics Canary **Canary**\\"}},{\\"type\\":\\"metric\\",\\"width\\":12,\\"height\\":6,\\"x\\":0,\\"y\\":1,\\"properties\\":{\\"view\\":\\"timeSeries\\",\\"title\\":\\"Errors\\",\\"region\\":\\"",
              Object {
                "Ref": "AWS::Region",
              },
              "\\",\\"metrics\\":[[\\"CloudWatchSynthetics\\",\\"4xx\\",\\"CanaryName\\",\\"",
              Object {
                "Ref": "Canary11957FE2",
              },
              "\\",{\\"label\\":\\"4xx\\",\\"stat\\":\\"Sum\\"}],[\\"CloudWatchSynthetics\\",\\"5xx\\",\\"CanaryName\\",\\"",
              Object {
                "Ref": "Canary11957FE2",
              },
              "\\",{\\"label\\":\\"5xx\\",\\"stat\\":\\"Sum\\"}]],\\"annotations\\":{\\"horizontal\\":[{\\"label\\":\\"4xx > 1 for 3 datapoints within 15 minutes\\",\\"value\\":1,\\"yAxis\\":\\"left\\"},{\\"label\\":\\"5xx > 2 for 3 datapoints within 15 minutes\\",\\"value\\":2,\\"yAxis\\":\\"left\\"}]},\\"yAxis\\":{\\"left\\":{\\"min\\":0,\\"label\\":\\"Count\\",\\"showUnits\\":false}}}},{\\"type\\":\\"metric\\",\\"width\\":12,\\"height\\":6,\\"x\\":12,\\"y\\":1,\\"properties\\":{\\"view\\":\\"timeSeries\\",\\"title\\":\\"Errors (rate)\\",\\"region\\":\\"",
              Object {
                "Ref": "AWS::Region",
              },
              "\\",\\"metrics\\":[[\\"CloudWatchSynthetics\\",\\"4xx\\",\\"CanaryName\\",\\"",
              Object {
                "Ref": "Canary11957FE2",
              },
              "\\",{\\"label\\":\\"4xx (avg)\\"}],[\\"CloudWatchSynthetics\\",\\"5xx\\",\\"CanaryName\\",\\"",
              Object {
                "Ref": "Canary11957FE2",
              },
              "\\",{\\"label\\":\\"5xx (avg)\\"}]],\\"annotations\\":{\\"horizontal\\":[{\\"label\\":\\"4xx (avg) > 0.5 for 3 datapoints within 15 minutes\\",\\"value\\":0.5,\\"yAxis\\":\\"left\\"},{\\"label\\":\\"5xx (avg) > 0.8 for 3 datapoints within 15 minutes\\",\\"value\\":0.8,\\"yAxis\\":\\"left\\"}]},\\"yAxis\\":{\\"left\\":{\\"min\\":0,\\"label\\":\\"Rate\\",\\"showUnits\\":false}}}}]}",
            ],
          ],
        },
      },
      "Type": "AWS::CloudWatch::Dashboard",
    },
  },
  "Rules": Object {
    "CheckBootstrapVersion": Object {
      "Assertions": Array [
        Object {
          "Assert": Object {
            "Fn::Not": Array [
              Object {
                "Fn::Contains": Array [
                  Array [
                    "1",
                    "2",
                    "3",
                    "4",
                    "5",
                  ],
                  Object {
                    "Ref": "BootstrapVersion",
                  },
                ],
              },
            ],
          },
          "AssertDescription": "CDK bootstrap stack version 6 required. Please run 'cdk bootstrap' with a recent version of the CDK CLI.",
        },
      ],
    },
  },
}
`;

exports[`snapshot test: no alarms 1`] = `
Object {
  "Parameters": Object {
    "BootstrapVersion": Object {
      "Default": "/cdk-bootstrap/hnb659fds/version",
      "Description": "Version of the CDK Bootstrap resources in this environment, automatically retrieved from SSM Parameter Store. [cdk:skip]",
      "Type": "AWS::SSM::Parameter::Value<String>",
    },
  },
  "Resources": Object {
    "Alarm7103F465": Object {
      "Properties": Object {
        "DashboardBody": "{\\"widgets\\":[]}",
      },
      "Type": "AWS::CloudWatch::Dashboard",
    },
    "Canary11957FE2": Object {
      "Properties": Object {
        "ArtifactS3Location": Object {
          "Fn::Join": Array [
            "",
            Array [
              "s3://",
              Object {
                "Ref": "CanaryArtifactsBucket4A60D32B",
              },
            ],
          ],
        },
        "Code": Object {
          "Handler": "index.handler",
          "Script": "/* nothing */",
        },
        "ExecutionRoleArn": Object {
          "Fn::GetAtt": Array [
            "CanaryServiceRoleD132250E",
            "Arn",
          ],
        },
        "Name": "canary",
        "RuntimeVersion": "syn-nodejs-puppeteer-5.1",
        "Schedule": Object {
          "DurationInSeconds": "0",
          "Expression": "rate(5 minutes)",
        },
        "StartCanaryAfterCreation": true,
      },
      "Type": "AWS::Synthetics::Canary",
    },
    "CanaryArtifactsBucket4A60D32B": Object {
      "DeletionPolicy": "Retain",
      "Properties": Object {
        "BucketEncryption": Object {
          "ServerSideEncryptionConfiguration": Array [
            Object {
              "ServerSideEncryptionByDefault": Object {
                "SSEAlgorithm": "aws:kms",
              },
            },
          ],
        },
      },
      "Type": "AWS::S3::Bucket",
      "UpdateReplacePolicy": "Retain",
    },
    "CanaryArtifactsBucketPolicy63096C41": Object {
      "Properties": Object {
        "Bucket": Object {
          "Ref": "CanaryArtifactsBucket4A60D32B",
        },
        "PolicyDocument": Object {
          "Statement": Array [
            Object {
              "Action": "s3:*",
              "Condition": Object {
                "Bool": Object {
                  "aws:SecureTransport": "false",
                },
              },
              "Effect": "Deny",
              "Principal": Object {
                "AWS": "*",
              },
              "Resource": Array [
                Object {
                  "Fn::GetAtt": Array [
                    "CanaryArtifactsBucket4A60D32B",
                    "Arn",
                  ],
                },
                Object {
                  "Fn::Join": Array [
                    "",
                    Array [
                      Object {
                        "Fn::GetAtt": Array [
                          "CanaryArtifactsBucket4A60D32B",
                          "Arn",
                        ],
                      },
                      "/*",
                    ],
                  ],
                },
              ],
            },
          ],
          "Version": "2012-10-17",
        },
      },
      "Type": "AWS::S3::BucketPolicy",
    },
    "CanaryServiceRoleD132250E": Object {
      "Properties": Object {
        "AssumeRolePolicyDocument": Object {
          "Statement": Array [
            Object {
              "Action": "sts:AssumeRole",
              "Effect": "Allow",
              "Principal": Object {
                "Service": "lambda.amazonaws.com",
              },
            },
          ],
          "Version": "2012-10-17",
        },
        "Policies": Array [
          Object {
            "PolicyDocument": Object {
              "Statement": Array [
                Object {
                  "Action": "s3:ListAllMyBuckets",
                  "Effect": "Allow",
                  "Resource": "*",
                },
                Object {
                  "Action": "s3:GetBucketLocation",
                  "Effect": "Allow",
                  "Resource": Object {
                    "Fn::GetAtt": Array [
                      "CanaryArtifactsBucket4A60D32B",
                      "Arn",
                    ],
                  },
                },
                Object {
                  "Action": "s3:PutObject",
                  "Effect": "Allow",
                  "Resource": Object {
                    "Fn::Join": Array [
                      "",
                      Array [
                        Object {
                          "Fn::GetAtt": Array [
                            "CanaryArtifactsBucket4A60D32B",
                            "Arn",
                          ],
                        },
                        "/*",
                      ],
                    ],
                  },
                },
                Object {
                  "Action": "cloudwatch:PutMetricData",
                  "Condition": Object {
                    "StringEquals": Object {
                      "cloudwatch:namespace": "CloudWatchSynthetics",
                    },
                  },
                  "Effect": "Allow",
                  "Resource": "*",
                },
                Object {
                  "Action": Array [
                    "logs:CreateLogStream",
                    "logs:CreateLogGroup",
                    "logs:PutLogEvents",
                  ],
                  "Effect": "Allow",
                  "Resource": Object {
                    "Fn::Join": Array [
                      "",
                      Array [
                        "arn:",
                        Object {
                          "Ref": "AWS::Partition",
                        },
                        ":logs:",
                        Object {
                          "Ref": "AWS::Region",
                        },
                        ":",
                        Object {
                          "Ref": "AWS::AccountId",
                        },
                        ":log-group:/aws/lambda/cwsyn-*",
                      ],
                    ],
                  },
                },
              ],
              "Version": "2012-10-17",
            },
            "PolicyName": "canaryPolicy",
          },
        ],
      },
      "Type": "AWS::IAM::Role",
    },
    "Resource": Object {
      "Properties": Object {
        "DashboardBody": Object {
          "Fn::Join": Array [
            "",
            Array [
              "{\\"widgets\\":[{\\"type\\":\\"text\\",\\"width\\":24,\\"height\\":1,\\"x\\":0,\\"y\\":0,\\"properties\\":{\\"markdown\\":\\"### Synthetics Canary **Canary**\\"}},{\\"type\\":\\"metric\\",\\"width\\":8,\\"height\\":5,\\"x\\":0,\\"y\\":1,\\"properties\\":{\\"view\\":\\"timeSeries\\",\\"title\\":\\"Latency\\",\\"region\\":\\"",
              Object {
                "Ref": "AWS::Region",
              },
              "\\",\\"metrics\\":[[\\"CloudWatchSynthetics\\",\\"Duration\\",\\"CanaryName\\",\\"",
              Object {
                "Ref": "Canary11957FE2",
              },
              "\\",{\\"label\\":\\"Average\\"}]],\\"yAxis\\":{\\"left\\":{\\"min\\":0,\\"label\\":\\"ms\\",\\"showUnits\\":false}}}},{\\"type\\":\\"metric\\",\\"width\\":8,\\"height\\":5,\\"x\\":8,\\"y\\":1,\\"properties\\":{\\"view\\":\\"timeSeries\\",\\"title\\":\\"Errors\\",\\"region\\":\\"",
              Object {
                "Ref": "AWS::Region",
              },
              "\\",\\"metrics\\":[[\\"CloudWatchSynthetics\\",\\"4xx\\",\\"CanaryName\\",\\"",
              Object {
                "Ref": "Canary11957FE2",
              },
              "\\",{\\"label\\":\\"4xx\\",\\"stat\\":\\"Sum\\"}],[\\"CloudWatchSynthetics\\",\\"5xx\\",\\"CanaryName\\",\\"",
              Object {
                "Ref": "Canary11957FE2",
              },
              "\\",{\\"label\\":\\"5xx\\",\\"stat\\":\\"Sum\\"}]],\\"yAxis\\":{\\"left\\":{\\"min\\":0,\\"label\\":\\"Count\\",\\"showUnits\\":false}}}},{\\"type\\":\\"metric\\",\\"width\\":8,\\"height\\":5,\\"x\\":16,\\"y\\":1,\\"properties\\":{\\"view\\":\\"timeSeries\\",\\"title\\":\\"Errors (rate)\\",\\"region\\":\\"",
              Object {
                "Ref": "AWS::Region",
              },
              "\\",\\"metrics\\":[[\\"CloudWatchSynthetics\\",\\"4xx\\",\\"CanaryName\\",\\"",
              Object {
                "Ref": "Canary11957FE2",
              },
              "\\",{\\"label\\":\\"4xx (avg)\\"}],[\\"CloudWatchSynthetics\\",\\"5xx\\",\\"CanaryName\\",\\"",
              Object {
                "Ref": "Canary11957FE2",
              },
              "\\",{\\"label\\":\\"5xx (avg)\\"}]],\\"yAxis\\":{\\"left\\":{\\"min\\":0,\\"label\\":\\"Rate\\",\\"showUnits\\":false}}}}]}",
            ],
          ],
        },
      },
      "Type": "AWS::CloudWatch::Dashboard",
    },
    "Summary68521F81": Object {
      "Properties": Object {
        "DashboardBody": Object {
          "Fn::Join": Array [
            "",
            Array [
              "{\\"widgets\\":[{\\"type\\":\\"text\\",\\"width\\":24,\\"height\\":1,\\"x\\":0,\\"y\\":0,\\"properties\\":{\\"markdown\\":\\"### Synthetics Canary **Canary**\\"}},{\\"type\\":\\"metric\\",\\"width\\":12,\\"height\\":6,\\"x\\":0,\\"y\\":1,\\"properties\\":{\\"view\\":\\"timeSeries\\",\\"title\\":\\"Errors\\",\\"region\\":\\"",
              Object {
                "Ref": "AWS::Region",
              },
              "\\",\\"metrics\\":[[\\"CloudWatchSynthetics\\",\\"4xx\\",\\"CanaryName\\",\\"",
              Object {
                "Ref": "Canary11957FE2",
              },
              "\\",{\\"label\\":\\"4xx\\",\\"stat\\":\\"Sum\\"}],[\\"CloudWatchSynthetics\\",\\"5xx\\",\\"CanaryName\\",\\"",
              Object {
                "Ref": "Canary11957FE2",
              },
              "\\",{\\"label\\":\\"5xx\\",\\"stat\\":\\"Sum\\"}]],\\"yAxis\\":{\\"left\\":{\\"min\\":0,\\"label\\":\\"Count\\",\\"showUnits\\":false}}}},{\\"type\\":\\"metric\\",\\"width\\":12,\\"height\\":6,\\"x\\":12,\\"y\\":1,\\"properties\\":{\\"view\\":\\"timeSeries\\",\\"title\\":\\"Errors (rate)\\",\\"region\\":\\"",
              Object {
                "Ref": "AWS::Region",
              },
              "\\",\\"metrics\\":[[\\"CloudWatchSynthetics\\",\\"4xx\\",\\"CanaryName\\",\\"",
              Object {
                "Ref": "Canary11957FE2",
              },
              "\\",{\\"label\\":\\"4xx (avg)\\"}],[\\"CloudWatchSynthetics\\",\\"5xx\\",\\"CanaryName\\",\\"",
              Object {
                "Ref": "Canary11957FE2",
              },
              "\\",{\\"label\\":\\"5xx (avg)\\"}]],\\"yAxis\\":{\\"left\\":{\\"min\\":0,\\"label\\":\\"Rate\\",\\"showUnits\\":false}}}}]}",
            ],
          ],
        },
      },
      "Type": "AWS::CloudWatch::Dashboard",
    },
  },
  "Rules": Object {
    "CheckBootstrapVersion": Object {
      "Assertions": Array [
        Object {
          "Assert": Object {
            "Fn::Not": Array [
              Object {
                "Fn::Contains": Array [
                  Array [
                    "1",
                    "2",
                    "3",
                    "4",
                    "5",
                  ],
                  Object {
                    "Ref": "BootstrapVersion",
                  },
                ],
              },
            ],
          },
          "AssertDescription": "CDK bootstrap stack version 6 required. Please run 'cdk bootstrap' with a recent version of the CDK CLI.",
        },
      ],
    },
  },
}
`;
