// Jest Snapshot v1, https://goo.gl/fbAQLP

exports[`snapshot test 1`] = `
Object {
  "Parameters": Object {
    "BootstrapVersion": Object {
      "Default": "/cdk-bootstrap/hnb659fds/version",
      "Description": "Version of the CDK Bootstrap resources in this environment, automatically retrieved from SSM Parameter Store. [cdk:skip]",
      "Type": "AWS::SSM::Parameter::Value<String>",
    },
  },
  "Resources": Object {
    "Alarm7103F465": Object {
      "Properties": Object {
        "DashboardBody": "{\\"widgets\\":[]}",
      },
      "Type": "AWS::CloudWatch::Dashboard",
    },
    "Resource": Object {
      "Properties": Object {
        "DashboardBody": "{\\"widgets\\":[{\\"type\\":\\"text\\",\\"width\\":24,\\"height\\":1,\\"x\\":0,\\"y\\":0,\\"properties\\":{\\"markdown\\":\\"### AWS Account Billing **Billing**\\"}},{\\"type\\":\\"metric\\",\\"width\\":18,\\"height\\":5,\\"x\\":0,\\"y\\":1,\\"properties\\":{\\"view\\":\\"bar\\",\\"title\\":\\"Most Expensive Services (USD)\\",\\"region\\":\\"us-east-1\\",\\"metrics\\":[[{\\"label\\":\\" \\",\\"expression\\":\\"SORT(search, MAX, DESC, 10)\\",\\"region\\":\\"us-east-1\\",\\"period\\":86400}],[{\\"label\\":\\" \\",\\"expression\\":\\"SEARCH('{AWS/Billing,Currency,ServiceName} MetricName=\\\\\\"EstimatedCharges\\\\\\"', 'Maximum', 86400)\\",\\"region\\":\\"us-east-1\\",\\"period\\":86400,\\"visible\\":false,\\"id\\":\\"search\\"}]],\\"yAxis\\":{\\"left\\":{\\"min\\":0,\\"label\\":\\"USD\\",\\"showUnits\\":false}}}},{\\"type\\":\\"metric\\",\\"width\\":6,\\"height\\":5,\\"x\\":18,\\"y\\":1,\\"properties\\":{\\"view\\":\\"singleValue\\",\\"title\\":\\"Total Cost (USD)\\",\\"region\\":\\"us-east-1\\",\\"metrics\\":[[\\"AWS/Billing\\",\\"EstimatedCharges\\",\\"Currency\\",\\"USD\\",{\\"label\\":\\"Estimated Charges\\",\\"region\\":\\"us-east-1\\",\\"period\\":86400,\\"stat\\":\\"Maximum\\"}]],\\"setPeriodToTimeRange\\":false,\\"singleValueFullPrecision\\":false}}]}",
      },
      "Type": "AWS::CloudWatch::Dashboard",
    },
    "Summary68521F81": Object {
      "Properties": Object {
        "DashboardBody": "{\\"widgets\\":[{\\"type\\":\\"text\\",\\"width\\":24,\\"height\\":1,\\"x\\":0,\\"y\\":0,\\"properties\\":{\\"markdown\\":\\"### AWS Account Billing **Billing**\\"}},{\\"type\\":\\"metric\\",\\"width\\":24,\\"height\\":6,\\"x\\":0,\\"y\\":1,\\"properties\\":{\\"view\\":\\"singleValue\\",\\"title\\":\\"Total Cost (USD)\\",\\"region\\":\\"us-east-1\\",\\"metrics\\":[[\\"AWS/Billing\\",\\"EstimatedCharges\\",\\"Currency\\",\\"USD\\",{\\"label\\":\\"Estimated Charges\\",\\"region\\":\\"us-east-1\\",\\"period\\":86400,\\"stat\\":\\"Maximum\\"}]],\\"setPeriodToTimeRange\\":false,\\"singleValueFullPrecision\\":false}}]}",
      },
      "Type": "AWS::CloudWatch::Dashboard",
    },
  },
  "Rules": Object {
    "CheckBootstrapVersion": Object {
      "Assertions": Array [
        Object {
          "Assert": Object {
            "Fn::Not": Array [
              Object {
                "Fn::Contains": Array [
                  Array [
                    "1",
                    "2",
                    "3",
                    "4",
                    "5",
                  ],
                  Object {
                    "Ref": "BootstrapVersion",
                  },
                ],
              },
            ],
          },
          "AssertDescription": "CDK bootstrap stack version 6 required. Please run 'cdk bootstrap' with a recent version of the CDK CLI.",
        },
      ],
    },
  },
}
`;

exports[`snapshot test: all alarms 1`] = `
Object {
  "Parameters": Object {
    "BootstrapVersion": Object {
      "Default": "/cdk-bootstrap/hnb659fds/version",
      "Description": "Version of the CDK Bootstrap resources in this environment, automatically retrieved from SSM Parameter Store. [cdk:skip]",
      "Type": "AWS::SSM::Parameter::Value<String>",
    },
  },
  "Resources": Object {
    "Alarm7103F465": Object {
      "Properties": Object {
        "DashboardBody": Object {
          "Fn::Join": Array [
            "",
            Array [
              "{\\"widgets\\":[{\\"type\\":\\"metric\\",\\"width\\":6,\\"height\\":4,\\"x\\":0,\\"y\\":0,\\"properties\\":{\\"view\\":\\"timeSeries\\",\\"region\\":\\"",
              Object {
                "Ref": "AWS::Region",
              },
              "\\",\\"annotations\\":{\\"alarms\\":[\\"",
              Object {
                "Fn::GetAtt": Array [
                  "ScopeTestBillingCostAnomalyWarning9DBFD429",
                  "Arn",
                ],
              },
              "\\"]},\\"yAxis\\":{}}}]}",
            ],
          ],
        },
      },
      "Type": "AWS::CloudWatch::Dashboard",
    },
    "Resource": Object {
      "Properties": Object {
        "DashboardBody": "{\\"widgets\\":[{\\"type\\":\\"text\\",\\"width\\":24,\\"height\\":1,\\"x\\":0,\\"y\\":0,\\"properties\\":{\\"markdown\\":\\"### AWS Account Billing **Billing**\\"}},{\\"type\\":\\"metric\\",\\"width\\":18,\\"height\\":5,\\"x\\":0,\\"y\\":1,\\"properties\\":{\\"view\\":\\"bar\\",\\"title\\":\\"Most Expensive Services (USD)\\",\\"region\\":\\"us-east-1\\",\\"metrics\\":[[{\\"label\\":\\" \\",\\"expression\\":\\"SORT(search, MAX, DESC, 10)\\",\\"region\\":\\"us-east-1\\",\\"period\\":86400}],[{\\"label\\":\\" \\",\\"expression\\":\\"SEARCH('{AWS/Billing,Currency,ServiceName} MetricName=\\\\\\"EstimatedCharges\\\\\\"', 'Maximum', 86400)\\",\\"region\\":\\"us-east-1\\",\\"period\\":86400,\\"visible\\":false,\\"id\\":\\"search\\"}]],\\"yAxis\\":{\\"left\\":{\\"min\\":0,\\"label\\":\\"USD\\",\\"showUnits\\":false}}}},{\\"type\\":\\"metric\\",\\"width\\":6,\\"height\\":5,\\"x\\":18,\\"y\\":1,\\"properties\\":{\\"view\\":\\"singleValue\\",\\"title\\":\\"Total Cost (USD)\\",\\"region\\":\\"us-east-1\\",\\"metrics\\":[[\\"AWS/Billing\\",\\"EstimatedCharges\\",\\"Currency\\",\\"USD\\",{\\"label\\":\\"Estimated Charges\\",\\"region\\":\\"us-east-1\\",\\"period\\":86400,\\"stat\\":\\"Maximum\\"}]],\\"setPeriodToTimeRange\\":false,\\"singleValueFullPrecision\\":false}}]}",
      },
      "Type": "AWS::CloudWatch::Dashboard",
    },
    "ScopeTestBillingCostAnomalyWarning9DBFD429": Object {
      "Properties": Object {
        "ActionsEnabled": true,
        "AlarmDescription": "Anomaly detection: value is above the expected band.",
        "AlarmName": "Test-Billing-Cost-Anomaly-Warning",
        "ComparisonOperator": "GreaterThanUpperThreshold",
        "DatapointsToAlarm": 3,
        "EvaluationPeriods": 3,
        "Metrics": Array [
          Object {
            "Id": "m1",
            "Label": "Estimated Charges",
            "MetricStat": Object {
              "Metric": Object {
                "Dimensions": Array [
                  Object {
                    "Name": "Currency",
                    "Value": "USD",
                  },
                ],
                "MetricName": "EstimatedCharges",
                "Namespace": "AWS/Billing",
              },
              "Period": 86400,
              "Stat": "Maximum",
            },
            "ReturnData": true,
          },
        ],
        "Threshold": 0,
        "TreatMissingData": "missing",
      },
      "Type": "AWS::CloudWatch::Alarm",
    },
    "Summary68521F81": Object {
      "Properties": Object {
        "DashboardBody": "{\\"widgets\\":[{\\"type\\":\\"text\\",\\"width\\":24,\\"height\\":1,\\"x\\":0,\\"y\\":0,\\"properties\\":{\\"markdown\\":\\"### AWS Account Billing **Billing**\\"}},{\\"type\\":\\"metric\\",\\"width\\":24,\\"height\\":6,\\"x\\":0,\\"y\\":1,\\"properties\\":{\\"view\\":\\"singleValue\\",\\"title\\":\\"Total Cost (USD)\\",\\"region\\":\\"us-east-1\\",\\"metrics\\":[[\\"AWS/Billing\\",\\"EstimatedCharges\\",\\"Currency\\",\\"USD\\",{\\"label\\":\\"Estimated Charges\\",\\"region\\":\\"us-east-1\\",\\"period\\":86400,\\"stat\\":\\"Maximum\\"}]],\\"setPeriodToTimeRange\\":false,\\"singleValueFullPrecision\\":false}}]}",
      },
      "Type": "AWS::CloudWatch::Dashboard",
    },
  },
  "Rules": Object {
    "CheckBootstrapVersion": Object {
      "Assertions": Array [
        Object {
          "Assert": Object {
            "Fn::Not": Array [
              Object {
                "Fn::Contains": Array [
                  Array [
                    "1",
                    "2",
                    "3",
                    "4",
                    "5",
                  ],
                  Object {
                    "Ref": "BootstrapVersion",
                  },
                ],
              },
            ],
          },
          "AssertDescription": "CDK bootstrap stack version 6 required. Please run 'cdk bootstrap' with a recent version of the CDK CLI.",
        },
      ],
    },
  },
}
`;
