// Jest Snapshot v1, https://goo.gl/fbAQLP

exports[`snapshot test: all alarms 1`] = `
Object {
  "Parameters": Object {
    "BootstrapVersion": Object {
      "Default": "/cdk-bootstrap/hnb659fds/version",
      "Description": "Version of the CDK Bootstrap resources in this environment, automatically retrieved from SSM Parameter Store. [cdk:skip]",
      "Type": "AWS::SSM::Parameter::Value<String>",
    },
  },
  "Resources": Object {
    "Alarm7103F465": Object {
      "Properties": Object {
        "DashboardBody": Object {
          "Fn::Join": Array [
            "",
            Array [
              "{\\"widgets\\":[{\\"type\\":\\"metric\\",\\"width\\":6,\\"height\\":4,\\"x\\":0,\\"y\\":0,\\"properties\\":{\\"view\\":\\"timeSeries\\",\\"region\\":\\"",
              Object {
                "Ref": "AWS::Region",
              },
              "\\",\\"annotations\\":{\\"alarms\\":[\\"",
              Object {
                "Fn::GetAtt": Array [
                  "ScopeTestDummyLambdaIntegrationDurationP50Warning6F621EAC",
                  "Arn",
                ],
              },
              "\\"]},\\"yAxis\\":{}}},{\\"type\\":\\"metric\\",\\"width\\":6,\\"height\\":4,\\"x\\":6,\\"y\\":0,\\"properties\\":{\\"view\\":\\"timeSeries\\",\\"region\\":\\"",
              Object {
                "Ref": "AWS::Region",
              },
              "\\",\\"annotations\\":{\\"alarms\\":[\\"",
              Object {
                "Fn::GetAtt": Array [
                  "ScopeTestDummyLambdaIntegrationDurationP90Warning9F3D43F5",
                  "Arn",
                ],
              },
              "\\"]},\\"yAxis\\":{}}},{\\"type\\":\\"metric\\",\\"width\\":6,\\"height\\":4,\\"x\\":12,\\"y\\":0,\\"properties\\":{\\"view\\":\\"timeSeries\\",\\"region\\":\\"",
              Object {
                "Ref": "AWS::Region",
              },
              "\\",\\"annotations\\":{\\"alarms\\":[\\"",
              Object {
                "Fn::GetAtt": Array [
                  "ScopeTestDummyLambdaIntegrationDurationP99Warning87A8E30F",
                  "Arn",
                ],
              },
              "\\"]},\\"yAxis\\":{}}},{\\"type\\":\\"metric\\",\\"width\\":6,\\"height\\":4,\\"x\\":18,\\"y\\":0,\\"properties\\":{\\"view\\":\\"timeSeries\\",\\"region\\":\\"",
              Object {
                "Ref": "AWS::Region",
              },
              "\\",\\"annotations\\":{\\"alarms\\":[\\"",
              Object {
                "Fn::GetAtt": Array [
                  "ScopeTestDummyLambdaIntegrationFailureCountWarning52AC3BD6",
                  "Arn",
                ],
              },
              "\\"]},\\"yAxis\\":{}}},{\\"type\\":\\"metric\\",\\"width\\":6,\\"height\\":4,\\"x\\":0,\\"y\\":4,\\"properties\\":{\\"view\\":\\"timeSeries\\",\\"region\\":\\"",
              Object {
                "Ref": "AWS::Region",
              },
              "\\",\\"annotations\\":{\\"alarms\\":[\\"",
              Object {
                "Fn::GetAtt": Array [
                  "ScopeTestDummyLambdaIntegrationFailureRateWarning31D72EE7",
                  "Arn",
                ],
              },
              "\\"]},\\"yAxis\\":{}}},{\\"type\\":\\"metric\\",\\"width\\":6,\\"height\\":4,\\"x\\":6,\\"y\\":4,\\"properties\\":{\\"view\\":\\"timeSeries\\",\\"region\\":\\"",
              Object {
                "Ref": "AWS::Region",
              },
              "\\",\\"annotations\\":{\\"alarms\\":[\\"",
              Object {
                "Fn::GetAtt": Array [
                  "ScopeTestDummyLambdaIntegrationTimedOutCountWarningAD5965F9",
                  "Arn",
                ],
              },
              "\\"]},\\"yAxis\\":{}}}]}",
            ],
          ],
        },
      },
      "Type": "AWS::CloudWatch::Dashboard",
    },
    "Function76856677": Object {
      "DependsOn": Array [
        "FunctionServiceRole675BB04A",
      ],
      "Properties": Object {
        "Code": Object {
          "ZipFile": "{}",
        },
        "FunctionName": "DummyLambda",
        "Handler": "Dummy::handler",
        "Role": Object {
          "Fn::GetAtt": Array [
            "FunctionServiceRole675BB04A",
            "Arn",
          ],
        },
        "Runtime": "nodejs18.x",
      },
      "Type": "AWS::Lambda::Function",
    },
    "FunctionServiceRole675BB04A": Object {
      "Properties": Object {
        "AssumeRolePolicyDocument": Object {
          "Statement": Array [
            Object {
              "Action": "sts:AssumeRole",
              "Effect": "Allow",
              "Principal": Object {
                "Service": "lambda.amazonaws.com",
              },
            },
          ],
          "Version": "2012-10-17",
        },
        "ManagedPolicyArns": Array [
          Object {
            "Fn::Join": Array [
              "",
              Array [
                "arn:",
                Object {
                  "Ref": "AWS::Partition",
                },
                ":iam::aws:policy/service-role/AWSLambdaBasicExecutionRole",
              ],
            ],
          },
        ],
      },
      "Type": "AWS::IAM::Role",
    },
    "Resource": Object {
      "Properties": Object {
        "DashboardBody": Object {
          "Fn::Join": Array [
            "",
            Array [
              "{\\"widgets\\":[{\\"type\\":\\"text\\",\\"width\\":24,\\"height\\":1,\\"x\\":0,\\"y\\":0,\\"properties\\":{\\"markdown\\":\\"### States Lambda Integration **[DummyLambda](https://eu-west-1.console.aws.amazon.com/lambda/home?region=eu-west-1#/functions/",
              Object {
                "Ref": "Function76856677",
              },
              ")**\\"}},{\\"type\\":\\"metric\\",\\"width\\":6,\\"height\\":5,\\"x\\":0,\\"y\\":1,\\"properties\\":{\\"view\\":\\"timeSeries\\",\\"title\\":\\"Duration\\",\\"region\\":\\"",
              Object {
                "Ref": "AWS::Region",
              },
              "\\",\\"metrics\\":[[\\"AWS/States\\",\\"LambdaFunctionRunTime\\",\\"LambdaFunctionArn\\",\\"",
              Object {
                "Fn::GetAtt": Array [
                  "Function76856677",
                  "Arn",
                ],
              },
              "\\",{\\"label\\":\\"P50\\",\\"stat\\":\\"p50\\"}],[\\"AWS/States\\",\\"LambdaFunctionRunTime\\",\\"LambdaFunctionArn\\",\\"",
              Object {
                "Fn::GetAtt": Array [
                  "Function76856677",
                  "Arn",
                ],
              },
              "\\",{\\"label\\":\\"P90\\",\\"stat\\":\\"p90\\"}],[\\"AWS/States\\",\\"LambdaFunctionRunTime\\",\\"LambdaFunctionArn\\",\\"",
              Object {
                "Fn::GetAtt": Array [
                  "Function76856677",
                  "Arn",
                ],
              },
              "\\",{\\"label\\":\\"P99\\",\\"stat\\":\\"p99\\"}]],\\"annotations\\":{\\"horizontal\\":[{\\"label\\":\\"P50 > 60000 for 3 datapoints within 15 minutes\\",\\"value\\":60000,\\"yAxis\\":\\"left\\"},{\\"label\\":\\"P90 > 120000 for 3 datapoints within 15 minutes\\",\\"value\\":120000,\\"yAxis\\":\\"left\\"},{\\"label\\":\\"P99 > 180000 for 3 datapoints within 15 minutes\\",\\"value\\":180000,\\"yAxis\\":\\"left\\"}]},\\"yAxis\\":{\\"left\\":{\\"min\\":0,\\"label\\":\\"ms\\",\\"showUnits\\":false}}}},{\\"type\\":\\"metric\\",\\"width\\":12,\\"height\\":5,\\"x\\":6,\\"y\\":1,\\"properties\\":{\\"view\\":\\"timeSeries\\",\\"title\\":\\"Executions\\",\\"region\\":\\"",
              Object {
                "Ref": "AWS::Region",
              },
              "\\",\\"metrics\\":[[\\"AWS/States\\",\\"LambdaFunctionsScheduled\\",\\"LambdaFunctionArn\\",\\"",
              Object {
                "Fn::GetAtt": Array [
                  "Function76856677",
                  "Arn",
                ],
              },
              "\\",{\\"label\\":\\"Scheduled\\",\\"stat\\":\\"Sum\\"}],[\\"AWS/States\\",\\"LambdaFunctionsStarted\\",\\"LambdaFunctionArn\\",\\"",
              Object {
                "Fn::GetAtt": Array [
                  "Function76856677",
                  "Arn",
                ],
              },
              "\\",{\\"label\\":\\"Started\\",\\"stat\\":\\"Sum\\"}],[\\"AWS/States\\",\\"LambdaFunctionsSucceeded\\",\\"LambdaFunctionArn\\",\\"",
              Object {
                "Fn::GetAtt": Array [
                  "Function76856677",
                  "Arn",
                ],
              },
              "\\",{\\"label\\":\\"Succeeded\\",\\"stat\\":\\"Sum\\"}],[\\"AWS/States\\",\\"LambdaFunctionsFailed\\",\\"LambdaFunctionArn\\",\\"",
              Object {
                "Fn::GetAtt": Array [
                  "Function76856677",
                  "Arn",
                ],
              },
              "\\",{\\"label\\":\\"Failed\\",\\"stat\\":\\"Sum\\"}],[\\"AWS/States\\",\\"LambdaFunctionsTimedOut\\",\\"LambdaFunctionArn\\",\\"",
              Object {
                "Fn::GetAtt": Array [
                  "Function76856677",
                  "Arn",
                ],
              },
              "\\",{\\"label\\":\\"Timeout\\",\\"stat\\":\\"Sum\\"}]],\\"annotations\\":{\\"horizontal\\":[{\\"label\\":\\"Failed > 2 for 3 datapoints within 15 minutes\\",\\"value\\":2,\\"yAxis\\":\\"left\\"},{\\"label\\":\\"Timeout > 2 for 3 datapoints within 15 minutes\\",\\"value\\":2,\\"yAxis\\":\\"left\\"}]},\\"yAxis\\":{\\"left\\":{\\"min\\":0,\\"label\\":\\"Count\\",\\"showUnits\\":false}}}},{\\"type\\":\\"metric\\",\\"width\\":6,\\"height\\":5,\\"x\\":18,\\"y\\":1,\\"properties\\":{\\"view\\":\\"timeSeries\\",\\"title\\":\\"Errors (rate)\\",\\"region\\":\\"",
              Object {
                "Ref": "AWS::Region",
              },
              "\\",\\"metrics\\":[[\\"AWS/States\\",\\"LambdaFunctionsFailed\\",\\"LambdaFunctionArn\\",\\"",
              Object {
                "Fn::GetAtt": Array [
                  "Function76856677",
                  "Arn",
                ],
              },
              "\\",{\\"label\\":\\"Failed (avg)\\"}]],\\"annotations\\":{\\"horizontal\\":[{\\"label\\":\\"Failed (avg) > 1 for 3 datapoints within 15 minutes\\",\\"value\\":1,\\"yAxis\\":\\"left\\"}]},\\"yAxis\\":{}}}]}",
            ],
          ],
        },
      },
      "Type": "AWS::CloudWatch::Dashboard",
    },
    "ScopeTestDummyLambdaIntegrationDurationP50Warning6F621EAC": Object {
      "Properties": Object {
        "ActionsEnabled": true,
        "AlarmDescription": "P50 duration is too long.",
        "AlarmName": "Test-DummyLambdaIntegration-Duration-P50-Warning",
        "ComparisonOperator": "GreaterThanThreshold",
        "DatapointsToAlarm": 3,
        "EvaluationPeriods": 3,
        "Metrics": Array [
          Object {
            "Id": "m1",
            "Label": "P50",
            "MetricStat": Object {
              "Metric": Object {
                "Dimensions": Array [
                  Object {
                    "Name": "LambdaFunctionArn",
                    "Value": Object {
                      "Fn::GetAtt": Array [
                        "Function76856677",
                        "Arn",
                      ],
                    },
                  },
                ],
                "MetricName": "LambdaFunctionRunTime",
                "Namespace": "AWS/States",
              },
              "Period": 300,
              "Stat": "p50",
            },
            "ReturnData": true,
          },
        ],
        "Threshold": 60000,
        "TreatMissingData": "notBreaching",
      },
      "Type": "AWS::CloudWatch::Alarm",
    },
    "ScopeTestDummyLambdaIntegrationDurationP90Warning9F3D43F5": Object {
      "Properties": Object {
        "ActionsEnabled": true,
        "AlarmDescription": "P90 duration is too long.",
        "AlarmName": "Test-DummyLambdaIntegration-Duration-P90-Warning",
        "ComparisonOperator": "GreaterThanThreshold",
        "DatapointsToAlarm": 3,
        "EvaluationPeriods": 3,
        "Metrics": Array [
          Object {
            "Id": "m1",
            "Label": "P90",
            "MetricStat": Object {
              "Metric": Object {
                "Dimensions": Array [
                  Object {
                    "Name": "LambdaFunctionArn",
                    "Value": Object {
                      "Fn::GetAtt": Array [
                        "Function76856677",
                        "Arn",
                      ],
                    },
                  },
                ],
                "MetricName": "LambdaFunctionRunTime",
                "Namespace": "AWS/States",
              },
              "Period": 300,
              "Stat": "p90",
            },
            "ReturnData": true,
          },
        ],
        "Threshold": 120000,
        "TreatMissingData": "notBreaching",
      },
      "Type": "AWS::CloudWatch::Alarm",
    },
    "ScopeTestDummyLambdaIntegrationDurationP99Warning87A8E30F": Object {
      "Properties": Object {
        "ActionsEnabled": true,
        "AlarmDescription": "P99 duration is too long.",
        "AlarmName": "Test-DummyLambdaIntegration-Duration-P99-Warning",
        "ComparisonOperator": "GreaterThanThreshold",
        "DatapointsToAlarm": 3,
        "EvaluationPeriods": 3,
        "Metrics": Array [
          Object {
            "Id": "m1",
            "Label": "P99",
            "MetricStat": Object {
              "Metric": Object {
                "Dimensions": Array [
                  Object {
                    "Name": "LambdaFunctionArn",
                    "Value": Object {
                      "Fn::GetAtt": Array [
                        "Function76856677",
                        "Arn",
                      ],
                    },
                  },
                ],
                "MetricName": "LambdaFunctionRunTime",
                "Namespace": "AWS/States",
              },
              "Period": 300,
              "Stat": "p99",
            },
            "ReturnData": true,
          },
        ],
        "Threshold": 180000,
        "TreatMissingData": "notBreaching",
      },
      "Type": "AWS::CloudWatch::Alarm",
    },
    "ScopeTestDummyLambdaIntegrationFailureCountWarning52AC3BD6": Object {
      "Properties": Object {
        "ActionsEnabled": true,
        "AlarmDescription": "Failure count is too high.",
        "AlarmName": "Test-DummyLambdaIntegration-Failure-Count-Warning",
        "ComparisonOperator": "GreaterThanThreshold",
        "DatapointsToAlarm": 3,
        "EvaluationPeriods": 3,
        "Metrics": Array [
          Object {
            "Id": "m1",
            "Label": "Failed",
            "MetricStat": Object {
              "Metric": Object {
                "Dimensions": Array [
                  Object {
                    "Name": "LambdaFunctionArn",
                    "Value": Object {
                      "Fn::GetAtt": Array [
                        "Function76856677",
                        "Arn",
                      ],
                    },
                  },
                ],
                "MetricName": "LambdaFunctionsFailed",
                "Namespace": "AWS/States",
              },
              "Period": 300,
              "Stat": "Sum",
            },
            "ReturnData": true,
          },
        ],
        "Threshold": 2,
        "TreatMissingData": "notBreaching",
      },
      "Type": "AWS::CloudWatch::Alarm",
    },
    "ScopeTestDummyLambdaIntegrationFailureRateWarning31D72EE7": Object {
      "Properties": Object {
        "ActionsEnabled": true,
        "AlarmDescription": "Failure rate is too high.",
        "AlarmName": "Test-DummyLambdaIntegration-Failure-Rate-Warning",
        "ComparisonOperator": "GreaterThanThreshold",
        "DatapointsToAlarm": 3,
        "EvaluationPeriods": 3,
        "Metrics": Array [
          Object {
            "Id": "m1",
            "Label": "Failed (avg)",
            "MetricStat": Object {
              "Metric": Object {
                "Dimensions": Array [
                  Object {
                    "Name": "LambdaFunctionArn",
                    "Value": Object {
                      "Fn::GetAtt": Array [
                        "Function76856677",
                        "Arn",
                      ],
                    },
                  },
                ],
                "MetricName": "LambdaFunctionsFailed",
                "Namespace": "AWS/States",
              },
              "Period": 300,
              "Stat": "Average",
            },
            "ReturnData": true,
          },
        ],
        "Threshold": 1,
        "TreatMissingData": "notBreaching",
      },
      "Type": "AWS::CloudWatch::Alarm",
    },
    "ScopeTestDummyLambdaIntegrationTimedOutCountWarningAD5965F9": Object {
      "Properties": Object {
        "ActionsEnabled": true,
        "AlarmDescription": "TimedOut count is too high.",
        "AlarmName": "Test-DummyLambdaIntegration-TimedOut-Count-Warning",
        "ComparisonOperator": "GreaterThanThreshold",
        "DatapointsToAlarm": 3,
        "EvaluationPeriods": 3,
        "Metrics": Array [
          Object {
            "Id": "m1",
            "Label": "Timeout",
            "MetricStat": Object {
              "Metric": Object {
                "Dimensions": Array [
                  Object {
                    "Name": "LambdaFunctionArn",
                    "Value": Object {
                      "Fn::GetAtt": Array [
                        "Function76856677",
                        "Arn",
                      ],
                    },
                  },
                ],
                "MetricName": "LambdaFunctionsTimedOut",
                "Namespace": "AWS/States",
              },
              "Period": 300,
              "Stat": "Sum",
            },
            "ReturnData": true,
          },
        ],
        "Threshold": 2,
        "TreatMissingData": "notBreaching",
      },
      "Type": "AWS::CloudWatch::Alarm",
    },
    "Summary68521F81": Object {
      "Properties": Object {
        "DashboardBody": Object {
          "Fn::Join": Array [
            "",
            Array [
              "{\\"widgets\\":[{\\"type\\":\\"text\\",\\"width\\":24,\\"height\\":1,\\"x\\":0,\\"y\\":0,\\"properties\\":{\\"markdown\\":\\"### States Lambda Integration **[DummyLambda](https://eu-west-1.console.aws.amazon.com/lambda/home?region=eu-west-1#/functions/",
              Object {
                "Ref": "Function76856677",
              },
              ")**\\"}},{\\"type\\":\\"metric\\",\\"width\\":12,\\"height\\":6,\\"x\\":0,\\"y\\":1,\\"properties\\":{\\"view\\":\\"timeSeries\\",\\"title\\":\\"Duration\\",\\"region\\":\\"",
              Object {
                "Ref": "AWS::Region",
              },
              "\\",\\"metrics\\":[[\\"AWS/States\\",\\"LambdaFunctionRunTime\\",\\"LambdaFunctionArn\\",\\"",
              Object {
                "Fn::GetAtt": Array [
                  "Function76856677",
                  "Arn",
                ],
              },
              "\\",{\\"label\\":\\"P50\\",\\"stat\\":\\"p50\\"}],[\\"AWS/States\\",\\"LambdaFunctionRunTime\\",\\"LambdaFunctionArn\\",\\"",
              Object {
                "Fn::GetAtt": Array [
                  "Function76856677",
                  "Arn",
                ],
              },
              "\\",{\\"label\\":\\"P90\\",\\"stat\\":\\"p90\\"}],[\\"AWS/States\\",\\"LambdaFunctionRunTime\\",\\"LambdaFunctionArn\\",\\"",
              Object {
                "Fn::GetAtt": Array [
                  "Function76856677",
                  "Arn",
                ],
              },
              "\\",{\\"label\\":\\"P99\\",\\"stat\\":\\"p99\\"}]],\\"annotations\\":{\\"horizontal\\":[{\\"label\\":\\"P50 > 60000 for 3 datapoints within 15 minutes\\",\\"value\\":60000,\\"yAxis\\":\\"left\\"},{\\"label\\":\\"P90 > 120000 for 3 datapoints within 15 minutes\\",\\"value\\":120000,\\"yAxis\\":\\"left\\"},{\\"label\\":\\"P99 > 180000 for 3 datapoints within 15 minutes\\",\\"value\\":180000,\\"yAxis\\":\\"left\\"}]},\\"yAxis\\":{\\"left\\":{\\"min\\":0,\\"label\\":\\"ms\\",\\"showUnits\\":false}}}},{\\"type\\":\\"metric\\",\\"width\\":12,\\"height\\":6,\\"x\\":12,\\"y\\":1,\\"properties\\":{\\"view\\":\\"timeSeries\\",\\"title\\":\\"Executions\\",\\"region\\":\\"",
              Object {
                "Ref": "AWS::Region",
              },
              "\\",\\"metrics\\":[[\\"AWS/States\\",\\"LambdaFunctionsScheduled\\",\\"LambdaFunctionArn\\",\\"",
              Object {
                "Fn::GetAtt": Array [
                  "Function76856677",
                  "Arn",
                ],
              },
              "\\",{\\"label\\":\\"Scheduled\\",\\"stat\\":\\"Sum\\"}],[\\"AWS/States\\",\\"LambdaFunctionsStarted\\",\\"LambdaFunctionArn\\",\\"",
              Object {
                "Fn::GetAtt": Array [
                  "Function76856677",
                  "Arn",
                ],
              },
              "\\",{\\"label\\":\\"Started\\",\\"stat\\":\\"Sum\\"}],[\\"AWS/States\\",\\"LambdaFunctionsSucceeded\\",\\"LambdaFunctionArn\\",\\"",
              Object {
                "Fn::GetAtt": Array [
                  "Function76856677",
                  "Arn",
                ],
              },
              "\\",{\\"label\\":\\"Succeeded\\",\\"stat\\":\\"Sum\\"}],[\\"AWS/States\\",\\"LambdaFunctionsFailed\\",\\"LambdaFunctionArn\\",\\"",
              Object {
                "Fn::GetAtt": Array [
                  "Function76856677",
                  "Arn",
                ],
              },
              "\\",{\\"label\\":\\"Failed\\",\\"stat\\":\\"Sum\\"}],[\\"AWS/States\\",\\"LambdaFunctionsTimedOut\\",\\"LambdaFunctionArn\\",\\"",
              Object {
                "Fn::GetAtt": Array [
                  "Function76856677",
                  "Arn",
                ],
              },
              "\\",{\\"label\\":\\"Timeout\\",\\"stat\\":\\"Sum\\"}]],\\"annotations\\":{\\"horizontal\\":[{\\"label\\":\\"Failed > 2 for 3 datapoints within 15 minutes\\",\\"value\\":2,\\"yAxis\\":\\"left\\"},{\\"label\\":\\"Timeout > 2 for 3 datapoints within 15 minutes\\",\\"value\\":2,\\"yAxis\\":\\"left\\"}]},\\"yAxis\\":{\\"left\\":{\\"min\\":0,\\"label\\":\\"Count\\",\\"showUnits\\":false}}}}]}",
            ],
          ],
        },
      },
      "Type": "AWS::CloudWatch::Dashboard",
    },
  },
  "Rules": Object {
    "CheckBootstrapVersion": Object {
      "Assertions": Array [
        Object {
          "Assert": Object {
            "Fn::Not": Array [
              Object {
                "Fn::Contains": Array [
                  Array [
                    "1",
                    "2",
                    "3",
                    "4",
                    "5",
                  ],
                  Object {
                    "Ref": "BootstrapVersion",
                  },
                ],
              },
            ],
          },
          "AssertDescription": "CDK bootstrap stack version 6 required. Please run 'cdk bootstrap' with a recent version of the CDK CLI.",
        },
      ],
    },
  },
}
`;

exports[`snapshot test: no alarms 1`] = `
Object {
  "Parameters": Object {
    "BootstrapVersion": Object {
      "Default": "/cdk-bootstrap/hnb659fds/version",
      "Description": "Version of the CDK Bootstrap resources in this environment, automatically retrieved from SSM Parameter Store. [cdk:skip]",
      "Type": "AWS::SSM::Parameter::Value<String>",
    },
  },
  "Resources": Object {
    "Alarm7103F465": Object {
      "Properties": Object {
        "DashboardBody": "{\\"widgets\\":[]}",
      },
      "Type": "AWS::CloudWatch::Dashboard",
    },
    "Function76856677": Object {
      "DependsOn": Array [
        "FunctionServiceRole675BB04A",
      ],
      "Properties": Object {
        "Code": Object {
          "ZipFile": "{}",
        },
        "FunctionName": "DummyLambda",
        "Handler": "Dummy::handler",
        "Role": Object {
          "Fn::GetAtt": Array [
            "FunctionServiceRole675BB04A",
            "Arn",
          ],
        },
        "Runtime": "nodejs18.x",
      },
      "Type": "AWS::Lambda::Function",
    },
    "FunctionServiceRole675BB04A": Object {
      "Properties": Object {
        "AssumeRolePolicyDocument": Object {
          "Statement": Array [
            Object {
              "Action": "sts:AssumeRole",
              "Effect": "Allow",
              "Principal": Object {
                "Service": "lambda.amazonaws.com",
              },
            },
          ],
          "Version": "2012-10-17",
        },
        "ManagedPolicyArns": Array [
          Object {
            "Fn::Join": Array [
              "",
              Array [
                "arn:",
                Object {
                  "Ref": "AWS::Partition",
                },
                ":iam::aws:policy/service-role/AWSLambdaBasicExecutionRole",
              ],
            ],
          },
        ],
      },
      "Type": "AWS::IAM::Role",
    },
    "Resource": Object {
      "Properties": Object {
        "DashboardBody": Object {
          "Fn::Join": Array [
            "",
            Array [
              "{\\"widgets\\":[{\\"type\\":\\"text\\",\\"width\\":24,\\"height\\":1,\\"x\\":0,\\"y\\":0,\\"properties\\":{\\"markdown\\":\\"### States Lambda Integration **[DummyLambda](https://eu-west-1.console.aws.amazon.com/lambda/home?region=eu-west-1#/functions/",
              Object {
                "Ref": "Function76856677",
              },
              ")**\\"}},{\\"type\\":\\"metric\\",\\"width\\":6,\\"height\\":5,\\"x\\":0,\\"y\\":1,\\"properties\\":{\\"view\\":\\"timeSeries\\",\\"title\\":\\"Duration\\",\\"region\\":\\"",
              Object {
                "Ref": "AWS::Region",
              },
              "\\",\\"metrics\\":[[\\"AWS/States\\",\\"LambdaFunctionRunTime\\",\\"LambdaFunctionArn\\",\\"",
              Object {
                "Fn::GetAtt": Array [
                  "Function76856677",
                  "Arn",
                ],
              },
              "\\",{\\"label\\":\\"P50\\",\\"stat\\":\\"p50\\"}],[\\"AWS/States\\",\\"LambdaFunctionRunTime\\",\\"LambdaFunctionArn\\",\\"",
              Object {
                "Fn::GetAtt": Array [
                  "Function76856677",
                  "Arn",
                ],
              },
              "\\",{\\"label\\":\\"P90\\",\\"stat\\":\\"p90\\"}],[\\"AWS/States\\",\\"LambdaFunctionRunTime\\",\\"LambdaFunctionArn\\",\\"",
              Object {
                "Fn::GetAtt": Array [
                  "Function76856677",
                  "Arn",
                ],
              },
              "\\",{\\"label\\":\\"P99\\",\\"stat\\":\\"p99\\"}]],\\"yAxis\\":{\\"left\\":{\\"min\\":0,\\"label\\":\\"ms\\",\\"showUnits\\":false}}}},{\\"type\\":\\"metric\\",\\"width\\":12,\\"height\\":5,\\"x\\":6,\\"y\\":1,\\"properties\\":{\\"view\\":\\"timeSeries\\",\\"title\\":\\"Executions\\",\\"region\\":\\"",
              Object {
                "Ref": "AWS::Region",
              },
              "\\",\\"metrics\\":[[\\"AWS/States\\",\\"LambdaFunctionsScheduled\\",\\"LambdaFunctionArn\\",\\"",
              Object {
                "Fn::GetAtt": Array [
                  "Function76856677",
                  "Arn",
                ],
              },
              "\\",{\\"label\\":\\"Scheduled\\",\\"stat\\":\\"Sum\\"}],[\\"AWS/States\\",\\"LambdaFunctionsStarted\\",\\"LambdaFunctionArn\\",\\"",
              Object {
                "Fn::GetAtt": Array [
                  "Function76856677",
                  "Arn",
                ],
              },
              "\\",{\\"label\\":\\"Started\\",\\"stat\\":\\"Sum\\"}],[\\"AWS/States\\",\\"LambdaFunctionsSucceeded\\",\\"LambdaFunctionArn\\",\\"",
              Object {
                "Fn::GetAtt": Array [
                  "Function76856677",
                  "Arn",
                ],
              },
              "\\",{\\"label\\":\\"Succeeded\\",\\"stat\\":\\"Sum\\"}],[\\"AWS/States\\",\\"LambdaFunctionsFailed\\",\\"LambdaFunctionArn\\",\\"",
              Object {
                "Fn::GetAtt": Array [
                  "Function76856677",
                  "Arn",
                ],
              },
              "\\",{\\"label\\":\\"Failed\\",\\"stat\\":\\"Sum\\"}],[\\"AWS/States\\",\\"LambdaFunctionsTimedOut\\",\\"LambdaFunctionArn\\",\\"",
              Object {
                "Fn::GetAtt": Array [
                  "Function76856677",
                  "Arn",
                ],
              },
              "\\",{\\"label\\":\\"Timeout\\",\\"stat\\":\\"Sum\\"}]],\\"yAxis\\":{\\"left\\":{\\"min\\":0,\\"label\\":\\"Count\\",\\"showUnits\\":false}}}},{\\"type\\":\\"metric\\",\\"width\\":6,\\"height\\":5,\\"x\\":18,\\"y\\":1,\\"properties\\":{\\"view\\":\\"timeSeries\\",\\"title\\":\\"Errors (rate)\\",\\"region\\":\\"",
              Object {
                "Ref": "AWS::Region",
              },
              "\\",\\"metrics\\":[[\\"AWS/States\\",\\"LambdaFunctionsFailed\\",\\"LambdaFunctionArn\\",\\"",
              Object {
                "Fn::GetAtt": Array [
                  "Function76856677",
                  "Arn",
                ],
              },
              "\\",{\\"label\\":\\"Failed (avg)\\"}]],\\"yAxis\\":{}}}]}",
            ],
          ],
        },
      },
      "Type": "AWS::CloudWatch::Dashboard",
    },
    "Summary68521F81": Object {
      "Properties": Object {
        "DashboardBody": Object {
          "Fn::Join": Array [
            "",
            Array [
              "{\\"widgets\\":[{\\"type\\":\\"text\\",\\"width\\":24,\\"height\\":1,\\"x\\":0,\\"y\\":0,\\"properties\\":{\\"markdown\\":\\"### States Lambda Integration **[DummyLambda](https://eu-west-1.console.aws.amazon.com/lambda/home?region=eu-west-1#/functions/",
              Object {
                "Ref": "Function76856677",
              },
              ")**\\"}},{\\"type\\":\\"metric\\",\\"width\\":12,\\"height\\":6,\\"x\\":0,\\"y\\":1,\\"properties\\":{\\"view\\":\\"timeSeries\\",\\"title\\":\\"Duration\\",\\"region\\":\\"",
              Object {
                "Ref": "AWS::Region",
              },
              "\\",\\"metrics\\":[[\\"AWS/States\\",\\"LambdaFunctionRunTime\\",\\"LambdaFunctionArn\\",\\"",
              Object {
                "Fn::GetAtt": Array [
                  "Function76856677",
                  "Arn",
                ],
              },
              "\\",{\\"label\\":\\"P50\\",\\"stat\\":\\"p50\\"}],[\\"AWS/States\\",\\"LambdaFunctionRunTime\\",\\"LambdaFunctionArn\\",\\"",
              Object {
                "Fn::GetAtt": Array [
                  "Function76856677",
                  "Arn",
                ],
              },
              "\\",{\\"label\\":\\"P90\\",\\"stat\\":\\"p90\\"}],[\\"AWS/States\\",\\"LambdaFunctionRunTime\\",\\"LambdaFunctionArn\\",\\"",
              Object {
                "Fn::GetAtt": Array [
                  "Function76856677",
                  "Arn",
                ],
              },
              "\\",{\\"label\\":\\"P99\\",\\"stat\\":\\"p99\\"}]],\\"yAxis\\":{\\"left\\":{\\"min\\":0,\\"label\\":\\"ms\\",\\"showUnits\\":false}}}},{\\"type\\":\\"metric\\",\\"width\\":12,\\"height\\":6,\\"x\\":12,\\"y\\":1,\\"properties\\":{\\"view\\":\\"timeSeries\\",\\"title\\":\\"Executions\\",\\"region\\":\\"",
              Object {
                "Ref": "AWS::Region",
              },
              "\\",\\"metrics\\":[[\\"AWS/States\\",\\"LambdaFunctionsScheduled\\",\\"LambdaFunctionArn\\",\\"",
              Object {
                "Fn::GetAtt": Array [
                  "Function76856677",
                  "Arn",
                ],
              },
              "\\",{\\"label\\":\\"Scheduled\\",\\"stat\\":\\"Sum\\"}],[\\"AWS/States\\",\\"LambdaFunctionsStarted\\",\\"LambdaFunctionArn\\",\\"",
              Object {
                "Fn::GetAtt": Array [
                  "Function76856677",
                  "Arn",
                ],
              },
              "\\",{\\"label\\":\\"Started\\",\\"stat\\":\\"Sum\\"}],[\\"AWS/States\\",\\"LambdaFunctionsSucceeded\\",\\"LambdaFunctionArn\\",\\"",
              Object {
                "Fn::GetAtt": Array [
                  "Function76856677",
                  "Arn",
                ],
              },
              "\\",{\\"label\\":\\"Succeeded\\",\\"stat\\":\\"Sum\\"}],[\\"AWS/States\\",\\"LambdaFunctionsFailed\\",\\"LambdaFunctionArn\\",\\"",
              Object {
                "Fn::GetAtt": Array [
                  "Function76856677",
                  "Arn",
                ],
              },
              "\\",{\\"label\\":\\"Failed\\",\\"stat\\":\\"Sum\\"}],[\\"AWS/States\\",\\"LambdaFunctionsTimedOut\\",\\"LambdaFunctionArn\\",\\"",
              Object {
                "Fn::GetAtt": Array [
                  "Function76856677",
                  "Arn",
                ],
              },
              "\\",{\\"label\\":\\"Timeout\\",\\"stat\\":\\"Sum\\"}]],\\"yAxis\\":{\\"left\\":{\\"min\\":0,\\"label\\":\\"Count\\",\\"showUnits\\":false}}}}]}",
            ],
          ],
        },
      },
      "Type": "AWS::CloudWatch::Dashboard",
    },
  },
  "Rules": Object {
    "CheckBootstrapVersion": Object {
      "Assertions": Array [
        Object {
          "Assert": Object {
            "Fn::Not": Array [
              Object {
                "Fn::Contains": Array [
                  Array [
                    "1",
                    "2",
                    "3",
                    "4",
                    "5",
                  ],
                  Object {
                    "Ref": "BootstrapVersion",
                  },
                ],
              },
            ],
          },
          "AssertDescription": "CDK bootstrap stack version 6 required. Please run 'cdk bootstrap' with a recent version of the CDK CLI.",
        },
      ],
    },
  },
}
`;
