// Jest Snapshot v1, https://goo.gl/fbAQLP

exports[`snapshot test: all alarms 1`] = `
Object {
  "Parameters": Object {
    "BootstrapVersion": Object {
      "Default": "/cdk-bootstrap/hnb659fds/version",
      "Description": "Version of the CDK Bootstrap resources in this environment, automatically retrieved from SSM Parameter Store. [cdk:skip]",
      "Type": "AWS::SSM::Parameter::Value<String>",
    },
  },
  "Resources": Object {
    "Alarm7103F465": Object {
      "Properties": Object {
        "DashboardBody": Object {
          "Fn::Join": Array [
            "",
            Array [
              "{\\"widgets\\":[{\\"type\\":\\"metric\\",\\"width\\":6,\\"height\\":4,\\"x\\":0,\\"y\\":0,\\"properties\\":{\\"view\\":\\"timeSeries\\",\\"region\\":\\"",
              Object {
                "Ref": "AWS::Region",
              },
              "\\",\\"annotations\\":{\\"alarms\\":[\\"",
              Object {
                "Fn::GetAtt": Array [
                  "ScopeTestmyredshiftclusterDiskUsageWarning77DA71A5",
                  "Arn",
                ],
              },
              "\\"]},\\"yAxis\\":{}}},{\\"type\\":\\"metric\\",\\"width\\":6,\\"height\\":4,\\"x\\":6,\\"y\\":0,\\"properties\\":{\\"view\\":\\"timeSeries\\",\\"region\\":\\"",
              Object {
                "Ref": "AWS::Region",
              },
              "\\",\\"annotations\\":{\\"alarms\\":[\\"",
              Object {
                "Fn::GetAtt": Array [
                  "ScopeTestmyredshiftclusterCPUUsageWarning8E35DCEC",
                  "Arn",
                ],
              },
              "\\"]},\\"yAxis\\":{}}}]}",
            ],
          ],
        },
      },
      "Type": "AWS::CloudWatch::Dashboard",
    },
    "Resource": Object {
      "Properties": Object {
        "DashboardBody": Object {
          "Fn::Join": Array [
            "",
            Array [
              "{\\"widgets\\":[{\\"type\\":\\"text\\",\\"width\\":24,\\"height\\":1,\\"x\\":0,\\"y\\":0,\\"properties\\":{\\"markdown\\":\\"### RDS Cluster **[my-redshift-cluster](https://eu-west-1.console.aws.amazon.com/rds/home?region=eu-west-1#database:id=my-redshift-cluster;is-cluster=true;tab=monitoring)**\\"}},{\\"type\\":\\"metric\\",\\"width\\":6,\\"height\\":5,\\"x\\":0,\\"y\\":1,\\"properties\\":{\\"view\\":\\"timeSeries\\",\\"title\\":\\"CPU/Disk Usage\\",\\"region\\":\\"",
              Object {
                "Ref": "AWS::Region",
              },
              "\\",\\"metrics\\":[[\\"AWS/RDS\\",\\"CPUUtilization\\",\\"DBClusterIdentifier\\",\\"my-redshift-cluster\\",{\\"label\\":\\"CPU Usage\\"}],[{\\"label\\":\\"Disk Usage\\",\\"expression\\":\\"100 * (used/(used+free))\\"}],[\\"AWS/RDS\\",\\"VolumeBytesUsed\\",\\"DBClusterIdentifier\\",\\"my-redshift-cluster\\",{\\"label\\":\\"Used\\",\\"stat\\":\\"Maximum\\",\\"visible\\":false,\\"id\\":\\"used\\"}],[\\"AWS/RDS\\",\\"FreeLocalStorage\\",\\"DBClusterIdentifier\\",\\"my-redshift-cluster\\",{\\"label\\":\\"Free\\",\\"stat\\":\\"Minimum\\",\\"visible\\":false,\\"id\\":\\"free\\"}]],\\"annotations\\":{\\"horizontal\\":[{\\"label\\":\\"Disk Usage > 80 for 3 datapoints within 15 minutes\\",\\"value\\":80,\\"yAxis\\":\\"left\\"},{\\"label\\":\\"CPU Usage > 70 for 3 datapoints within 15 minutes\\",\\"value\\":70,\\"yAxis\\":\\"left\\"}]},\\"yAxis\\":{\\"left\\":{\\"min\\":0,\\"max\\":100,\\"label\\":\\"%\\",\\"showUnits\\":false}}}},{\\"type\\":\\"metric\\",\\"width\\":6,\\"height\\":5,\\"x\\":6,\\"y\\":1,\\"properties\\":{\\"view\\":\\"timeSeries\\",\\"title\\":\\"Connections\\",\\"region\\":\\"",
              Object {
                "Ref": "AWS::Region",
              },
              "\\",\\"metrics\\":[[\\"AWS/RDS\\",\\"DatabaseConnections\\",\\"DBClusterIdentifier\\",\\"my-redshift-cluster\\",{\\"label\\":\\"Connections\\",\\"stat\\":\\"Sum\\"}]],\\"yAxis\\":{\\"left\\":{\\"min\\":0,\\"label\\":\\"Count\\",\\"showUnits\\":false}}}},{\\"type\\":\\"metric\\",\\"width\\":12,\\"height\\":5,\\"x\\":12,\\"y\\":1,\\"properties\\":{\\"view\\":\\"timeSeries\\",\\"title\\":\\"Query Duration\\",\\"region\\":\\"",
              Object {
                "Ref": "AWS::Region",
              },
              "\\",\\"metrics\\":[[\\"AWS/RDS\\",\\"SelectLatency\\",\\"DBClusterIdentifier\\",\\"my-redshift-cluster\\",{\\"label\\":\\"Select\\",\\"stat\\":\\"p90\\"}],[\\"AWS/RDS\\",\\"InsertLatency\\",\\"DBClusterIdentifier\\",\\"my-redshift-cluster\\",{\\"label\\":\\"Insert\\",\\"stat\\":\\"p90\\"}],[\\"AWS/RDS\\",\\"UpdateLatency\\",\\"DBClusterIdentifier\\",\\"my-redshift-cluster\\",{\\"label\\":\\"Update\\",\\"stat\\":\\"p90\\"}],[\\"AWS/RDS\\",\\"DeleteLatency\\",\\"DBClusterIdentifier\\",\\"my-redshift-cluster\\",{\\"label\\":\\"Delete\\",\\"stat\\":\\"p90\\"}],[\\"AWS/RDS\\",\\"CommitLatency\\",\\"DBClusterIdentifier\\",\\"my-redshift-cluster\\",{\\"label\\":\\"Commit\\",\\"stat\\":\\"p90\\"}]],\\"yAxis\\":{\\"left\\":{\\"min\\":0,\\"label\\":\\"ms\\",\\"showUnits\\":false}}}}]}",
            ],
          ],
        },
      },
      "Type": "AWS::CloudWatch::Dashboard",
    },
    "ScopeTestmyredshiftclusterCPUUsageWarning8E35DCEC": Object {
      "Properties": Object {
        "ActionsEnabled": true,
        "AlarmDescription": "The CPU usage is too high.",
        "AlarmName": "Test-my-redshift-cluster-CPU-Usage-Warning",
        "ComparisonOperator": "GreaterThanThreshold",
        "DatapointsToAlarm": 3,
        "EvaluationPeriods": 3,
        "Metrics": Array [
          Object {
            "Id": "m1",
            "Label": "CPU Usage",
            "MetricStat": Object {
              "Metric": Object {
                "Dimensions": Array [
                  Object {
                    "Name": "DBClusterIdentifier",
                    "Value": "my-redshift-cluster",
                  },
                ],
                "MetricName": "CPUUtilization",
                "Namespace": "AWS/RDS",
              },
              "Period": 300,
              "Stat": "Average",
            },
            "ReturnData": true,
          },
        ],
        "Threshold": 70,
        "TreatMissingData": "missing",
      },
      "Type": "AWS::CloudWatch::Alarm",
    },
    "ScopeTestmyredshiftclusterDiskUsageWarning77DA71A5": Object {
      "Properties": Object {
        "ActionsEnabled": true,
        "AlarmDescription": "The disk usage is too high.",
        "AlarmName": "Test-my-redshift-cluster-Disk-Usage-Warning",
        "ComparisonOperator": "GreaterThanThreshold",
        "DatapointsToAlarm": 3,
        "EvaluationPeriods": 3,
        "Metrics": Array [
          Object {
            "Expression": "100 * (used/(used+free))",
            "Id": "expr_1",
            "Label": "Disk Usage",
          },
          Object {
            "Id": "used",
            "Label": "Used",
            "MetricStat": Object {
              "Metric": Object {
                "Dimensions": Array [
                  Object {
                    "Name": "DBClusterIdentifier",
                    "Value": "my-redshift-cluster",
                  },
                ],
                "MetricName": "VolumeBytesUsed",
                "Namespace": "AWS/RDS",
              },
              "Period": 300,
              "Stat": "Maximum",
            },
            "ReturnData": false,
          },
          Object {
            "Id": "free",
            "Label": "Free",
            "MetricStat": Object {
              "Metric": Object {
                "Dimensions": Array [
                  Object {
                    "Name": "DBClusterIdentifier",
                    "Value": "my-redshift-cluster",
                  },
                ],
                "MetricName": "FreeLocalStorage",
                "Namespace": "AWS/RDS",
              },
              "Period": 300,
              "Stat": "Minimum",
            },
            "ReturnData": false,
          },
        ],
        "Threshold": 80,
        "TreatMissingData": "missing",
      },
      "Type": "AWS::CloudWatch::Alarm",
    },
    "Summary68521F81": Object {
      "Properties": Object {
        "DashboardBody": Object {
          "Fn::Join": Array [
            "",
            Array [
              "{\\"widgets\\":[{\\"type\\":\\"text\\",\\"width\\":24,\\"height\\":1,\\"x\\":0,\\"y\\":0,\\"properties\\":{\\"markdown\\":\\"### RDS Cluster **[my-redshift-cluster](https://eu-west-1.console.aws.amazon.com/rds/home?region=eu-west-1#database:id=my-redshift-cluster;is-cluster=true;tab=monitoring)**\\"}},{\\"type\\":\\"metric\\",\\"width\\":8,\\"height\\":6,\\"x\\":0,\\"y\\":1,\\"properties\\":{\\"view\\":\\"timeSeries\\",\\"title\\":\\"CPU/Disk Usage\\",\\"region\\":\\"",
              Object {
                "Ref": "AWS::Region",
              },
              "\\",\\"metrics\\":[[\\"AWS/RDS\\",\\"CPUUtilization\\",\\"DBClusterIdentifier\\",\\"my-redshift-cluster\\",{\\"label\\":\\"CPU Usage\\"}],[{\\"label\\":\\"Disk Usage\\",\\"expression\\":\\"100 * (used/(used+free))\\"}],[\\"AWS/RDS\\",\\"VolumeBytesUsed\\",\\"DBClusterIdentifier\\",\\"my-redshift-cluster\\",{\\"label\\":\\"Used\\",\\"stat\\":\\"Maximum\\",\\"visible\\":false,\\"id\\":\\"used\\"}],[\\"AWS/RDS\\",\\"FreeLocalStorage\\",\\"DBClusterIdentifier\\",\\"my-redshift-cluster\\",{\\"label\\":\\"Free\\",\\"stat\\":\\"Minimum\\",\\"visible\\":false,\\"id\\":\\"free\\"}]],\\"annotations\\":{\\"horizontal\\":[{\\"label\\":\\"Disk Usage > 80 for 3 datapoints within 15 minutes\\",\\"value\\":80,\\"yAxis\\":\\"left\\"},{\\"label\\":\\"CPU Usage > 70 for 3 datapoints within 15 minutes\\",\\"value\\":70,\\"yAxis\\":\\"left\\"}]},\\"yAxis\\":{\\"left\\":{\\"min\\":0,\\"max\\":100,\\"label\\":\\"%\\",\\"showUnits\\":false}}}},{\\"type\\":\\"metric\\",\\"width\\":8,\\"height\\":6,\\"x\\":8,\\"y\\":1,\\"properties\\":{\\"view\\":\\"timeSeries\\",\\"title\\":\\"Connections\\",\\"region\\":\\"",
              Object {
                "Ref": "AWS::Region",
              },
              "\\",\\"metrics\\":[[\\"AWS/RDS\\",\\"DatabaseConnections\\",\\"DBClusterIdentifier\\",\\"my-redshift-cluster\\",{\\"label\\":\\"Connections\\",\\"stat\\":\\"Sum\\"}]],\\"yAxis\\":{\\"left\\":{\\"min\\":0,\\"label\\":\\"Count\\",\\"showUnits\\":false}}}},{\\"type\\":\\"metric\\",\\"width\\":8,\\"height\\":6,\\"x\\":16,\\"y\\":1,\\"properties\\":{\\"view\\":\\"timeSeries\\",\\"title\\":\\"Query Duration\\",\\"region\\":\\"",
              Object {
                "Ref": "AWS::Region",
              },
              "\\",\\"metrics\\":[[\\"AWS/RDS\\",\\"SelectLatency\\",\\"DBClusterIdentifier\\",\\"my-redshift-cluster\\",{\\"label\\":\\"Select\\",\\"stat\\":\\"p90\\"}],[\\"AWS/RDS\\",\\"InsertLatency\\",\\"DBClusterIdentifier\\",\\"my-redshift-cluster\\",{\\"label\\":\\"Insert\\",\\"stat\\":\\"p90\\"}],[\\"AWS/RDS\\",\\"UpdateLatency\\",\\"DBClusterIdentifier\\",\\"my-redshift-cluster\\",{\\"label\\":\\"Update\\",\\"stat\\":\\"p90\\"}],[\\"AWS/RDS\\",\\"DeleteLatency\\",\\"DBClusterIdentifier\\",\\"my-redshift-cluster\\",{\\"label\\":\\"Delete\\",\\"stat\\":\\"p90\\"}],[\\"AWS/RDS\\",\\"CommitLatency\\",\\"DBClusterIdentifier\\",\\"my-redshift-cluster\\",{\\"label\\":\\"Commit\\",\\"stat\\":\\"p90\\"}]],\\"yAxis\\":{\\"left\\":{\\"min\\":0,\\"label\\":\\"ms\\",\\"showUnits\\":false}}}}]}",
            ],
          ],
        },
      },
      "Type": "AWS::CloudWatch::Dashboard",
    },
  },
  "Rules": Object {
    "CheckBootstrapVersion": Object {
      "Assertions": Array [
        Object {
          "Assert": Object {
            "Fn::Not": Array [
              Object {
                "Fn::Contains": Array [
                  Array [
                    "1",
                    "2",
                    "3",
                    "4",
                    "5",
                  ],
                  Object {
                    "Ref": "BootstrapVersion",
                  },
                ],
              },
            ],
          },
          "AssertDescription": "CDK bootstrap stack version 6 required. Please run 'cdk bootstrap' with a recent version of the CDK CLI.",
        },
      ],
    },
  },
}
`;

exports[`snapshot test: no alarms 1`] = `
Object {
  "Parameters": Object {
    "BootstrapVersion": Object {
      "Default": "/cdk-bootstrap/hnb659fds/version",
      "Description": "Version of the CDK Bootstrap resources in this environment, automatically retrieved from SSM Parameter Store. [cdk:skip]",
      "Type": "AWS::SSM::Parameter::Value<String>",
    },
  },
  "Resources": Object {
    "Alarm7103F465": Object {
      "Properties": Object {
        "DashboardBody": "{\\"widgets\\":[]}",
      },
      "Type": "AWS::CloudWatch::Dashboard",
    },
    "Resource": Object {
      "Properties": Object {
        "DashboardBody": Object {
          "Fn::Join": Array [
            "",
            Array [
              "{\\"widgets\\":[{\\"type\\":\\"text\\",\\"width\\":24,\\"height\\":1,\\"x\\":0,\\"y\\":0,\\"properties\\":{\\"markdown\\":\\"### RDS Cluster **[my-redshift-cluster](https://eu-west-1.console.aws.amazon.com/rds/home?region=eu-west-1#database:id=my-redshift-cluster;is-cluster=true;tab=monitoring)**\\"}},{\\"type\\":\\"metric\\",\\"width\\":6,\\"height\\":5,\\"x\\":0,\\"y\\":1,\\"properties\\":{\\"view\\":\\"timeSeries\\",\\"title\\":\\"CPU/Disk Usage\\",\\"region\\":\\"",
              Object {
                "Ref": "AWS::Region",
              },
              "\\",\\"metrics\\":[[\\"AWS/RDS\\",\\"CPUUtilization\\",\\"DBClusterIdentifier\\",\\"my-redshift-cluster\\",{\\"label\\":\\"CPU Usage\\"}],[{\\"label\\":\\"Disk Usage\\",\\"expression\\":\\"100 * (used/(used+free))\\"}],[\\"AWS/RDS\\",\\"VolumeBytesUsed\\",\\"DBClusterIdentifier\\",\\"my-redshift-cluster\\",{\\"label\\":\\"Used\\",\\"stat\\":\\"Maximum\\",\\"visible\\":false,\\"id\\":\\"used\\"}],[\\"AWS/RDS\\",\\"FreeLocalStorage\\",\\"DBClusterIdentifier\\",\\"my-redshift-cluster\\",{\\"label\\":\\"Free\\",\\"stat\\":\\"Minimum\\",\\"visible\\":false,\\"id\\":\\"free\\"}]],\\"yAxis\\":{\\"left\\":{\\"min\\":0,\\"max\\":100,\\"label\\":\\"%\\",\\"showUnits\\":false}}}},{\\"type\\":\\"metric\\",\\"width\\":6,\\"height\\":5,\\"x\\":6,\\"y\\":1,\\"properties\\":{\\"view\\":\\"timeSeries\\",\\"title\\":\\"Connections\\",\\"region\\":\\"",
              Object {
                "Ref": "AWS::Region",
              },
              "\\",\\"metrics\\":[[\\"AWS/RDS\\",\\"DatabaseConnections\\",\\"DBClusterIdentifier\\",\\"my-redshift-cluster\\",{\\"label\\":\\"Connections\\",\\"stat\\":\\"Sum\\"}]],\\"yAxis\\":{\\"left\\":{\\"min\\":0,\\"label\\":\\"Count\\",\\"showUnits\\":false}}}},{\\"type\\":\\"metric\\",\\"width\\":12,\\"height\\":5,\\"x\\":12,\\"y\\":1,\\"properties\\":{\\"view\\":\\"timeSeries\\",\\"title\\":\\"Query Duration\\",\\"region\\":\\"",
              Object {
                "Ref": "AWS::Region",
              },
              "\\",\\"metrics\\":[[\\"AWS/RDS\\",\\"SelectLatency\\",\\"DBClusterIdentifier\\",\\"my-redshift-cluster\\",{\\"label\\":\\"Select\\",\\"stat\\":\\"p90\\"}],[\\"AWS/RDS\\",\\"InsertLatency\\",\\"DBClusterIdentifier\\",\\"my-redshift-cluster\\",{\\"label\\":\\"Insert\\",\\"stat\\":\\"p90\\"}],[\\"AWS/RDS\\",\\"UpdateLatency\\",\\"DBClusterIdentifier\\",\\"my-redshift-cluster\\",{\\"label\\":\\"Update\\",\\"stat\\":\\"p90\\"}],[\\"AWS/RDS\\",\\"DeleteLatency\\",\\"DBClusterIdentifier\\",\\"my-redshift-cluster\\",{\\"label\\":\\"Delete\\",\\"stat\\":\\"p90\\"}],[\\"AWS/RDS\\",\\"CommitLatency\\",\\"DBClusterIdentifier\\",\\"my-redshift-cluster\\",{\\"label\\":\\"Commit\\",\\"stat\\":\\"p90\\"}]],\\"yAxis\\":{\\"left\\":{\\"min\\":0,\\"label\\":\\"ms\\",\\"showUnits\\":false}}}}]}",
            ],
          ],
        },
      },
      "Type": "AWS::CloudWatch::Dashboard",
    },
    "Summary68521F81": Object {
      "Properties": Object {
        "DashboardBody": Object {
          "Fn::Join": Array [
            "",
            Array [
              "{\\"widgets\\":[{\\"type\\":\\"text\\",\\"width\\":24,\\"height\\":1,\\"x\\":0,\\"y\\":0,\\"properties\\":{\\"markdown\\":\\"### RDS Cluster **[my-redshift-cluster](https://eu-west-1.console.aws.amazon.com/rds/home?region=eu-west-1#database:id=my-redshift-cluster;is-cluster=true;tab=monitoring)**\\"}},{\\"type\\":\\"metric\\",\\"width\\":8,\\"height\\":6,\\"x\\":0,\\"y\\":1,\\"properties\\":{\\"view\\":\\"timeSeries\\",\\"title\\":\\"CPU/Disk Usage\\",\\"region\\":\\"",
              Object {
                "Ref": "AWS::Region",
              },
              "\\",\\"metrics\\":[[\\"AWS/RDS\\",\\"CPUUtilization\\",\\"DBClusterIdentifier\\",\\"my-redshift-cluster\\",{\\"label\\":\\"CPU Usage\\"}],[{\\"label\\":\\"Disk Usage\\",\\"expression\\":\\"100 * (used/(used+free))\\"}],[\\"AWS/RDS\\",\\"VolumeBytesUsed\\",\\"DBClusterIdentifier\\",\\"my-redshift-cluster\\",{\\"label\\":\\"Used\\",\\"stat\\":\\"Maximum\\",\\"visible\\":false,\\"id\\":\\"used\\"}],[\\"AWS/RDS\\",\\"FreeLocalStorage\\",\\"DBClusterIdentifier\\",\\"my-redshift-cluster\\",{\\"label\\":\\"Free\\",\\"stat\\":\\"Minimum\\",\\"visible\\":false,\\"id\\":\\"free\\"}]],\\"yAxis\\":{\\"left\\":{\\"min\\":0,\\"max\\":100,\\"label\\":\\"%\\",\\"showUnits\\":false}}}},{\\"type\\":\\"metric\\",\\"width\\":8,\\"height\\":6,\\"x\\":8,\\"y\\":1,\\"properties\\":{\\"view\\":\\"timeSeries\\",\\"title\\":\\"Connections\\",\\"region\\":\\"",
              Object {
                "Ref": "AWS::Region",
              },
              "\\",\\"metrics\\":[[\\"AWS/RDS\\",\\"DatabaseConnections\\",\\"DBClusterIdentifier\\",\\"my-redshift-cluster\\",{\\"label\\":\\"Connections\\",\\"stat\\":\\"Sum\\"}]],\\"yAxis\\":{\\"left\\":{\\"min\\":0,\\"label\\":\\"Count\\",\\"showUnits\\":false}}}},{\\"type\\":\\"metric\\",\\"width\\":8,\\"height\\":6,\\"x\\":16,\\"y\\":1,\\"properties\\":{\\"view\\":\\"timeSeries\\",\\"title\\":\\"Query Duration\\",\\"region\\":\\"",
              Object {
                "Ref": "AWS::Region",
              },
              "\\",\\"metrics\\":[[\\"AWS/RDS\\",\\"SelectLatency\\",\\"DBClusterIdentifier\\",\\"my-redshift-cluster\\",{\\"label\\":\\"Select\\",\\"stat\\":\\"p90\\"}],[\\"AWS/RDS\\",\\"InsertLatency\\",\\"DBClusterIdentifier\\",\\"my-redshift-cluster\\",{\\"label\\":\\"Insert\\",\\"stat\\":\\"p90\\"}],[\\"AWS/RDS\\",\\"UpdateLatency\\",\\"DBClusterIdentifier\\",\\"my-redshift-cluster\\",{\\"label\\":\\"Update\\",\\"stat\\":\\"p90\\"}],[\\"AWS/RDS\\",\\"DeleteLatency\\",\\"DBClusterIdentifier\\",\\"my-redshift-cluster\\",{\\"label\\":\\"Delete\\",\\"stat\\":\\"p90\\"}],[\\"AWS/RDS\\",\\"CommitLatency\\",\\"DBClusterIdentifier\\",\\"my-redshift-cluster\\",{\\"label\\":\\"Commit\\",\\"stat\\":\\"p90\\"}]],\\"yAxis\\":{\\"left\\":{\\"min\\":0,\\"label\\":\\"ms\\",\\"showUnits\\":false}}}}]}",
            ],
          ],
        },
      },
      "Type": "AWS::CloudWatch::Dashboard",
    },
  },
  "Rules": Object {
    "CheckBootstrapVersion": Object {
      "Assertions": Array [
        Object {
          "Assert": Object {
            "Fn::Not": Array [
              Object {
                "Fn::Contains": Array [
                  Array [
                    "1",
                    "2",
                    "3",
                    "4",
                    "5",
                  ],
                  Object {
                    "Ref": "BootstrapVersion",
                  },
                ],
              },
            ],
          },
          "AssertDescription": "CDK bootstrap stack version 6 required. Please run 'cdk bootstrap' with a recent version of the CDK CLI.",
        },
      ],
    },
  },
}
`;
