// Jest Snapshot v1, https://goo.gl/fbAQLP

exports[`test of defaults typical usage 1`] = `
Object {
  "Parameters": Object {
    "BootstrapVersion": Object {
      "Default": "/cdk-bootstrap/hnb659fds/version",
      "Description": "Version of the CDK Bootstrap resources in this environment, automatically retrieved from SSM Parameter Store. [cdk:skip]",
      "Type": "AWS::SSM::Parameter::Value<String>",
    },
  },
  "Resources": Object {
    "MyAppFacadeMyAppFacadeDashboardsDashboard951173E0": Object {
      "Properties": Object {
        "DashboardBody": Object {
          "Fn::Join": Array [
            "",
            Array [
              "{\\"start\\":\\"-PT8H\\",\\"periodOverride\\":\\"inherit\\",\\"widgets\\":[{\\"type\\":\\"text\\",\\"width\\":24,\\"height\\":1,\\"x\\":0,\\"y\\":0,\\"properties\\":{\\"markdown\\":\\"# My App Dashboard\\"}},{\\"type\\":\\"text\\",\\"width\\":24,\\"height\\":1,\\"x\\":0,\\"y\\":1,\\"properties\\":{\\"markdown\\":\\"### Dynamo Table **[ImportedTable](https://us-east-1.console.aws.amazon.com/dynamodb/home?region=us-east-1#tables:selected=MyTableName)**\\"}},{\\"type\\":\\"metric\\",\\"width\\":6,\\"height\\":3,\\"x\\":0,\\"y\\":2,\\"properties\\":{\\"view\\":\\"timeSeries\\",\\"title\\":\\"Read Usage\\",\\"region\\":\\"",
              Object {
                "Ref": "AWS::Region",
              },
              "\\",\\"metrics\\":[[{\\"label\\":\\"Consumed\\",\\"expression\\":\\"consumed_rcu_sum/PERIOD(consumed_rcu_sum)\\",\\"accountId\\":\\"09876543210\\",\\"region\\":\\"us-east-1\\",\\"id\\":\\"consumed_read_cap\\"}],[\\"AWS/DynamoDB\\",\\"ConsumedReadCapacityUnits\\",\\"TableName\\",\\"MyTableName\\",{\\"stat\\":\\"Sum\\",\\"visible\\":false,\\"id\\":\\"consumed_rcu_sum\\"}],[\\"AWS/DynamoDB\\",\\"ProvisionedReadCapacityUnits\\",\\"TableName\\",\\"MyTableName\\",{\\"label\\":\\"Provisioned\\",\\"id\\":\\"provisioned_read_cap\\"}],[{\\"label\\":\\"Utilization\\",\\"expression\\":\\"100*(consumed_read_cap/provisioned_read_cap)\\",\\"accountId\\":\\"09876543210\\",\\"region\\":\\"us-east-1\\",\\"yAxis\\":\\"right\\"}]],\\"yAxis\\":{\\"left\\":{\\"min\\":0,\\"label\\":\\"Count\\",\\"showUnits\\":false},\\"right\\":{\\"min\\":0,\\"max\\":100,\\"label\\":\\"%\\",\\"showUnits\\":false}},\\"legend\\":{\\"position\\":\\"right\\"}}},{\\"type\\":\\"metric\\",\\"width\\":6,\\"height\\":3,\\"x\\":0,\\"y\\":5,\\"properties\\":{\\"view\\":\\"timeSeries\\",\\"title\\":\\"Write Usage\\",\\"region\\":\\"",
              Object {
                "Ref": "AWS::Region",
              },
              "\\",\\"metrics\\":[[{\\"label\\":\\"Consumed\\",\\"expression\\":\\"consumed_wcu_sum/PERIOD(consumed_wcu_sum)\\",\\"accountId\\":\\"09876543210\\",\\"region\\":\\"us-east-1\\",\\"id\\":\\"consumed_write_cap\\"}],[\\"AWS/DynamoDB\\",\\"ConsumedWriteCapacityUnits\\",\\"TableName\\",\\"MyTableName\\",{\\"stat\\":\\"Sum\\",\\"visible\\":false,\\"id\\":\\"consumed_wcu_sum\\"}],[\\"AWS/DynamoDB\\",\\"ProvisionedWriteCapacityUnits\\",\\"TableName\\",\\"MyTableName\\",{\\"label\\":\\"Provisioned\\",\\"id\\":\\"provisioned_write_cap\\"}],[{\\"label\\":\\"Utilization\\",\\"expression\\":\\"100*(consumed_write_cap/provisioned_write_cap)\\",\\"accountId\\":\\"09876543210\\",\\"region\\":\\"us-east-1\\",\\"yAxis\\":\\"right\\"}]],\\"yAxis\\":{\\"left\\":{\\"min\\":0,\\"label\\":\\"Count\\",\\"showUnits\\":false},\\"right\\":{\\"min\\":0,\\"max\\":100,\\"label\\":\\"%\\",\\"showUnits\\":false}},\\"legend\\":{\\"position\\":\\"right\\"}}},{\\"type\\":\\"metric\\",\\"width\\":9,\\"height\\":6,\\"x\\":6,\\"y\\":2,\\"properties\\":{\\"view\\":\\"timeSeries\\",\\"title\\":\\"Latency (Average)\\",\\"region\\":\\"",
              Object {
                "Ref": "AWS::Region",
              },
              "\\",\\"metrics\\":[[{\\"label\\":\\" \\",\\"expression\\":\\"SEARCH('{AWS/DynamoDB,TableName,Operation} TableName=\\\\\\"MyTableName\\\\\\" MetricName=\\\\\\"SuccessfulRequestLatency\\\\\\"', 'Average', 300)\\",\\"accountId\\":\\"09876543210\\",\\"region\\":\\"us-east-1\\"}]],\\"annotations\\":{\\"horizontal\\":[{\\"label\\":\\"GetItem > 10000 for 3 datapoints within 15 minutes\\",\\"value\\":10000,\\"yAxis\\":\\"left\\"}]},\\"yAxis\\":{\\"left\\":{\\"min\\":0,\\"label\\":\\"ms\\",\\"showUnits\\":false}},\\"legend\\":{\\"position\\":\\"right\\"}}},{\\"type\\":\\"metric\\",\\"width\\":3,\\"height\\":6,\\"x\\":15,\\"y\\":2,\\"properties\\":{\\"view\\":\\"timeSeries\\",\\"title\\":\\"Throttles\\",\\"region\\":\\"",
              Object {
                "Ref": "AWS::Region",
              },
              "\\",\\"metrics\\":[[{\\"label\\":\\"Read\\",\\"expression\\":\\"FILL(readThrottles,0)\\",\\"accountId\\":\\"09876543210\\",\\"region\\":\\"us-east-1\\"}],[\\"AWS/DynamoDB\\",\\"ReadThrottleEvents\\",\\"TableName\\",\\"MyTableName\\",{\\"label\\":\\"Read\\",\\"stat\\":\\"Sum\\",\\"visible\\":false,\\"id\\":\\"readThrottles\\"}],[{\\"label\\":\\"Write\\",\\"expression\\":\\"FILL(writeThrottles,0)\\",\\"accountId\\":\\"09876543210\\",\\"region\\":\\"us-east-1\\"}],[\\"AWS/DynamoDB\\",\\"WriteThrottleEvents\\",\\"TableName\\",\\"MyTableName\\",{\\"label\\":\\"Write\\",\\"stat\\":\\"Sum\\",\\"visible\\":false,\\"id\\":\\"writeThrottles\\"}]],\\"yAxis\\":{\\"left\\":{\\"min\\":0,\\"label\\":\\"Count\\",\\"showUnits\\":false}}}},{\\"type\\":\\"metric\\",\\"width\\":6,\\"height\\":6,\\"x\\":18,\\"y\\":2,\\"properties\\":{\\"view\\":\\"timeSeries\\",\\"title\\":\\"Errors\\",\\"region\\":\\"",
              Object {
                "Ref": "AWS::Region",
              },
              "\\",\\"metrics\\":[[{\\"label\\":\\"System Errors\\",\\"expression\\":\\"systemErrorGetItem+systemErrorBatchGetItem+systemErrorScan+systemErrorQuery+systemErrorGetRecords+systemErrorPutItem+systemErrorDeleteItem+systemErrorUpdateItem+systemErrorBatchWriteItem\\",\\"accountId\\":\\"09876543210\\",\\"region\\":\\"us-east-1\\"}],[\\"AWS/DynamoDB\\",\\"SystemErrors\\",\\"Operation\\",\\"GetItem\\",\\"TableName\\",\\"MyTableName\\",{\\"stat\\":\\"Sum\\",\\"visible\\":false,\\"id\\":\\"systemErrorGetItem\\"}],[\\"AWS/DynamoDB\\",\\"SystemErrors\\",\\"Operation\\",\\"BatchGetItem\\",\\"TableName\\",\\"MyTableName\\",{\\"stat\\":\\"Sum\\",\\"visible\\":false,\\"id\\":\\"systemErrorBatchGetItem\\"}],[\\"AWS/DynamoDB\\",\\"SystemErrors\\",\\"Operation\\",\\"Scan\\",\\"TableName\\",\\"MyTableName\\",{\\"stat\\":\\"Sum\\",\\"visible\\":false,\\"id\\":\\"systemErrorScan\\"}],[\\"AWS/DynamoDB\\",\\"SystemErrors\\",\\"Operation\\",\\"Query\\",\\"TableName\\",\\"MyTableName\\",{\\"stat\\":\\"Sum\\",\\"visible\\":false,\\"id\\":\\"systemErrorQuery\\"}],[\\"AWS/DynamoDB\\",\\"SystemErrors\\",\\"Operation\\",\\"GetRecords\\",\\"TableName\\",\\"MyTableName\\",{\\"stat\\":\\"Sum\\",\\"visible\\":false,\\"id\\":\\"systemErrorGetRecords\\"}],[\\"AWS/DynamoDB\\",\\"SystemErrors\\",\\"Operation\\",\\"PutItem\\",\\"TableName\\",\\"MyTableName\\",{\\"stat\\":\\"Sum\\",\\"visible\\":false,\\"id\\":\\"systemErrorPutItem\\"}],[\\"AWS/DynamoDB\\",\\"SystemErrors\\",\\"Operation\\",\\"DeleteItem\\",\\"TableName\\",\\"MyTableName\\",{\\"stat\\":\\"Sum\\",\\"visible\\":false,\\"id\\":\\"systemErrorDeleteItem\\"}],[\\"AWS/DynamoDB\\",\\"SystemErrors\\",\\"Operation\\",\\"UpdateItem\\",\\"TableName\\",\\"MyTableName\\",{\\"stat\\":\\"Sum\\",\\"visible\\":false,\\"id\\":\\"systemErrorUpdateItem\\"}],[\\"AWS/DynamoDB\\",\\"SystemErrors\\",\\"Operation\\",\\"BatchWriteItem\\",\\"TableName\\",\\"MyTableName\\",{\\"stat\\":\\"Sum\\",\\"visible\\":false,\\"id\\":\\"systemErrorBatchWriteItem\\"}]],\\"yAxis\\":{\\"left\\":{\\"min\\":0,\\"label\\":\\"Count\\",\\"showUnits\\":false}}}},{\\"type\\":\\"text\\",\\"width\\":24,\\"height\\":1,\\"x\\":0,\\"y\\":8,\\"properties\\":{\\"markdown\\":\\"### Dynamo Table **[XaXrImportedTable](https://us-east-1.console.aws.amazon.com/dynamodb/home?region=us-east-1#tables:selected=my-other-table)**\\"}},{\\"type\\":\\"metric\\",\\"width\\":6,\\"height\\":3,\\"x\\":0,\\"y\\":9,\\"properties\\":{\\"view\\":\\"timeSeries\\",\\"title\\":\\"Read Usage\\",\\"region\\":\\"",
              Object {
                "Ref": "AWS::Region",
              },
              "\\",\\"metrics\\":[[{\\"label\\":\\"Consumed\\",\\"expression\\":\\"consumed_rcu_sum/PERIOD(consumed_rcu_sum)\\",\\"accountId\\":\\"01234567890\\",\\"region\\":\\"us-west-2\\",\\"id\\":\\"consumed_read_cap\\"}],[\\"AWS/DynamoDB\\",\\"ConsumedReadCapacityUnits\\",\\"TableName\\",\\"my-other-table\\",{\\"accountId\\":\\"01234567890\\",\\"region\\":\\"us-west-2\\",\\"stat\\":\\"Sum\\",\\"visible\\":false,\\"id\\":\\"consumed_rcu_sum\\"}],[\\"AWS/DynamoDB\\",\\"ProvisionedReadCapacityUnits\\",\\"TableName\\",\\"my-other-table\\",{\\"label\\":\\"Provisioned\\",\\"accountId\\":\\"01234567890\\",\\"region\\":\\"us-west-2\\",\\"id\\":\\"provisioned_read_cap\\"}],[{\\"label\\":\\"Utilization\\",\\"expression\\":\\"100*(consumed_read_cap/provisioned_read_cap)\\",\\"accountId\\":\\"01234567890\\",\\"region\\":\\"us-west-2\\",\\"yAxis\\":\\"right\\"}]],\\"yAxis\\":{\\"left\\":{\\"min\\":0,\\"label\\":\\"Count\\",\\"showUnits\\":false},\\"right\\":{\\"min\\":0,\\"max\\":100,\\"label\\":\\"%\\",\\"showUnits\\":false}},\\"legend\\":{\\"position\\":\\"right\\"}}},{\\"type\\":\\"metric\\",\\"width\\":6,\\"height\\":3,\\"x\\":0,\\"y\\":12,\\"properties\\":{\\"view\\":\\"timeSeries\\",\\"title\\":\\"Write Usage\\",\\"region\\":\\"",
              Object {
                "Ref": "AWS::Region",
              },
              "\\",\\"metrics\\":[[{\\"label\\":\\"Consumed\\",\\"expression\\":\\"consumed_wcu_sum/PERIOD(consumed_wcu_sum)\\",\\"accountId\\":\\"01234567890\\",\\"region\\":\\"us-west-2\\",\\"id\\":\\"consumed_write_cap\\"}],[\\"AWS/DynamoDB\\",\\"ConsumedWriteCapacityUnits\\",\\"TableName\\",\\"my-other-table\\",{\\"accountId\\":\\"01234567890\\",\\"region\\":\\"us-west-2\\",\\"stat\\":\\"Sum\\",\\"visible\\":false,\\"id\\":\\"consumed_wcu_sum\\"}],[\\"AWS/DynamoDB\\",\\"ProvisionedWriteCapacityUnits\\",\\"TableName\\",\\"my-other-table\\",{\\"label\\":\\"Provisioned\\",\\"accountId\\":\\"01234567890\\",\\"region\\":\\"us-west-2\\",\\"id\\":\\"provisioned_write_cap\\"}],[{\\"label\\":\\"Utilization\\",\\"expression\\":\\"100*(consumed_write_cap/provisioned_write_cap)\\",\\"accountId\\":\\"01234567890\\",\\"region\\":\\"us-west-2\\",\\"yAxis\\":\\"right\\"}]],\\"yAxis\\":{\\"left\\":{\\"min\\":0,\\"label\\":\\"Count\\",\\"showUnits\\":false},\\"right\\":{\\"min\\":0,\\"max\\":100,\\"label\\":\\"%\\",\\"showUnits\\":false}},\\"legend\\":{\\"position\\":\\"right\\"}}},{\\"type\\":\\"metric\\",\\"width\\":9,\\"height\\":6,\\"x\\":6,\\"y\\":9,\\"properties\\":{\\"view\\":\\"timeSeries\\",\\"title\\":\\"Latency (Average)\\",\\"region\\":\\"",
              Object {
                "Ref": "AWS::Region",
              },
              "\\",\\"metrics\\":[[{\\"label\\":\\" \\",\\"expression\\":\\"SEARCH('{AWS/DynamoDB,TableName,Operation} TableName=\\\\\\"my-other-table\\\\\\" MetricName=\\\\\\"SuccessfulRequestLatency\\\\\\"', 'Average', 300)\\",\\"accountId\\":\\"01234567890\\",\\"region\\":\\"us-west-2\\"}]],\\"yAxis\\":{\\"left\\":{\\"min\\":0,\\"label\\":\\"ms\\",\\"showUnits\\":false}},\\"legend\\":{\\"position\\":\\"right\\"}}},{\\"type\\":\\"metric\\",\\"width\\":3,\\"height\\":6,\\"x\\":15,\\"y\\":9,\\"properties\\":{\\"view\\":\\"timeSeries\\",\\"title\\":\\"Throttles\\",\\"region\\":\\"",
              Object {
                "Ref": "AWS::Region",
              },
              "\\",\\"metrics\\":[[{\\"label\\":\\"Read\\",\\"expression\\":\\"FILL(readThrottles,0)\\",\\"accountId\\":\\"09876543210\\",\\"region\\":\\"us-east-1\\"}],[\\"AWS/DynamoDB\\",\\"ReadThrottleEvents\\",\\"TableName\\",\\"my-other-table\\",{\\"label\\":\\"Read\\",\\"accountId\\":\\"01234567890\\",\\"region\\":\\"us-west-2\\",\\"stat\\":\\"Sum\\",\\"visible\\":false,\\"id\\":\\"readThrottles\\"}],[{\\"label\\":\\"Write\\",\\"expression\\":\\"FILL(writeThrottles,0)\\",\\"accountId\\":\\"09876543210\\",\\"region\\":\\"us-east-1\\"}],[\\"AWS/DynamoDB\\",\\"WriteThrottleEvents\\",\\"TableName\\",\\"my-other-table\\",{\\"label\\":\\"Write\\",\\"accountId\\":\\"01234567890\\",\\"region\\":\\"us-west-2\\",\\"stat\\":\\"Sum\\",\\"visible\\":false,\\"id\\":\\"writeThrottles\\"}]],\\"yAxis\\":{\\"left\\":{\\"min\\":0,\\"label\\":\\"Count\\",\\"showUnits\\":false}}}},{\\"type\\":\\"metric\\",\\"width\\":6,\\"height\\":6,\\"x\\":18,\\"y\\":9,\\"properties\\":{\\"view\\":\\"timeSeries\\",\\"title\\":\\"Errors\\",\\"region\\":\\"",
              Object {
                "Ref": "AWS::Region",
              },
              "\\",\\"metrics\\":[[{\\"label\\":\\"System Errors\\",\\"expression\\":\\"systemErrorGetItem+systemErrorBatchGetItem+systemErrorScan+systemErrorQuery+systemErrorGetRecords+systemErrorPutItem+systemErrorDeleteItem+systemErrorUpdateItem+systemErrorBatchWriteItem\\",\\"accountId\\":\\"09876543210\\",\\"region\\":\\"us-east-1\\"}],[\\"AWS/DynamoDB\\",\\"SystemErrors\\",\\"Operation\\",\\"GetItem\\",\\"TableName\\",\\"my-other-table\\",{\\"accountId\\":\\"01234567890\\",\\"region\\":\\"us-west-2\\",\\"stat\\":\\"Sum\\",\\"visible\\":false,\\"id\\":\\"systemErrorGetItem\\"}],[\\"AWS/DynamoDB\\",\\"SystemErrors\\",\\"Operation\\",\\"BatchGetItem\\",\\"TableName\\",\\"my-other-table\\",{\\"accountId\\":\\"01234567890\\",\\"region\\":\\"us-west-2\\",\\"stat\\":\\"Sum\\",\\"visible\\":false,\\"id\\":\\"systemErrorBatchGetItem\\"}],[\\"AWS/DynamoDB\\",\\"SystemErrors\\",\\"Operation\\",\\"Scan\\",\\"TableName\\",\\"my-other-table\\",{\\"accountId\\":\\"01234567890\\",\\"region\\":\\"us-west-2\\",\\"stat\\":\\"Sum\\",\\"visible\\":false,\\"id\\":\\"systemErrorScan\\"}],[\\"AWS/DynamoDB\\",\\"SystemErrors\\",\\"Operation\\",\\"Query\\",\\"TableName\\",\\"my-other-table\\",{\\"accountId\\":\\"01234567890\\",\\"region\\":\\"us-west-2\\",\\"stat\\":\\"Sum\\",\\"visible\\":false,\\"id\\":\\"systemErrorQuery\\"}],[\\"AWS/DynamoDB\\",\\"SystemErrors\\",\\"Operation\\",\\"GetRecords\\",\\"TableName\\",\\"my-other-table\\",{\\"accountId\\":\\"01234567890\\",\\"region\\":\\"us-west-2\\",\\"stat\\":\\"Sum\\",\\"visible\\":false,\\"id\\":\\"systemErrorGetRecords\\"}],[\\"AWS/DynamoDB\\",\\"SystemErrors\\",\\"Operation\\",\\"PutItem\\",\\"TableName\\",\\"my-other-table\\",{\\"accountId\\":\\"01234567890\\",\\"region\\":\\"us-west-2\\",\\"stat\\":\\"Sum\\",\\"visible\\":false,\\"id\\":\\"systemErrorPutItem\\"}],[\\"AWS/DynamoDB\\",\\"SystemErrors\\",\\"Operation\\",\\"DeleteItem\\",\\"TableName\\",\\"my-other-table\\",{\\"accountId\\":\\"01234567890\\",\\"region\\":\\"us-west-2\\",\\"stat\\":\\"Sum\\",\\"visible\\":false,\\"id\\":\\"systemErrorDeleteItem\\"}],[\\"AWS/DynamoDB\\",\\"SystemErrors\\",\\"Operation\\",\\"UpdateItem\\",\\"TableName\\",\\"my-other-table\\",{\\"accountId\\":\\"01234567890\\",\\"region\\":\\"us-west-2\\",\\"stat\\":\\"Sum\\",\\"visible\\":false,\\"id\\":\\"systemErrorUpdateItem\\"}],[\\"AWS/DynamoDB\\",\\"SystemErrors\\",\\"Operation\\",\\"BatchWriteItem\\",\\"TableName\\",\\"my-other-table\\",{\\"accountId\\":\\"01234567890\\",\\"region\\":\\"us-west-2\\",\\"stat\\":\\"Sum\\",\\"visible\\":false,\\"id\\":\\"systemErrorBatchWriteItem\\"}]],\\"yAxis\\":{\\"left\\":{\\"min\\":0,\\"label\\":\\"Count\\",\\"showUnits\\":false}}}},{\\"type\\":\\"text\\",\\"width\\":24,\\"height\\":1,\\"x\\":0,\\"y\\":15,\\"properties\\":{\\"markdown\\":\\"### Lambda Function **[XaXrImportedFunction](https://us-east-1.console.aws.amazon.com/lambda/home?region=us-east-1#/functions/MyFunction)**\\"}},{\\"type\\":\\"metric\\",\\"width\\":6,\\"height\\":5,\\"x\\":0,\\"y\\":16,\\"properties\\":{\\"view\\":\\"timeSeries\\",\\"title\\":\\"TPS\\",\\"region\\":\\"",
              Object {
                "Ref": "AWS::Region",
              },
              "\\",\\"metrics\\":[[{\\"label\\":\\"TPS\\",\\"expression\\":\\"FILL(requests,0) / PERIOD(requests)\\",\\"accountId\\":\\"01234567890\\",\\"region\\":\\"us-west-2\\"}],[\\"AWS/Lambda\\",\\"Invocations\\",\\"FunctionName\\",\\"MyFunction\\",{\\"label\\":\\"Invocations\\",\\"accountId\\":\\"01234567890\\",\\"region\\":\\"us-west-2\\",\\"stat\\":\\"Sum\\",\\"visible\\":false,\\"id\\":\\"requests\\"}]],\\"yAxis\\":{\\"left\\":{\\"min\\":0,\\"label\\":\\"Rate\\",\\"showUnits\\":false}}}},{\\"type\\":\\"metric\\",\\"width\\":6,\\"height\\":5,\\"x\\":6,\\"y\\":16,\\"properties\\":{\\"view\\":\\"timeSeries\\",\\"title\\":\\"Latency\\",\\"region\\":\\"",
              Object {
                "Ref": "AWS::Region",
              },
              "\\",\\"metrics\\":[[\\"AWS/Lambda\\",\\"Duration\\",\\"FunctionName\\",\\"MyFunction\\",{\\"label\\":\\"P50 (avg: \${AVG})\\",\\"accountId\\":\\"01234567890\\",\\"region\\":\\"us-west-2\\",\\"stat\\":\\"p50\\"}],[\\"AWS/Lambda\\",\\"Duration\\",\\"FunctionName\\",\\"MyFunction\\",{\\"label\\":\\"P90 (avg: \${AVG})\\",\\"accountId\\":\\"01234567890\\",\\"region\\":\\"us-west-2\\",\\"stat\\":\\"p90\\"}],[\\"AWS/Lambda\\",\\"Duration\\",\\"FunctionName\\",\\"MyFunction\\",{\\"label\\":\\"P99 (avg: \${AVG})\\",\\"accountId\\":\\"01234567890\\",\\"region\\":\\"us-west-2\\",\\"stat\\":\\"p99\\"}]],\\"yAxis\\":{\\"left\\":{\\"min\\":0,\\"label\\":\\"ms\\",\\"showUnits\\":false}}}},{\\"type\\":\\"metric\\",\\"width\\":6,\\"height\\":5,\\"x\\":12,\\"y\\":16,\\"properties\\":{\\"view\\":\\"timeSeries\\",\\"title\\":\\"Errors (rate)\\",\\"region\\":\\"",
              Object {
                "Ref": "AWS::Region",
              },
              "\\",\\"metrics\\":[[\\"AWS/Lambda\\",\\"Errors\\",\\"FunctionName\\",\\"MyFunction\\",{\\"label\\":\\"Faults (avg)\\",\\"accountId\\":\\"01234567890\\",\\"region\\":\\"us-west-2\\"}]],\\"yAxis\\":{\\"left\\":{\\"min\\":0,\\"label\\":\\"Rate\\",\\"showUnits\\":false}}}},{\\"type\\":\\"metric\\",\\"width\\":6,\\"height\\":5,\\"x\\":18,\\"y\\":16,\\"properties\\":{\\"view\\":\\"timeSeries\\",\\"title\\":\\"Rates\\",\\"region\\":\\"",
              Object {
                "Ref": "AWS::Region",
              },
              "\\",\\"metrics\\":[[\\"AWS/Lambda\\",\\"Throttles\\",\\"FunctionName\\",\\"MyFunction\\",{\\"label\\":\\"Throttles (avg)\\",\\"accountId\\":\\"01234567890\\",\\"region\\":\\"us-west-2\\"}],[\\"AWS/Lambda\\",\\"ProvisionedConcurrencySpilloverInvocations\\",\\"FunctionName\\",\\"MyFunction\\",{\\"label\\":\\"Provisioned Concurrency Spillovers (avg)\\",\\"accountId\\":\\"01234567890\\",\\"region\\":\\"us-west-2\\"}]],\\"yAxis\\":{\\"left\\":{\\"min\\":0,\\"label\\":\\"Rate\\",\\"showUnits\\":false}}}},{\\"type\\":\\"metric\\",\\"width\\":8,\\"height\\":5,\\"x\\":0,\\"y\\":21,\\"properties\\":{\\"view\\":\\"timeSeries\\",\\"title\\":\\"Invocations\\",\\"region\\":\\"",
              Object {
                "Ref": "AWS::Region",
              },
              "\\",\\"metrics\\":[[\\"AWS/Lambda\\",\\"Invocations\\",\\"FunctionName\\",\\"MyFunction\\",{\\"label\\":\\"Invocations\\",\\"accountId\\":\\"01234567890\\",\\"region\\":\\"us-west-2\\",\\"stat\\":\\"Sum\\"}],[\\"AWS/Lambda\\",\\"Throttles\\",\\"FunctionName\\",\\"MyFunction\\",{\\"label\\":\\"Throttles\\",\\"accountId\\":\\"01234567890\\",\\"region\\":\\"us-west-2\\",\\"stat\\":\\"Sum\\"}],[\\"AWS/Lambda\\",\\"ConcurrentExecutions\\",\\"FunctionName\\",\\"MyFunction\\",{\\"label\\":\\"Concurrent\\",\\"accountId\\":\\"01234567890\\",\\"region\\":\\"us-west-2\\",\\"stat\\":\\"Maximum\\"}],[\\"AWS/Lambda\\",\\"ProvisionedConcurrencySpilloverInvocations\\",\\"FunctionName\\",\\"MyFunction\\",{\\"label\\":\\"Provisioned Concurrency Spillovers\\",\\"accountId\\":\\"01234567890\\",\\"region\\":\\"us-west-2\\",\\"stat\\":\\"Sum\\"}]],\\"yAxis\\":{\\"left\\":{\\"min\\":0,\\"label\\":\\"Count\\",\\"showUnits\\":false}}}},{\\"type\\":\\"metric\\",\\"width\\":8,\\"height\\":5,\\"x\\":8,\\"y\\":21,\\"properties\\":{\\"view\\":\\"timeSeries\\",\\"title\\":\\"Iterator\\",\\"region\\":\\"",
              Object {
                "Ref": "AWS::Region",
              },
              "\\",\\"metrics\\":[[\\"AWS/Lambda\\",\\"IteratorAge\\",\\"FunctionName\\",\\"MyFunction\\",{\\"label\\":\\"Iterator Age\\",\\"accountId\\":\\"01234567890\\",\\"region\\":\\"us-west-2\\",\\"stat\\":\\"Maximum\\"}]],\\"yAxis\\":{\\"left\\":{\\"min\\":0,\\"label\\":\\"ms\\",\\"showUnits\\":false}}}},{\\"type\\":\\"metric\\",\\"width\\":8,\\"height\\":5,\\"x\\":16,\\"y\\":21,\\"properties\\":{\\"view\\":\\"timeSeries\\",\\"title\\":\\"Errors\\",\\"region\\":\\"",
              Object {
                "Ref": "AWS::Region",
              },
              "\\",\\"metrics\\":[[\\"AWS/Lambda\\",\\"Errors\\",\\"FunctionName\\",\\"MyFunction\\",{\\"label\\":\\"Faults\\",\\"accountId\\":\\"01234567890\\",\\"region\\":\\"us-west-2\\",\\"stat\\":\\"Sum\\"}]],\\"yAxis\\":{\\"left\\":{\\"min\\":0,\\"label\\":\\"Count\\",\\"showUnits\\":false}}}}]}",
            ],
          ],
        },
        "DashboardName": "MyAppFacade",
      },
      "Type": "AWS::CloudWatch::Dashboard",
    },
    "MyAppFacadeMyAppImportedTableLatencyAverageGetItemCriticalCE2E24AD": Object {
      "Properties": Object {
        "ActionsEnabled": true,
        "AlarmActions": Array [
          Object {
            "Ref": "OnAlarmTopicF22649A2",
          },
        ],
        "AlarmDescription": "Average latency is too high.",
        "AlarmName": "MyApp-ImportedTable-Latency-Average-GetItem-Critical",
        "ComparisonOperator": "GreaterThanThreshold",
        "DatapointsToAlarm": 3,
        "EvaluationPeriods": 3,
        "Metrics": Array [
          Object {
            "Id": "m1",
            "Label": "GetItem",
            "MetricStat": Object {
              "Metric": Object {
                "Dimensions": Array [
                  Object {
                    "Name": "Operation",
                    "Value": "GetItem",
                  },
                  Object {
                    "Name": "TableName",
                    "Value": "MyTableName",
                  },
                ],
                "MetricName": "SuccessfulRequestLatency",
                "Namespace": "AWS/DynamoDB",
              },
              "Period": 300,
              "Stat": "Average",
            },
            "ReturnData": true,
          },
        ],
        "Threshold": 10000,
        "TreatMissingData": "notBreaching",
      },
      "Type": "AWS::CloudWatch::Alarm",
    },
    "OnAlarmTopicF22649A2": Object {
      "Properties": Object {
        "TopicName": "Alarm",
      },
      "Type": "AWS::SNS::Topic",
    },
  },
  "Rules": Object {
    "CheckBootstrapVersion": Object {
      "Assertions": Array [
        Object {
          "Assert": Object {
            "Fn::Not": Array [
              Object {
                "Fn::Contains": Array [
                  Array [
                    "1",
                    "2",
                    "3",
                    "4",
                    "5",
                  ],
                  Object {
                    "Ref": "BootstrapVersion",
                  },
                ],
              },
            ],
          },
          "AssertDescription": "CDK bootstrap stack version 6 required. Please run 'cdk bootstrap' with a recent version of the CDK CLI.",
        },
      ],
    },
  },
}
`;
