// Jest Snapshot v1, https://goo.gl/fbAQLP

exports[`snapshot test: no alarms 1`] = `Object {}`;
