// Jest Snapshot v1, https://goo.gl/fbAQLP

exports[`snapshot test: all alarms 1`] = `
Object {
  "Parameters": Object {
    "BootstrapVersion": Object {
      "Default": "/cdk-bootstrap/hnb659fds/version",
      "Description": "Version of the CDK Bootstrap resources in this environment, automatically retrieved from SSM Parameter Store. [cdk:skip]",
      "Type": "AWS::SSM::Parameter::Value<String>",
    },
  },
  "Resources": Object {
    "Alarm7103F465": Object {
      "Properties": Object {
        "DashboardBody": Object {
          "Fn::Join": Array [
            "",
            Array [
              "{\\"widgets\\":[{\\"type\\":\\"metric\\",\\"width\\":6,\\"height\\":4,\\"x\\":0,\\"y\\":0,\\"properties\\":{\\"view\\":\\"timeSeries\\",\\"region\\":\\"",
              Object {
                "Ref": "AWS::Region",
              },
              "\\",\\"annotations\\":{\\"alarms\\":[\\"",
              Object {
                "Fn::GetAtt": Array [
                  "ScopeTestmyfirehosedeliverystreamPutRecordsThrottledCritical95611854",
                  "Arn",
                ],
              },
              "\\"]},\\"yAxis\\":{}}},{\\"type\\":\\"metric\\",\\"width\\":6,\\"height\\":4,\\"x\\":6,\\"y\\":0,\\"properties\\":{\\"view\\":\\"timeSeries\\",\\"region\\":\\"",
              Object {
                "Ref": "AWS::Region",
              },
              "\\",\\"annotations\\":{\\"alarms\\":[\\"",
              Object {
                "Fn::GetAtt": Array [
                  "ScopeTestmyfirehosedeliverystreamIncomingBytesCritical6248CFCD",
                  "Arn",
                ],
              },
              "\\"]},\\"yAxis\\":{}}},{\\"type\\":\\"metric\\",\\"width\\":6,\\"height\\":4,\\"x\\":12,\\"y\\":0,\\"properties\\":{\\"view\\":\\"timeSeries\\",\\"region\\":\\"",
              Object {
                "Ref": "AWS::Region",
              },
              "\\",\\"annotations\\":{\\"alarms\\":[\\"",
              Object {
                "Fn::GetAtt": Array [
                  "ScopeTestmyfirehosedeliverystreamIncomingRecordsCritical8EFBC879",
                  "Arn",
                ],
              },
              "\\"]},\\"yAxis\\":{}}},{\\"type\\":\\"metric\\",\\"width\\":6,\\"height\\":4,\\"x\\":18,\\"y\\":0,\\"properties\\":{\\"view\\":\\"timeSeries\\",\\"region\\":\\"",
              Object {
                "Ref": "AWS::Region",
              },
              "\\",\\"annotations\\":{\\"alarms\\":[\\"",
              Object {
                "Fn::GetAtt": Array [
                  "ScopeTestmyfirehosedeliverystreamIncomingPutRequestsCritical31DBB0F0",
                  "Arn",
                ],
              },
              "\\"]},\\"yAxis\\":{}}}]}",
            ],
          ],
        },
      },
      "Type": "AWS::CloudWatch::Dashboard",
    },
    "Resource": Object {
      "Properties": Object {
        "DashboardBody": Object {
          "Fn::Join": Array [
            "",
            Array [
              "{\\"widgets\\":[{\\"type\\":\\"text\\",\\"width\\":24,\\"height\\":1,\\"x\\":0,\\"y\\":0,\\"properties\\":{\\"markdown\\":\\"### Firehose Delivery Stream **[my-firehose-delivery-stream](https://eu-west-1.console.aws.amazon.com/firehose/home?region=eu-west-1#/details/my-firehose-delivery-stream/monitoring)**\\"}},{\\"type\\":\\"metric\\",\\"width\\":6,\\"height\\":5,\\"x\\":0,\\"y\\":1,\\"properties\\":{\\"view\\":\\"timeSeries\\",\\"title\\":\\"Records\\",\\"region\\":\\"",
              Object {
                "Ref": "AWS::Region",
              },
              "\\",\\"metrics\\":[[\\"AWS/Firehose\\",\\"IncomingRecords\\",\\"DeliveryStreamName\\",\\"my-firehose-delivery-stream\\",{\\"label\\":\\"Incoming (Records)\\",\\"stat\\":\\"Sum\\"}],[\\"AWS/Firehose\\",\\"ThrottledRecords\\",\\"DeliveryStreamName\\",\\"my-firehose-delivery-stream\\",{\\"label\\":\\"Throttled\\",\\"stat\\":\\"Sum\\"}]],\\"annotations\\":{\\"horizontal\\":[{\\"label\\":\\"Throttled > 5 for 3 datapoints within 15 minutes\\",\\"value\\":5,\\"yAxis\\":\\"left\\"}]},\\"yAxis\\":{\\"left\\":{\\"min\\":0,\\"label\\":\\"Count\\",\\"showUnits\\":false}}}},{\\"type\\":\\"metric\\",\\"width\\":6,\\"height\\":5,\\"x\\":6,\\"y\\":1,\\"properties\\":{\\"view\\":\\"timeSeries\\",\\"title\\":\\"Latency (P90)\\",\\"region\\":\\"",
              Object {
                "Ref": "AWS::Region",
              },
              "\\",\\"metrics\\":[[\\"AWS/Firehose\\",\\"PutRecord.Latency\\",\\"DeliveryStreamName\\",\\"my-firehose-delivery-stream\\",{\\"label\\":\\"PutRecord P90\\",\\"stat\\":\\"p90\\"}],[\\"AWS/Firehose\\",\\"PutRecordBatch.Latency\\",\\"DeliveryStreamName\\",\\"my-firehose-delivery-stream\\",{\\"label\\":\\"PutRecordBatch P90\\",\\"stat\\":\\"p90\\"}]],\\"yAxis\\":{\\"left\\":{\\"min\\":0,\\"label\\":\\"ms\\",\\"showUnits\\":false}}}},{\\"type\\":\\"metric\\",\\"width\\":6,\\"height\\":5,\\"x\\":12,\\"y\\":1,\\"properties\\":{\\"view\\":\\"timeSeries\\",\\"title\\":\\"Conversions\\",\\"region\\":\\"",
              Object {
                "Ref": "AWS::Region",
              },
              "\\",\\"metrics\\":[[\\"AWS/Firehose\\",\\"SucceedConversion.Records\\",\\"DeliveryStreamName\\",\\"my-firehose-delivery-stream\\",{\\"label\\":\\"Succeed\\",\\"stat\\":\\"Sum\\"}],[\\"AWS/Firehose\\",\\"FailedConversion.Records\\",\\"DeliveryStreamName\\",\\"my-firehose-delivery-stream\\",{\\"label\\":\\"Failed\\",\\"stat\\":\\"Sum\\"}]],\\"yAxis\\":{\\"left\\":{\\"min\\":0,\\"label\\":\\"Count\\",\\"showUnits\\":false}}}},{\\"type\\":\\"metric\\",\\"width\\":6,\\"height\\":5,\\"x\\":18,\\"y\\":1,\\"properties\\":{\\"view\\":\\"timeSeries\\",\\"title\\":\\"Limits (rate)\\",\\"region\\":\\"",
              Object {
                "Ref": "AWS::Region",
              },
              "\\",\\"metrics\\":[[{\\"label\\":\\"Bytes\\",\\"expression\\":\\"(bytes_in / PERIOD(bytes_in)) / bytes_max\\"}],[\\"AWS/Firehose\\",\\"IncomingBytes\\",\\"DeliveryStreamName\\",\\"my-firehose-delivery-stream\\",{\\"label\\":\\"Incoming (bytes)\\",\\"stat\\":\\"Sum\\",\\"visible\\":false,\\"id\\":\\"bytes_in\\"}],[\\"AWS/Firehose\\",\\"BytesPerSecondLimit\\",\\"DeliveryStreamName\\",\\"my-firehose-delivery-stream\\",{\\"label\\":\\"Incoming Bytes/s Limit\\",\\"visible\\":false,\\"id\\":\\"bytes_max\\"}],[{\\"label\\":\\"Records\\",\\"expression\\":\\"(records_in / PERIOD(records_in)) / records_max\\"}],[\\"AWS/Firehose\\",\\"IncomingRecords\\",\\"DeliveryStreamName\\",\\"my-firehose-delivery-stream\\",{\\"label\\":\\"Incoming (Records)\\",\\"stat\\":\\"Sum\\",\\"visible\\":false,\\"id\\":\\"records_in\\"}],[\\"AWS/Firehose\\",\\"RecordsPerSecondLimit\\",\\"DeliveryStreamName\\",\\"my-firehose-delivery-stream\\",{\\"label\\":\\"Records/s Limit\\",\\"visible\\":false,\\"id\\":\\"records_max\\"}],[{\\"label\\":\\"PutRequests\\",\\"expression\\":\\"(requests_in / PERIOD(requests_in)) / requests_max\\"}],[\\"AWS/Firehose\\",\\"IncomingPutRequests\\",\\"DeliveryStreamName\\",\\"my-firehose-delivery-stream\\",{\\"label\\":\\"Incoming (PutRequest)\\",\\"stat\\":\\"Sum\\",\\"visible\\":false,\\"id\\":\\"requests_in\\"}],[\\"AWS/Firehose\\",\\"PutRequestsPerSecondLimit\\",\\"DeliveryStreamName\\",\\"my-firehose-delivery-stream\\",{\\"label\\":\\"PutRequests/s Limit\\",\\"visible\\":false,\\"id\\":\\"requests_max\\"}]],\\"annotations\\":{\\"horizontal\\":[{\\"value\\":1,\\"label\\":\\"100% usage\\",\\"yAxis\\":\\"left\\"},{\\"label\\":\\"Incoming Bytes / Limit > 0.6 for 3 datapoints within 15 minutes\\",\\"value\\":0.6,\\"yAxis\\":\\"left\\"},{\\"label\\":\\"Incoming Records / Limit > 0.7 for 3 datapoints within 15 minutes\\",\\"value\\":0.7,\\"yAxis\\":\\"left\\"},{\\"label\\":\\"Incoming PutRequests / Limit > 0.8 for 3 datapoints within 15 minutes\\",\\"value\\":0.8,\\"yAxis\\":\\"left\\"}]},\\"yAxis\\":{\\"left\\":{\\"min\\":0,\\"label\\":\\"Rate\\",\\"showUnits\\":false}}}}]}",
            ],
          ],
        },
      },
      "Type": "AWS::CloudWatch::Dashboard",
    },
    "ScopeTestmyfirehosedeliverystreamIncomingBytesCritical6248CFCD": Object {
      "Properties": Object {
        "ActionsEnabled": true,
        "AlarmDescription": "IncomingBytes exceeded BytesPerSecondLimit alarming threshold of 0.6",
        "AlarmName": "Test-my-firehose-delivery-stream-IncomingBytes-Critical",
        "ComparisonOperator": "GreaterThanThreshold",
        "DatapointsToAlarm": 3,
        "EvaluationPeriods": 3,
        "Metrics": Array [
          Object {
            "Expression": "(bytes_in / PERIOD(bytes_in)) / bytes_max",
            "Id": "expr_1",
            "Label": "Incoming Bytes / Limit",
          },
          Object {
            "Id": "bytes_in",
            "Label": "Incoming (bytes)",
            "MetricStat": Object {
              "Metric": Object {
                "Dimensions": Array [
                  Object {
                    "Name": "DeliveryStreamName",
                    "Value": "my-firehose-delivery-stream",
                  },
                ],
                "MetricName": "IncomingBytes",
                "Namespace": "AWS/Firehose",
              },
              "Period": 300,
              "Stat": "Sum",
            },
            "ReturnData": false,
          },
          Object {
            "Id": "bytes_max",
            "Label": "Incoming Bytes/s Limit",
            "MetricStat": Object {
              "Metric": Object {
                "Dimensions": Array [
                  Object {
                    "Name": "DeliveryStreamName",
                    "Value": "my-firehose-delivery-stream",
                  },
                ],
                "MetricName": "BytesPerSecondLimit",
                "Namespace": "AWS/Firehose",
              },
              "Period": 300,
              "Stat": "Average",
            },
            "ReturnData": false,
          },
        ],
        "Threshold": 0.6,
        "TreatMissingData": "notBreaching",
      },
      "Type": "AWS::CloudWatch::Alarm",
    },
    "ScopeTestmyfirehosedeliverystreamIncomingPutRequestsCritical31DBB0F0": Object {
      "Properties": Object {
        "ActionsEnabled": true,
        "AlarmDescription": "IncomingPutRequests exceeded PutRequestsPerSecondLimit alarming threshold of 0.8",
        "AlarmName": "Test-my-firehose-delivery-stream-IncomingPutRequests-Critical",
        "ComparisonOperator": "GreaterThanThreshold",
        "DatapointsToAlarm": 3,
        "EvaluationPeriods": 3,
        "Metrics": Array [
          Object {
            "Expression": "(requests_in / PERIOD(requests_in)) / requests_max",
            "Id": "expr_1",
            "Label": "Incoming PutRequests / Limit",
          },
          Object {
            "Id": "requests_in",
            "Label": "Incoming (PutRequest)",
            "MetricStat": Object {
              "Metric": Object {
                "Dimensions": Array [
                  Object {
                    "Name": "DeliveryStreamName",
                    "Value": "my-firehose-delivery-stream",
                  },
                ],
                "MetricName": "IncomingPutRequests",
                "Namespace": "AWS/Firehose",
              },
              "Period": 300,
              "Stat": "Sum",
            },
            "ReturnData": false,
          },
          Object {
            "Id": "requests_max",
            "Label": "PutRequests/s Limit",
            "MetricStat": Object {
              "Metric": Object {
                "Dimensions": Array [
                  Object {
                    "Name": "DeliveryStreamName",
                    "Value": "my-firehose-delivery-stream",
                  },
                ],
                "MetricName": "PutRequestsPerSecondLimit",
                "Namespace": "AWS/Firehose",
              },
              "Period": 300,
              "Stat": "Average",
            },
            "ReturnData": false,
          },
        ],
        "Threshold": 0.8,
        "TreatMissingData": "notBreaching",
      },
      "Type": "AWS::CloudWatch::Alarm",
    },
    "ScopeTestmyfirehosedeliverystreamIncomingRecordsCritical8EFBC879": Object {
      "Properties": Object {
        "ActionsEnabled": true,
        "AlarmDescription": "IncomingRecords exceeded RecordsPerSecondLimit alarming threshold of 0.7",
        "AlarmName": "Test-my-firehose-delivery-stream-IncomingRecords-Critical",
        "ComparisonOperator": "GreaterThanThreshold",
        "DatapointsToAlarm": 3,
        "EvaluationPeriods": 3,
        "Metrics": Array [
          Object {
            "Expression": "(records_in / PERIOD(records_in)) / records_max",
            "Id": "expr_1",
            "Label": "Incoming Records / Limit",
          },
          Object {
            "Id": "records_in",
            "Label": "Incoming (Records)",
            "MetricStat": Object {
              "Metric": Object {
                "Dimensions": Array [
                  Object {
                    "Name": "DeliveryStreamName",
                    "Value": "my-firehose-delivery-stream",
                  },
                ],
                "MetricName": "IncomingRecords",
                "Namespace": "AWS/Firehose",
              },
              "Period": 300,
              "Stat": "Sum",
            },
            "ReturnData": false,
          },
          Object {
            "Id": "records_max",
            "Label": "Records/s Limit",
            "MetricStat": Object {
              "Metric": Object {
                "Dimensions": Array [
                  Object {
                    "Name": "DeliveryStreamName",
                    "Value": "my-firehose-delivery-stream",
                  },
                ],
                "MetricName": "RecordsPerSecondLimit",
                "Namespace": "AWS/Firehose",
              },
              "Period": 300,
              "Stat": "Average",
            },
            "ReturnData": false,
          },
        ],
        "Threshold": 0.7,
        "TreatMissingData": "notBreaching",
      },
      "Type": "AWS::CloudWatch::Alarm",
    },
    "ScopeTestmyfirehosedeliverystreamPutRecordsThrottledCritical95611854": Object {
      "Properties": Object {
        "ActionsEnabled": true,
        "AlarmDescription": "Number of throttled PutRecords exceeded threshold of 5",
        "AlarmName": "Test-my-firehose-delivery-stream-PutRecordsThrottled-Critical",
        "ComparisonOperator": "GreaterThanThreshold",
        "DatapointsToAlarm": 3,
        "EvaluationPeriods": 3,
        "Metrics": Array [
          Object {
            "Id": "m1",
            "Label": "Throttled",
            "MetricStat": Object {
              "Metric": Object {
                "Dimensions": Array [
                  Object {
                    "Name": "DeliveryStreamName",
                    "Value": "my-firehose-delivery-stream",
                  },
                ],
                "MetricName": "ThrottledRecords",
                "Namespace": "AWS/Firehose",
              },
              "Period": 300,
              "Stat": "Sum",
            },
            "ReturnData": true,
          },
        ],
        "Threshold": 5,
        "TreatMissingData": "notBreaching",
      },
      "Type": "AWS::CloudWatch::Alarm",
    },
    "Summary68521F81": Object {
      "Properties": Object {
        "DashboardBody": Object {
          "Fn::Join": Array [
            "",
            Array [
              "{\\"widgets\\":[{\\"type\\":\\"text\\",\\"width\\":24,\\"height\\":1,\\"x\\":0,\\"y\\":0,\\"properties\\":{\\"markdown\\":\\"### Firehose Delivery Stream **[my-firehose-delivery-stream](https://eu-west-1.console.aws.amazon.com/firehose/home?region=eu-west-1#/details/my-firehose-delivery-stream/monitoring)**\\"}},{\\"type\\":\\"metric\\",\\"width\\":12,\\"height\\":6,\\"x\\":0,\\"y\\":1,\\"properties\\":{\\"view\\":\\"timeSeries\\",\\"title\\":\\"Records\\",\\"region\\":\\"",
              Object {
                "Ref": "AWS::Region",
              },
              "\\",\\"metrics\\":[[\\"AWS/Firehose\\",\\"IncomingRecords\\",\\"DeliveryStreamName\\",\\"my-firehose-delivery-stream\\",{\\"label\\":\\"Incoming (Records)\\",\\"stat\\":\\"Sum\\"}],[\\"AWS/Firehose\\",\\"ThrottledRecords\\",\\"DeliveryStreamName\\",\\"my-firehose-delivery-stream\\",{\\"label\\":\\"Throttled\\",\\"stat\\":\\"Sum\\"}]],\\"annotations\\":{\\"horizontal\\":[{\\"label\\":\\"Throttled > 5 for 3 datapoints within 15 minutes\\",\\"value\\":5,\\"yAxis\\":\\"left\\"}]},\\"yAxis\\":{\\"left\\":{\\"min\\":0,\\"label\\":\\"Count\\",\\"showUnits\\":false}}}},{\\"type\\":\\"metric\\",\\"width\\":12,\\"height\\":6,\\"x\\":12,\\"y\\":1,\\"properties\\":{\\"view\\":\\"timeSeries\\",\\"title\\":\\"Conversions\\",\\"region\\":\\"",
              Object {
                "Ref": "AWS::Region",
              },
              "\\",\\"metrics\\":[[\\"AWS/Firehose\\",\\"SucceedConversion.Records\\",\\"DeliveryStreamName\\",\\"my-firehose-delivery-stream\\",{\\"label\\":\\"Succeed\\",\\"stat\\":\\"Sum\\"}],[\\"AWS/Firehose\\",\\"FailedConversion.Records\\",\\"DeliveryStreamName\\",\\"my-firehose-delivery-stream\\",{\\"label\\":\\"Failed\\",\\"stat\\":\\"Sum\\"}]],\\"yAxis\\":{\\"left\\":{\\"min\\":0,\\"label\\":\\"Count\\",\\"showUnits\\":false}}}}]}",
            ],
          ],
        },
      },
      "Type": "AWS::CloudWatch::Dashboard",
    },
  },
  "Rules": Object {
    "CheckBootstrapVersion": Object {
      "Assertions": Array [
        Object {
          "Assert": Object {
            "Fn::Not": Array [
              Object {
                "Fn::Contains": Array [
                  Array [
                    "1",
                    "2",
                    "3",
                    "4",
                    "5",
                  ],
                  Object {
                    "Ref": "BootstrapVersion",
                  },
                ],
              },
            ],
          },
          "AssertDescription": "CDK bootstrap stack version 6 required. Please run 'cdk bootstrap' with a recent version of the CDK CLI.",
        },
      ],
    },
  },
}
`;

exports[`snapshot test: no alarms 1`] = `
Object {
  "Parameters": Object {
    "BootstrapVersion": Object {
      "Default": "/cdk-bootstrap/hnb659fds/version",
      "Description": "Version of the CDK Bootstrap resources in this environment, automatically retrieved from SSM Parameter Store. [cdk:skip]",
      "Type": "AWS::SSM::Parameter::Value<String>",
    },
  },
  "Resources": Object {
    "Alarm7103F465": Object {
      "Properties": Object {
        "DashboardBody": "{\\"widgets\\":[]}",
      },
      "Type": "AWS::CloudWatch::Dashboard",
    },
    "Resource": Object {
      "Properties": Object {
        "DashboardBody": Object {
          "Fn::Join": Array [
            "",
            Array [
              "{\\"widgets\\":[{\\"type\\":\\"text\\",\\"width\\":24,\\"height\\":1,\\"x\\":0,\\"y\\":0,\\"properties\\":{\\"markdown\\":\\"### Firehose Delivery Stream **[my-firehose-delivery-stream](https://eu-west-1.console.aws.amazon.com/firehose/home?region=eu-west-1#/details/my-firehose-delivery-stream/monitoring)**\\"}},{\\"type\\":\\"metric\\",\\"width\\":6,\\"height\\":5,\\"x\\":0,\\"y\\":1,\\"properties\\":{\\"view\\":\\"timeSeries\\",\\"title\\":\\"Records\\",\\"region\\":\\"",
              Object {
                "Ref": "AWS::Region",
              },
              "\\",\\"metrics\\":[[\\"AWS/Firehose\\",\\"IncomingRecords\\",\\"DeliveryStreamName\\",\\"my-firehose-delivery-stream\\",{\\"label\\":\\"Incoming (Records)\\",\\"stat\\":\\"Sum\\"}],[\\"AWS/Firehose\\",\\"ThrottledRecords\\",\\"DeliveryStreamName\\",\\"my-firehose-delivery-stream\\",{\\"label\\":\\"Throttled\\",\\"stat\\":\\"Sum\\"}]],\\"yAxis\\":{\\"left\\":{\\"min\\":0,\\"label\\":\\"Count\\",\\"showUnits\\":false}}}},{\\"type\\":\\"metric\\",\\"width\\":6,\\"height\\":5,\\"x\\":6,\\"y\\":1,\\"properties\\":{\\"view\\":\\"timeSeries\\",\\"title\\":\\"Latency (P90)\\",\\"region\\":\\"",
              Object {
                "Ref": "AWS::Region",
              },
              "\\",\\"metrics\\":[[\\"AWS/Firehose\\",\\"PutRecord.Latency\\",\\"DeliveryStreamName\\",\\"my-firehose-delivery-stream\\",{\\"label\\":\\"PutRecord P90\\",\\"stat\\":\\"p90\\"}],[\\"AWS/Firehose\\",\\"PutRecordBatch.Latency\\",\\"DeliveryStreamName\\",\\"my-firehose-delivery-stream\\",{\\"label\\":\\"PutRecordBatch P90\\",\\"stat\\":\\"p90\\"}]],\\"yAxis\\":{\\"left\\":{\\"min\\":0,\\"label\\":\\"ms\\",\\"showUnits\\":false}}}},{\\"type\\":\\"metric\\",\\"width\\":6,\\"height\\":5,\\"x\\":12,\\"y\\":1,\\"properties\\":{\\"view\\":\\"timeSeries\\",\\"title\\":\\"Conversions\\",\\"region\\":\\"",
              Object {
                "Ref": "AWS::Region",
              },
              "\\",\\"metrics\\":[[\\"AWS/Firehose\\",\\"SucceedConversion.Records\\",\\"DeliveryStreamName\\",\\"my-firehose-delivery-stream\\",{\\"label\\":\\"Succeed\\",\\"stat\\":\\"Sum\\"}],[\\"AWS/Firehose\\",\\"FailedConversion.Records\\",\\"DeliveryStreamName\\",\\"my-firehose-delivery-stream\\",{\\"label\\":\\"Failed\\",\\"stat\\":\\"Sum\\"}]],\\"yAxis\\":{\\"left\\":{\\"min\\":0,\\"label\\":\\"Count\\",\\"showUnits\\":false}}}},{\\"type\\":\\"metric\\",\\"width\\":6,\\"height\\":5,\\"x\\":18,\\"y\\":1,\\"properties\\":{\\"view\\":\\"timeSeries\\",\\"title\\":\\"Limits (rate)\\",\\"region\\":\\"",
              Object {
                "Ref": "AWS::Region",
              },
              "\\",\\"metrics\\":[[{\\"label\\":\\"Bytes\\",\\"expression\\":\\"(bytes_in / PERIOD(bytes_in)) / bytes_max\\"}],[\\"AWS/Firehose\\",\\"IncomingBytes\\",\\"DeliveryStreamName\\",\\"my-firehose-delivery-stream\\",{\\"label\\":\\"Incoming (bytes)\\",\\"stat\\":\\"Sum\\",\\"visible\\":false,\\"id\\":\\"bytes_in\\"}],[\\"AWS/Firehose\\",\\"BytesPerSecondLimit\\",\\"DeliveryStreamName\\",\\"my-firehose-delivery-stream\\",{\\"label\\":\\"Incoming Bytes/s Limit\\",\\"visible\\":false,\\"id\\":\\"bytes_max\\"}],[{\\"label\\":\\"Records\\",\\"expression\\":\\"(records_in / PERIOD(records_in)) / records_max\\"}],[\\"AWS/Firehose\\",\\"IncomingRecords\\",\\"DeliveryStreamName\\",\\"my-firehose-delivery-stream\\",{\\"label\\":\\"Incoming (Records)\\",\\"stat\\":\\"Sum\\",\\"visible\\":false,\\"id\\":\\"records_in\\"}],[\\"AWS/Firehose\\",\\"RecordsPerSecondLimit\\",\\"DeliveryStreamName\\",\\"my-firehose-delivery-stream\\",{\\"label\\":\\"Records/s Limit\\",\\"visible\\":false,\\"id\\":\\"records_max\\"}],[{\\"label\\":\\"PutRequests\\",\\"expression\\":\\"(requests_in / PERIOD(requests_in)) / requests_max\\"}],[\\"AWS/Firehose\\",\\"IncomingPutRequests\\",\\"DeliveryStreamName\\",\\"my-firehose-delivery-stream\\",{\\"label\\":\\"Incoming (PutRequest)\\",\\"stat\\":\\"Sum\\",\\"visible\\":false,\\"id\\":\\"requests_in\\"}],[\\"AWS/Firehose\\",\\"PutRequestsPerSecondLimit\\",\\"DeliveryStreamName\\",\\"my-firehose-delivery-stream\\",{\\"label\\":\\"PutRequests/s Limit\\",\\"visible\\":false,\\"id\\":\\"requests_max\\"}]],\\"annotations\\":{\\"horizontal\\":[{\\"value\\":1,\\"label\\":\\"100% usage\\",\\"yAxis\\":\\"left\\"}]},\\"yAxis\\":{\\"left\\":{\\"min\\":0,\\"label\\":\\"Rate\\",\\"showUnits\\":false}}}}]}",
            ],
          ],
        },
      },
      "Type": "AWS::CloudWatch::Dashboard",
    },
    "Summary68521F81": Object {
      "Properties": Object {
        "DashboardBody": Object {
          "Fn::Join": Array [
            "",
            Array [
              "{\\"widgets\\":[{\\"type\\":\\"text\\",\\"width\\":24,\\"height\\":1,\\"x\\":0,\\"y\\":0,\\"properties\\":{\\"markdown\\":\\"### Firehose Delivery Stream **[my-firehose-delivery-stream](https://eu-west-1.console.aws.amazon.com/firehose/home?region=eu-west-1#/details/my-firehose-delivery-stream/monitoring)**\\"}},{\\"type\\":\\"metric\\",\\"width\\":12,\\"height\\":6,\\"x\\":0,\\"y\\":1,\\"properties\\":{\\"view\\":\\"timeSeries\\",\\"title\\":\\"Records\\",\\"region\\":\\"",
              Object {
                "Ref": "AWS::Region",
              },
              "\\",\\"metrics\\":[[\\"AWS/Firehose\\",\\"IncomingRecords\\",\\"DeliveryStreamName\\",\\"my-firehose-delivery-stream\\",{\\"label\\":\\"Incoming (Records)\\",\\"stat\\":\\"Sum\\"}],[\\"AWS/Firehose\\",\\"ThrottledRecords\\",\\"DeliveryStreamName\\",\\"my-firehose-delivery-stream\\",{\\"label\\":\\"Throttled\\",\\"stat\\":\\"Sum\\"}]],\\"yAxis\\":{\\"left\\":{\\"min\\":0,\\"label\\":\\"Count\\",\\"showUnits\\":false}}}},{\\"type\\":\\"metric\\",\\"width\\":12,\\"height\\":6,\\"x\\":12,\\"y\\":1,\\"properties\\":{\\"view\\":\\"timeSeries\\",\\"title\\":\\"Conversions\\",\\"region\\":\\"",
              Object {
                "Ref": "AWS::Region",
              },
              "\\",\\"metrics\\":[[\\"AWS/Firehose\\",\\"SucceedConversion.Records\\",\\"DeliveryStreamName\\",\\"my-firehose-delivery-stream\\",{\\"label\\":\\"Succeed\\",\\"stat\\":\\"Sum\\"}],[\\"AWS/Firehose\\",\\"FailedConversion.Records\\",\\"DeliveryStreamName\\",\\"my-firehose-delivery-stream\\",{\\"label\\":\\"Failed\\",\\"stat\\":\\"Sum\\"}]],\\"yAxis\\":{\\"left\\":{\\"min\\":0,\\"label\\":\\"Count\\",\\"showUnits\\":false}}}}]}",
            ],
          ],
        },
      },
      "Type": "AWS::CloudWatch::Dashboard",
    },
  },
  "Rules": Object {
    "CheckBootstrapVersion": Object {
      "Assertions": Array [
        Object {
          "Assert": Object {
            "Fn::Not": Array [
              Object {
                "Fn::Contains": Array [
                  Array [
                    "1",
                    "2",
                    "3",
                    "4",
                    "5",
                  ],
                  Object {
                    "Ref": "BootstrapVersion",
                  },
                ],
              },
            ],
          },
          "AssertDescription": "CDK bootstrap stack version 6 required. Please run 'cdk bootstrap' with a recent version of the CDK CLI.",
        },
      ],
    },
  },
}
`;
