// Jest Snapshot v1, https://goo.gl/fbAQLP

exports[`snapshot test: all alarms 1`] = `
Object {
  "Resources": Object {
    "ScopeTestDummyApiErrorCountWarning11BE36AF": Object {
      "Properties": Object {
        "ActionsEnabled": true,
        "AlarmDescription": "Error count is too high.",
        "AlarmName": "Test-DummyApi-Error-Count-Warning",
        "ComparisonOperator": "GreaterThanThreshold",
        "DatapointsToAlarm": 10,
        "EvaluationPeriods": 10,
        "Metrics": Array [
          Object {
            "Id": "m1",
            "Label": "4xx",
            "MetricStat": Object {
              "Metric": Object {
                "Dimensions": Array [
                  Object {
                    "Name": "ApiId",
                    "Value": Object {
                      "Ref": "testHttpApiC57B300F",
                    },
                  },
                  Object {
                    "Name": "Stage",
                    "Value": "$default",
                  },
                ],
                "MetricName": "4xx",
                "Namespace": "AWS/ApiGateway",
              },
              "Period": 300,
              "Stat": "Sum",
            },
            "ReturnData": true,
          },
        ],
        "Threshold": 0.02,
        "TreatMissingData": "notBreaching",
      },
      "Type": "AWS::CloudWatch::Alarm",
    },
    "ScopeTestDummyApiErrorRateWarningD181D1C6": Object {
      "Properties": Object {
        "ActionsEnabled": true,
        "AlarmDescription": "Error rate is too high.",
        "AlarmName": "Test-DummyApi-Error-Rate-Warning",
        "ComparisonOperator": "GreaterThanThreshold",
        "DatapointsToAlarm": 20,
        "EvaluationPeriods": 20,
        "Metrics": Array [
          Object {
            "Id": "m1",
            "Label": "4xx (avg)",
            "MetricStat": Object {
              "Metric": Object {
                "Dimensions": Array [
                  Object {
                    "Name": "ApiId",
                    "Value": Object {
                      "Ref": "testHttpApiC57B300F",
                    },
                  },
                  Object {
                    "Name": "Stage",
                    "Value": "$default",
                  },
                ],
                "MetricName": "4xx",
                "Namespace": "AWS/ApiGateway",
              },
              "Period": 300,
              "Stat": "Average",
            },
            "ReturnData": true,
          },
        ],
        "Threshold": 0.01,
        "TreatMissingData": "notBreaching",
      },
      "Type": "AWS::CloudWatch::Alarm",
    },
    "ScopeTestDummyApiFaultCountWarning6270BEC0": Object {
      "Properties": Object {
        "ActionsEnabled": true,
        "AlarmDescription": "Fault count is too high.",
        "AlarmName": "Test-DummyApi-Fault-Count-Warning",
        "ComparisonOperator": "GreaterThanThreshold",
        "DatapointsToAlarm": 11,
        "EvaluationPeriods": 11,
        "Metrics": Array [
          Object {
            "Id": "m1",
            "Label": "5xx",
            "MetricStat": Object {
              "Metric": Object {
                "Dimensions": Array [
                  Object {
                    "Name": "ApiId",
                    "Value": Object {
                      "Ref": "testHttpApiC57B300F",
                    },
                  },
                  Object {
                    "Name": "Stage",
                    "Value": "$default",
                  },
                ],
                "MetricName": "5xx",
                "Namespace": "AWS/ApiGateway",
              },
              "Period": 300,
              "Stat": "Sum",
            },
            "ReturnData": true,
          },
        ],
        "Threshold": 2,
        "TreatMissingData": "notBreaching",
      },
      "Type": "AWS::CloudWatch::Alarm",
    },
    "ScopeTestDummyApiFaultRateWarning63CFB7F0": Object {
      "Properties": Object {
        "ActionsEnabled": true,
        "AlarmDescription": "Fault rate is too high.",
        "AlarmName": "Test-DummyApi-Fault-Rate-Warning",
        "ComparisonOperator": "GreaterThanThreshold",
        "DatapointsToAlarm": 22,
        "EvaluationPeriods": 22,
        "Metrics": Array [
          Object {
            "Id": "m1",
            "Label": "5xx (avg)",
            "MetricStat": Object {
              "Metric": Object {
                "Dimensions": Array [
                  Object {
                    "Name": "ApiId",
                    "Value": Object {
                      "Ref": "testHttpApiC57B300F",
                    },
                  },
                  Object {
                    "Name": "Stage",
                    "Value": "$default",
                  },
                ],
                "MetricName": "5xx",
                "Namespace": "AWS/ApiGateway",
              },
              "Period": 300,
              "Stat": "Average",
            },
            "ReturnData": true,
          },
        ],
        "Threshold": 1,
        "TreatMissingData": "notBreaching",
      },
      "Type": "AWS::CloudWatch::Alarm",
    },
    "ScopeTestDummyApiLatencyP50Critical4E10CCCB": Object {
      "Properties": Object {
        "ActionsEnabled": true,
        "AlarmDescription": "P50 latency is too high.",
        "AlarmName": "Test-DummyApi-Latency-P50-Critical",
        "ComparisonOperator": "GreaterThanThreshold",
        "DatapointsToAlarm": 11,
        "EvaluationPeriods": 11,
        "Metrics": Array [
          Object {
            "Id": "m1",
            "Label": "P50 Integration Latency",
            "MetricStat": Object {
              "Metric": Object {
                "Dimensions": Array [
                  Object {
                    "Name": "ApiId",
                    "Value": Object {
                      "Ref": "testHttpApiC57B300F",
                    },
                  },
                  Object {
                    "Name": "Stage",
                    "Value": "$default",
                  },
                ],
                "MetricName": "IntegrationLatency",
                "Namespace": "AWS/ApiGateway",
              },
              "Period": 300,
              "Stat": "p50",
            },
            "ReturnData": true,
          },
        ],
        "Threshold": 110,
        "TreatMissingData": "notBreaching",
      },
      "Type": "AWS::CloudWatch::Alarm",
    },
    "ScopeTestDummyApiLatencyP50Warning7EEB3E57": Object {
      "Properties": Object {
        "ActionsEnabled": true,
        "AlarmDescription": "P50 latency is too high.",
        "AlarmName": "Test-DummyApi-Latency-P50-Warning",
        "ComparisonOperator": "GreaterThanThreshold",
        "DatapointsToAlarm": 11,
        "EvaluationPeriods": 11,
        "Metrics": Array [
          Object {
            "Id": "m1",
            "Label": "P50 Latency",
            "MetricStat": Object {
              "Metric": Object {
                "Dimensions": Array [
                  Object {
                    "Name": "ApiId",
                    "Value": Object {
                      "Ref": "testHttpApiC57B300F",
                    },
                  },
                  Object {
                    "Name": "Stage",
                    "Value": "$default",
                  },
                ],
                "MetricName": "Latency",
                "Namespace": "AWS/ApiGateway",
              },
              "Period": 300,
              "Stat": "p50",
            },
            "ReturnData": true,
          },
        ],
        "Threshold": 110,
        "TreatMissingData": "notBreaching",
      },
      "Type": "AWS::CloudWatch::Alarm",
    },
    "ScopeTestDummyApiLatencyP90Critical72F6910F": Object {
      "Properties": Object {
        "ActionsEnabled": true,
        "AlarmDescription": "P90 latency is too high.",
        "AlarmName": "Test-DummyApi-Latency-P90-Critical",
        "ComparisonOperator": "GreaterThanThreshold",
        "DatapointsToAlarm": 22,
        "EvaluationPeriods": 22,
        "Metrics": Array [
          Object {
            "Id": "m1",
            "Label": "P90 Integration Latency",
            "MetricStat": Object {
              "Metric": Object {
                "Dimensions": Array [
                  Object {
                    "Name": "ApiId",
                    "Value": Object {
                      "Ref": "testHttpApiC57B300F",
                    },
                  },
                  Object {
                    "Name": "Stage",
                    "Value": "$default",
                  },
                ],
                "MetricName": "IntegrationLatency",
                "Namespace": "AWS/ApiGateway",
              },
              "Period": 300,
              "Stat": "p90",
            },
            "ReturnData": true,
          },
        ],
        "Threshold": 220,
        "TreatMissingData": "notBreaching",
      },
      "Type": "AWS::CloudWatch::Alarm",
    },
    "ScopeTestDummyApiLatencyP90Warning48639A66": Object {
      "Properties": Object {
        "ActionsEnabled": true,
        "AlarmDescription": "P90 latency is too high.",
        "AlarmName": "Test-DummyApi-Latency-P90-Warning",
        "ComparisonOperator": "GreaterThanThreshold",
        "DatapointsToAlarm": 22,
        "EvaluationPeriods": 22,
        "Metrics": Array [
          Object {
            "Id": "m1",
            "Label": "P90 Latency",
            "MetricStat": Object {
              "Metric": Object {
                "Dimensions": Array [
                  Object {
                    "Name": "ApiId",
                    "Value": Object {
                      "Ref": "testHttpApiC57B300F",
                    },
                  },
                  Object {
                    "Name": "Stage",
                    "Value": "$default",
                  },
                ],
                "MetricName": "Latency",
                "Namespace": "AWS/ApiGateway",
              },
              "Period": 300,
              "Stat": "p90",
            },
            "ReturnData": true,
          },
        ],
        "Threshold": 220,
        "TreatMissingData": "notBreaching",
      },
      "Type": "AWS::CloudWatch::Alarm",
    },
    "ScopeTestDummyApiLatencyP99Critical6A9D549F": Object {
      "Properties": Object {
        "ActionsEnabled": true,
        "AlarmDescription": "P99 latency is too high.",
        "AlarmName": "Test-DummyApi-Latency-P99-Critical",
        "ComparisonOperator": "GreaterThanThreshold",
        "DatapointsToAlarm": 33,
        "EvaluationPeriods": 33,
        "Metrics": Array [
          Object {
            "Id": "m1",
            "Label": "P99 Integration Latency",
            "MetricStat": Object {
              "Metric": Object {
                "Dimensions": Array [
                  Object {
                    "Name": "ApiId",
                    "Value": Object {
                      "Ref": "testHttpApiC57B300F",
                    },
                  },
                  Object {
                    "Name": "Stage",
                    "Value": "$default",
                  },
                ],
                "MetricName": "IntegrationLatency",
                "Namespace": "AWS/ApiGateway",
              },
              "Period": 300,
              "Stat": "p99",
            },
            "ReturnData": true,
          },
        ],
        "Threshold": 330,
        "TreatMissingData": "notBreaching",
      },
      "Type": "AWS::CloudWatch::Alarm",
    },
    "ScopeTestDummyApiLatencyP99Warning254DA12C": Object {
      "Properties": Object {
        "ActionsEnabled": true,
        "AlarmDescription": "P99 latency is too high.",
        "AlarmName": "Test-DummyApi-Latency-P99-Warning",
        "ComparisonOperator": "GreaterThanThreshold",
        "DatapointsToAlarm": 33,
        "EvaluationPeriods": 33,
        "Metrics": Array [
          Object {
            "Id": "m1",
            "Label": "P99 Latency",
            "MetricStat": Object {
              "Metric": Object {
                "Dimensions": Array [
                  Object {
                    "Name": "ApiId",
                    "Value": Object {
                      "Ref": "testHttpApiC57B300F",
                    },
                  },
                  Object {
                    "Name": "Stage",
                    "Value": "$default",
                  },
                ],
                "MetricName": "Latency",
                "Namespace": "AWS/ApiGateway",
              },
              "Period": 300,
              "Stat": "p99",
            },
            "ReturnData": true,
          },
        ],
        "Threshold": 330,
        "TreatMissingData": "notBreaching",
      },
      "Type": "AWS::CloudWatch::Alarm",
    },
    "ScopeTestDummyApiMaxTPSWarning62732F2B": Object {
      "Properties": Object {
        "ActionsEnabled": true,
        "AlarmDescription": "TPS is too high.",
        "AlarmName": "Test-DummyApi-MaxTPS-Warning",
        "ComparisonOperator": "GreaterThanThreshold",
        "DatapointsToAlarm": 3,
        "EvaluationPeriods": 3,
        "Metrics": Array [
          Object {
            "Expression": "requests / PERIOD(requests)",
            "Id": "expr_1",
            "Label": "TPS",
          },
          Object {
            "Id": "requests",
            "Label": "Invocations",
            "MetricStat": Object {
              "Metric": Object {
                "Dimensions": Array [
                  Object {
                    "Name": "ApiId",
                    "Value": Object {
                      "Ref": "testHttpApiC57B300F",
                    },
                  },
                  Object {
                    "Name": "Stage",
                    "Value": "$default",
                  },
                ],
                "MetricName": "Count",
                "Namespace": "AWS/ApiGateway",
              },
              "Period": 300,
              "Stat": "Sum",
            },
            "ReturnData": false,
          },
        ],
        "Threshold": 10,
        "TreatMissingData": "missing",
      },
      "Type": "AWS::CloudWatch::Alarm",
    },
    "ScopeTestDummyApiMinTPSWarning4E8DB4D0": Object {
      "Properties": Object {
        "ActionsEnabled": true,
        "AlarmDescription": "TPS is too low.",
        "AlarmName": "Test-DummyApi-MinTPS-Warning",
        "ComparisonOperator": "LessThanThreshold",
        "DatapointsToAlarm": 3,
        "EvaluationPeriods": 3,
        "Metrics": Array [
          Object {
            "Expression": "requests / PERIOD(requests)",
            "Id": "expr_1",
            "Label": "TPS",
          },
          Object {
            "Id": "requests",
            "Label": "Invocations",
            "MetricStat": Object {
              "Metric": Object {
                "Dimensions": Array [
                  Object {
                    "Name": "ApiId",
                    "Value": Object {
                      "Ref": "testHttpApiC57B300F",
                    },
                  },
                  Object {
                    "Name": "Stage",
                    "Value": "$default",
                  },
                ],
                "MetricName": "Count",
                "Namespace": "AWS/ApiGateway",
              },
              "Period": 300,
              "Stat": "Sum",
            },
            "ReturnData": false,
          },
        ],
        "Threshold": 1,
        "TreatMissingData": "missing",
      },
      "Type": "AWS::CloudWatch::Alarm",
    },
    "testHttpApiC57B300F": Object {
      "Properties": Object {
        "Name": "testHttpApi",
        "ProtocolType": "HTTP",
      },
      "Type": "AWS::ApiGatewayV2::Api",
    },
    "testHttpApiDefaultStageBA851B68": Object {
      "Properties": Object {
        "ApiId": Object {
          "Ref": "testHttpApiC57B300F",
        },
        "AutoDeploy": true,
        "StageName": "$default",
      },
      "Type": "AWS::ApiGatewayV2::Stage",
    },
  },
}
`;

exports[`snapshot test: no alarms 1`] = `
Object {
  "Resources": Object {
    "testHttpApiC57B300F": Object {
      "Properties": Object {
        "Name": "testHttpApi",
        "ProtocolType": "HTTP",
      },
      "Type": "AWS::ApiGatewayV2::Api",
    },
    "testHttpApiDefaultStageBA851B68": Object {
      "Properties": Object {
        "ApiId": Object {
          "Ref": "testHttpApiC57B300F",
        },
        "AutoDeploy": true,
        "StageName": "$default",
      },
      "Type": "AWS::ApiGatewayV2::Stage",
    },
  },
}
`;
